5994
0
VQGw 1 8
1
null VQGw 9454 7
2022 11 1 0 13
0
ozLt 1 3
1
null ozLt 5444 2
2022 11 1 0 49
0
SYaY 1 5
1
null SYaY 4639 3
2022 11 1 1 6
0
fRMd 1 1
1
null fRMd 9710 4
2022 11 1 1 41
0
EBTY 1 8
1
null EBTY 3097 1
2022 11 1 2 18
0
ORWJ 1 8
1
null ORWJ 4903 1
2022 11 1 2 41
0
lFdm 0 1
1
null lFdm 3536 5
2022 11 1 3 3
0
ZufS 1 8
1
null ZufS 9672 6
2022 11 1 3 37
0
LMBP 0 7
1
null LMBP 1907 0
2022 11 1 3 48
0
fJjG 1 8
1
null fJjG 6395 3
2022 11 1 4 5
0
OPaw 0 5
1
null OPaw 3350 5
2022 11 1 4 25
0
svDW 0 8
1
null svDW 7764 0
2022 11 1 4 52
0
amDq 0 5
1
null amDq 9825 8
2022 11 1 5 16
0
vJVR 1 4
1
null vJVR 9989 0
2022 11 1 5 50
0
xnkt 1 0
1
null xnkt 3612 5
2022 11 1 6 19
0
htAT 1 4
1
null htAT 2360 4
2022 11 1 6 32
0
Kzfp 0 5
1
null Kzfp 3847 6
2022 11 1 6 42
0
luWg 1 5
1
null luWg 3490 3
2022 11 1 6 53
0
rxVd 0 4
1
null rxVd 3723 4
2022 11 1 7 13
0
UyFZ 0 3
1
null UyFZ 1839 7
2022 11 1 7 34
0
FzUQ 0 6
1
null FzUQ 7568 7
2022 11 1 7 51
0
mFbX 1 4
1
null mFbX 3772 8
2022 11 1 8 25
0
DtJO 0 7
1
null DtJO 8173 5
2022 11 1 8 52
0
gBdY 0 7
1
null gBdY 738 2
2022 11 1 9 11
0
iCDo 0 3
1
null iCDo 5771 4
2022 11 1 9 27
0
WuGU 0 4
1
null WuGU 4303 4
2022 11 1 9 37
0
NDtd 1 0
1
null NDtd 2695 2
2022 11 1 10 6
0
PxGq 1 6
1
null PxGq 4374 4
2022 11 1 10 22
0
FERh 0 3
1
null FERh 5304 2
2022 11 1 10 45
0
NmpA 1 3
1
null NmpA 7740 6
2022 11 1 11 8
0
OtIO 1 7
1
null OtIO 2547 3
2022 11 1 11 19
0
Wgyh 1 2
1
null Wgyh 3527 3
2022 11 1 11 29
0
cNGV 0 2
1
null cNGV 5521 3
2022 11 1 11 58
0
AdHJ 0 8
1
null AdHJ 5948 4
2022 11 1 12 13
0
FFea 0 6
1
null FFea 4508 4
2022 11 1 12 46
0
Blhh 1 7
1
null Blhh 3524 7
2022 11 1 13 21
0
MYwM 0 5
1
null MYwM 2748 7
2022 11 1 13 41
0
Ploq 0 2
1
null Ploq 7241 5
2022 11 1 14 3
0
mKku 1 4
1
null mKku 1934 0
2022 11 1 14 15
0
LvBP 0 7
1
null LvBP 5388 0
2022 11 1 14 53
0
TADb 0 8
1
null TADb 720 5
2022 11 1 15 7
0
bfaX 0 0
1
null bfaX 9833 3
2022 11 1 15 22
0
lBnG 1 3
1
null lBnG 1710 6
2022 11 1 15 39
0
AORH 1 3
1
null AORH 5561 6
2022 11 1 15 58
0
vohr 1 5
1
null vohr 3446 0
2022 11 1 16 22
0
VsjB 1 5
1
null VsjB 7052 7
2022 11 1 17 1
0
CEgF 1 2
1
null CEgF 5797 0
2022 11 1 17 11
0
YxlA 0 3
1
null YxlA 2956 0
2022 11 1 17 47
0
AbFv 0 8
1
null AbFv 6258 3
2022 11 1 18 10
0
AUWo 0 6
1
null AUWo 5783 3
2022 11 1 18 45
0
XjVB 0 7
1
null XjVB 5395 7
2022 11 1 18 59
0
wyAD 1 7
1
null wyAD 4793 8
2022 11 1 19 31
0
LYda 1 4
1
null LYda 9442 3
2022 11 1 19 45
0
ZkFQ 1 6
1
null ZkFQ 4833 5
2022 11 1 20 21
0
ynAb 0 5
1
null ynAb 3490 7
2022 11 1 20 54
0
dyLx 0 1
1
null dyLx 7571 3
2022 11 1 21 25
0
HpSc 1 2
1
null HpSc 3575 4
2022 11 1 21 44
0
pdhL 1 4
1
null pdhL 7053 6
2022 11 1 22 7
0
PUdc 1 6
1
null PUdc 9416 3
2022 11 1 22 19
0
pzpe 1 2
1
null pzpe 713 0
2022 11 1 22 52
0
VwgV 1 5
1
null VwgV 1379 3
2022 11 1 23 9
0
Alen 1 3
1
null Alen 7880 5
2022 11 1 23 30
0
iUVX 0 5
1
null iUVX 7730 4
2022 11 1 23 59
0
OlZY 1 0
1
null OlZY 642 5
2022 11 2 0 28
0
cjrb 1 2
1
null cjrb 5346 1
2022 11 2 0 52
0
axzk 0 2
1
null axzk 5445 4
2022 11 2 1 16
0
yTmu 1 0
1
null yTmu 8126 7
2022 11 2 1 27
0
Sico 1 4
1
null Sico 9447 4
2022 11 2 1 53
0
LAwg 1 8
1
null LAwg 7099 4
2022 11 2 2 21
0
CylE 1 2
1
null CylE 2374 6
2022 11 2 2 58
0
LOek 0 2
1
null LOek 4551 2
2022 11 2 3 30
0
FLmk 1 4
1
null FLmk 6112 4
2022 11 2 4 1
0
bIlu 0 4
1
null bIlu 1017 8
2022 11 2 4 35
0
MeYO 1 6
1
null MeYO 7805 0
2022 11 2 4 57
0
hmVN 0 5
1
null hmVN 3782 4
2022 11 2 5 13
0
bMMu 0 8
1
null bMMu 8097 3
2022 11 2 5 51
0
NRsQ 0 2
1
null NRsQ 581 3
2022 11 2 6 27
0
ETOh 0 6
1
null ETOh 8020 6
2022 11 2 6 52
0
aRay 0 2
1
null aRay 5016 3
2022 11 2 7 5
0
ZnSt 1 4
1
null ZnSt 3813 8
2022 11 2 7 41
0
lAHQ 1 3
1
null lAHQ 695 7
2022 11 2 8 19
0
xTFS 0 8
1
null xTFS 2937 7
2022 11 2 8 45
0
VrFg 0 8
1
null VrFg 7003 5
2022 11 2 9 3
0
GAnC 0 3
1
null GAnC 2746 3
2022 11 2 9 43
0
txDQ 1 8
1
null txDQ 2029 8
2022 11 2 10 17
0
wdxF 1 2
1
null wdxF 9949 0
2022 11 2 10 51
0
MwPZ 0 7
1
null MwPZ 3517 2
2022 11 2 11 28
0
jwBp 1 6
1
null jwBp 4558 1
2022 11 2 11 51
0
eeSq 1 5
1
null eeSq 5579 8
2022 11 2 12 12
0
oMmF 1 0
1
null oMmF 6669 4
2022 11 2 12 29
0
YYoa 0 4
1
null YYoa 7879 5
2022 11 2 13 0
0
kIUv 1 2
1
null kIUv 1578 1
2022 11 2 13 12
0
tKTC 0 5
1
null tKTC 1141 2
2022 11 2 13 43
0
HSDL 0 3
1
null HSDL 3250 0
2022 11 2 14 6
0
VJXW 0 8
1
null VJXW 3222 8
2022 11 2 14 35
0
PWvo 1 4
1
null PWvo 3598 5
2022 11 2 14 58
0
NgZa 0 1
1
null NgZa 2409 8
2022 11 2 15 14
0
oVbr 1 8
1
null oVbr 774 2
2022 11 2 15 39
0
TxcM 1 7
1
null TxcM 410 7
2022 11 2 15 49
0
rAiD 1 0
1
null rAiD 7869 2
2022 11 2 16 8
0
IVHd 1 1
1
null IVHd 8784 0
2022 11 2 16 27
0
wfGy 1 2
1
null wfGy 9207 7
2022 11 2 17 1
0
gOKM 0 5
1
null gOKM 2499 0
2022 11 2 17 27
0
CSQG 1 8
1
null CSQG 554 3
2022 11 2 17 51
0
cOve 0 6
1
null cOve 6294 0
2022 11 2 18 8
0
IQVH 1 2
1
null IQVH 8656 7
2022 11 2 18 26
0
rDjd 1 2
1
null rDjd 5657 0
2022 11 2 18 54
0
omhb 1 7
1
null omhb 6866 4
2022 11 2 19 18
0
hPel 1 4
1
null hPel 216 4
2022 11 2 19 39
0
kRkc 0 0
1
null kRkc 2773 1
2022 11 2 20 15
0
dhKD 0 4
1
null dhKD 1419 6
2022 11 2 20 44
0
IVlh 0 6
1
null IVlh 1898 4
2022 11 2 21 4
0
lEBk 0 0
1
null lEBk 5598 6
2022 11 2 21 23
0
aLdB 0 1
1
null aLdB 1231 4
2022 11 2 21 40
0
vHYI 1 7
1
null vHYI 8442 4
2022 11 2 21 55
0
lxPP 0 3
1
null lxPP 8475 3
2022 11 2 22 32
0
oayk 1 6
1
null oayk 4089 2
2022 11 2 22 56
0
LBit 0 2
1
null LBit 9144 1
2022 11 2 23 30
0
AMzp 1 0
1
null AMzp 663 7
2022 11 3 0 8
0
eunc 0 5
1
null eunc 6493 5
2022 11 3 0 36
0
vThS 0 6
1
null vThS 3360 7
2022 11 3 1 12
0
DTLl 1 7
1
null DTLl 4264 0
2022 11 3 1 48
0
dVQn 1 5
1
null dVQn 3915 2
2022 11 3 2 1
0
njjX 0 5
1
null njjX 5121 5
2022 11 3 2 40
0
ojaF 1 7
1
null ojaF 2374 6
2022 11 3 2 57
0
YZhi 0 0
1
null YZhi 7793 5
2022 11 3 3 33
0
ALQM 1 2
1
null ALQM 1558 3
2022 11 3 4 1
0
vOhD 1 5
1
null vOhD 5107 5
2022 11 3 4 32
0
MroS 0 3
1
null MroS 7950 7
2022 11 3 4 53
0
kZLF 0 5
1
null kZLF 6327 1
2022 11 3 5 30
0
KgjY 1 6
1
null KgjY 2987 0
2022 11 3 5 55
0
QPbk 1 5
1
null QPbk 4671 5
2022 11 3 6 33
0
gAJj 0 6
1
null gAJj 3329 7
2022 11 3 6 49
0
ElnK 0 7
1
null ElnK 1811 2
2022 11 3 7 24
0
uLYx 1 1
1
null uLYx 665 1
2022 11 3 7 54
0
eKRp 0 3
1
null eKRp 2802 3
2022 11 3 8 5
0
FNua 0 6
1
null FNua 1103 2
2022 11 3 8 25
0
domT 0 5
1
null domT 8825 2
2022 11 3 8 37
0
ivtS 1 0
1
null ivtS 8077 5
2022 11 3 8 47
0
nsAi 1 1
1
null nsAi 8404 2
2022 11 3 9 10
0
iyFB 0 8
1
null iyFB 4853 8
2022 11 3 9 39
0
yHdE 1 4
1
null yHdE 9416 3
2022 11 3 10 0
0
EULR 1 0
1
null EULR 8582 8
2022 11 3 10 29
0
lyBd 1 8
1
null lyBd 5124 6
2022 11 3 10 51
0
hEBw 1 4
1
null hEBw 9679 3
2022 11 3 11 8
0
BUEx 0 3
1
null BUEx 3489 4
2022 11 3 11 27
0
mxKg 1 7
1
null mxKg 2042 7
2022 11 3 12 7
0
itIA 1 2
1
null itIA 3140 0
2022 11 3 12 24
0
AeCy 0 4
1
null AeCy 783 5
2022 11 3 12 52
0
OMJg 0 5
1
null OMJg 2523 1
2022 11 3 13 29
0
edcp 0 1
1
null edcp 8536 3
2022 11 3 14 8
0
mwKS 0 8
1
null mwKS 8694 5
2022 11 3 14 34
0
iWHV 1 4
1
null iWHV 7420 4
2022 11 3 14 50
0
SbFQ 1 2
1
null SbFQ 8918 4
2022 11 3 15 7
0
fkzn 1 0
1
null fkzn 6637 0
2022 11 3 15 46
0
WsRk 1 2
1
null WsRk 4806 5
2022 11 3 16 15
0
PjdC 0 6
1
null PjdC 7358 0
2022 11 3 16 40
0
ttoa 0 4
1
null ttoa 9213 7
2022 11 3 16 58
0
lLpl 0 4
1
null lLpl 8971 3
2022 11 3 17 10
0
kCST 0 5
1
null kCST 3113 8
2022 11 3 17 44
0
LHRE 1 1
1
null LHRE 6169 6
2022 11 3 18 3
0
LTfr 1 5
1
null LTfr 6977 4
2022 11 3 18 38
0
scXa 1 5
1
null scXa 3494 6
2022 11 3 19 14
0
cDbJ 1 7
1
null cDbJ 581 8
2022 11 3 19 36
0
aYSJ 1 5
1
null aYSJ 4888 6
2022 11 3 19 48
0
KHfP 0 6
1
null KHfP 6770 2
2022 11 3 20 2
0
QNyb 0 2
1
null QNyb 3538 3
2022 11 3 20 18
0
NSlg 0 5
1
null NSlg 5506 2
2022 11 3 20 58
0
Joxf 1 6
1
null Joxf 5036 6
2022 11 3 21 21
0
saJt 0 1
1
null saJt 9265 8
2022 11 3 21 56
0
EMXE 0 4
1
null EMXE 6842 5
2022 11 3 22 25
0
ampT 1 2
1
null ampT 4913 8
2022 11 3 22 52
0
qtHd 1 5
1
null qtHd 2166 8
2022 11 3 23 3
0
Ndso 1 0
1
null Ndso 8707 8
2022 11 3 23 35
0
WbuX 0 4
1
null WbuX 4323 7
2022 11 3 23 54
0
Yzes 1 1
1
null Yzes 9963 0
2022 11 4 0 28
0
MAOG 1 0
1
null MAOG 2274 6
2022 11 4 0 54
0
DaYL 0 8
1
null DaYL 5192 5
2022 11 4 1 23
0
Gtbv 1 3
1
null Gtbv 9840 1
2022 11 4 1 48
0
UsBT 0 6
1
null UsBT 7885 7
2022 11 4 2 27
0
wKLQ 0 4
1
null wKLQ 8053 1
2022 11 4 2 39
0
aVNt 0 8
1
null aVNt 6621 3
2022 11 4 2 59
0
nxVB 0 4
1
null nxVB 2775 3
2022 11 4 3 10
0
jrdO 0 3
1
null jrdO 3474 6
2022 11 4 3 44
0
clvG 0 3
1
null clvG 3256 2
2022 11 4 4 2
0
Muts 1 2
1
null Muts 4509 1
2022 11 4 4 35
0
Yhvu 0 5
1
null Yhvu 9396 6
2022 11 4 4 47
0
iikR 1 2
1
null iikR 4913 2
2022 11 4 5 1
0
NdcE 0 6
1
null NdcE 4677 8
2022 11 4 5 17
0
xTLU 1 6
1
null xTLU 5454 4
2022 11 4 5 53
0
PQlo 1 5
1
null PQlo 188 3
2022 11 4 6 18
0
QYrZ 0 1
1
null QYrZ 8247 3
2022 11 4 6 42
0
oeYL 0 5
1
null oeYL 3986 3
2022 11 4 6 56
0
VIXA 1 3
1
null VIXA 4650 2
2022 11 4 7 14
0
VlQz 1 8
1
null VlQz 6342 3
2022 11 4 7 31
0
HgOp 1 4
1
null HgOp 8727 7
2022 11 4 7 46
0
gKOl 1 1
1
null gKOl 3180 8
2022 11 4 8 20
0
eXag 1 7
1
null eXag 4733 6
2022 11 4 8 47
0
yiWf 0 2
1
null yiWf 8357 8
2022 11 4 9 14
0
DbSc 0 3
1
null DbSc 4673 1
2022 11 4 9 26
0
eVlL 1 4
1
null eVlL 4806 3
2022 11 4 9 56
0
FmUe 0 2
1
null FmUe 7630 5
2022 11 4 10 27
0
AwlT 0 3
1
null AwlT 169 0
2022 11 4 11 7
0
qkEn 1 3
1
null qkEn 9904 3
2022 11 4 11 28
0
WhWh 0 1
1
null WhWh 4194 0
2022 11 4 11 54
0
BGSz 0 8
1
null BGSz 7937 3
2022 11 4 12 13
0
jFba 0 0
1
null jFba 727 4
2022 11 4 12 48
0
FeAv 1 1
1
null FeAv 3751 6
2022 11 4 13 22
0
mBJB 1 7
1
null mBJB 3535 3
2022 11 4 14 2
0
Lavy 0 6
1
null Lavy 8379 7
2022 11 4 14 16
0
vVzX 0 5
1
null vVzX 5350 5
2022 11 4 14 30
0
UCkH 1 0
1
null UCkH 8494 6
2022 11 4 14 55
0
GtIQ 0 1
1
null GtIQ 8628 4
2022 11 4 15 13
0
ipWZ 1 5
1
null ipWZ 1766 8
2022 11 4 15 37
0
abfg 0 3
1
null abfg 5740 4
2022 11 4 16 9
0
tfwt 0 3
1
null tfwt 3753 5
2022 11 4 16 24
0
vrBi 1 7
1
null vrBi 3308 4
2022 11 4 16 58
0
HSxc 1 3
1
null HSxc 439 8
2022 11 4 17 36
0
VkSg 1 5
1
null VkSg 8569 5
2022 11 4 18 3
0
DmBa 0 7
1
null DmBa 7881 7
2022 11 4 18 18
0
vFrA 1 1
1
null vFrA 8291 5
2022 11 4 18 35
0
hLKI 1 8
1
null hLKI 8845 5
2022 11 4 19 5
0
fCFJ 1 6
1
null fCFJ 9570 4
2022 11 4 19 22
0
FPqM 1 6
1
null FPqM 919 7
2022 11 4 19 56
0
Snbz 1 0
1
null Snbz 7601 6
2022 11 4 20 9
0
FFXk 1 0
1
null FFXk 9613 6
2022 11 4 20 45
0
NSSB 0 7
1
null NSSB 9073 4
2022 11 4 21 22
0
iWTE 0 5
1
null iWTE 3821 1
2022 11 4 21 57
0
UaUV 0 1
1
null UaUV 3461 6
2022 11 4 22 31
0
FXBG 1 4
1
null FXBG 635 5
2022 11 4 23 0
0
FkBR 0 0
1
null FkBR 27 2
2022 11 4 23 19
0
kfal 0 2
1
null kfal 8566 2
2022 11 4 23 35
0
HjJQ 0 5
1
null HjJQ 7475 1
2022 11 4 23 58
0
YUtR 1 2
1
null YUtR 4938 6
2022 11 5 0 24
0
JkcP 1 0
1
null JkcP 6162 5
2022 11 5 0 50
0
yeQo 1 8
1
null yeQo 6488 8
2022 11 5 1 29
0
lhrJ 1 1
1
null lhrJ 8801 7
2022 11 5 2 4
0
XDuf 0 3
1
null XDuf 5831 7
2022 11 5 2 14
0
YOtF 1 2
1
null YOtF 2332 4
2022 11 5 2 50
0
QTUS 1 0
1
null QTUS 4960 4
2022 11 5 3 24
0
fpAu 1 5
1
null fpAu 2318 0
2022 11 5 3 45
0
gvTv 1 8
1
null gvTv 1570 7
2022 11 5 4 9
0
Zfuv 1 6
1
null Zfuv 1044 1
2022 11 5 4 29
0
Zbrk 0 0
1
null Zbrk 7438 8
2022 11 5 4 50
0
rYvv 1 8
1
null rYvv 3812 2
2022 11 5 5 14
0
iMGd 1 5
1
null iMGd 4334 1
2022 11 5 5 31
0
soJb 0 3
1
null soJb 1360 1
2022 11 5 5 53
0
XOMG 0 6
1
null XOMG 2626 1
2022 11 5 6 23
0
RYqL 0 1
1
null RYqL 6417 5
2022 11 5 6 50
0
BavR 0 0
1
null BavR 2443 0
2022 11 5 7 19
0
CQLV 1 3
1
null CQLV 4323 4
2022 11 5 7 37
0
AxPb 0 3
1
null AxPb 583 1
2022 11 5 7 51
0
xYln 0 2
1
null xYln 7297 5
2022 11 5 8 30
0
zAyC 0 1
1
null zAyC 2305 7
2022 11 5 8 41
0
AdZN 0 1
1
null AdZN 4821 2
2022 11 5 9 8
0
CAll 0 3
1
null CAll 7983 7
2022 11 5 9 44
0
VCxV 1 2
1
null VCxV 1598 3
2022 11 5 10 15
0
JxHM 1 7
1
null JxHM 2655 7
2022 11 5 10 33
0
oUtJ 0 6
1
null oUtJ 8639 8
2022 11 5 11 3
0
BpnO 1 7
1
null BpnO 6142 6
2022 11 5 11 18
0
WjqC 0 3
1
null WjqC 3915 4
2022 11 5 11 53
0
uLoC 0 2
1
null uLoC 2980 7
2022 11 5 12 29
0
hKWY 1 4
1
null hKWY 8587 4
2022 11 5 12 53
0
MicG 0 1
1
null MicG 2714 0
2022 11 5 13 26
0
tZNG 0 5
1
null tZNG 8381 2
2022 11 5 13 55
0
EZRr 0 5
1
null EZRr 6652 7
2022 11 5 14 27
0
tQSV 0 8
1
null tQSV 9660 8
2022 11 5 15 7
0
cMqc 0 5
1
null cMqc 8994 5
2022 11 5 15 22
0
diCF 1 8
1
null diCF 2603 5
2022 11 5 15 42
0
qzFS 1 3
1
null qzFS 6767 4
2022 11 5 16 0
0
kvRR 1 5
1
null kvRR 2170 2
2022 11 5 16 20
0
dxNE 1 5
1
null dxNE 6398 1
2022 11 5 16 53
0
DBzn 1 0
1
null DBzn 1591 7
2022 11 5 17 4
0
FAOJ 0 7
1
null FAOJ 2870 0
2022 11 5 17 43
0
Qwtv 1 3
1
null Qwtv 1137 4
2022 11 5 17 56
0
UOnS 0 0
1
null UOnS 1127 5
2022 11 5 18 24
0
OieJ 0 7
1
null OieJ 8510 7
2022 11 5 18 42
0
jFDH 0 1
1
null jFDH 4334 0
2022 11 5 18 56
0
QiJh 1 0
1
null QiJh 8267 7
2022 11 5 19 19
0
EmXP 0 0
1
null EmXP 9527 4
2022 11 5 19 56
0
ZfVn 1 1
1
null ZfVn 1901 1
2022 11 5 20 12
0
eGBG 0 5
1
null eGBG 6609 5
2022 11 5 20 28
0
jWGZ 1 6
1
null jWGZ 3147 0
2022 11 5 20 54
0
xFBp 0 7
1
null xFBp 7923 1
2022 11 5 21 24
0
mqAj 0 4
1
null mqAj 2069 7
2022 11 5 22 4
0
hLfS 0 8
1
null hLfS 4979 4
2022 11 5 22 20
0
begg 0 7
1
null begg 924 2
2022 11 5 22 42
0
aNAU 1 8
1
null aNAU 3464 4
2022 11 5 22 57
0
NrHU 0 3
1
null NrHU 5281 8
2022 11 5 23 35
0
nMLD 0 5
1
null nMLD 4842 7
2022 11 6 0 7
0
OLyw 0 3
1
null OLyw 3177 5
2022 11 6 0 47
0
vcCb 0 2
1
null vcCb 5971 3
2022 11 6 1 3
0
nKyo 1 1
1
null nKyo 3349 3
2022 11 6 1 31
0
tIeC 1 2
1
null tIeC 9392 1
2022 11 6 1 45
0
UEeY 0 4
1
null UEeY 2654 7
2022 11 6 2 21
0
behI 1 5
1
null behI 8565 5
2022 11 6 2 42
0
ilOv 1 0
1
null ilOv 5802 5
2022 11 6 3 6
0
OPBe 1 1
1
null OPBe 4493 1
2022 11 6 3 25
0
CLZX 1 5
1
null CLZX 5280 4
2022 11 6 3 56
0
kyKO 0 6
1
null kyKO 4086 6
2022 11 6 4 35
0
jErQ 0 5
1
null jErQ 1544 1
2022 11 6 5 13
0
WISu 1 8
1
null WISu 7376 8
2022 11 6 5 23
0
UeXx 1 7
1
null UeXx 8473 8
2022 11 6 5 39
0
YoUi 1 3
1
null YoUi 9336 4
2022 11 6 5 53
0
OeAT 1 1
1
null OeAT 3731 8
2022 11 6 6 31
0
rQyQ 1 4
1
null rQyQ 2878 5
2022 11 6 6 52
0
Qcer 1 2
1
null Qcer 5606 6
2022 11 6 7 16
0
VJMx 1 3
1
null VJMx 6287 4
2022 11 6 7 39
0
ZsDB 0 6
1
null ZsDB 7048 1
2022 11 6 8 13
0
kpNg 0 8
1
null kpNg 9677 8
2022 11 6 8 37
0
nfZf 1 5
1
null nfZf 8244 6
2022 11 6 8 53
0
JPcR 1 8
1
null JPcR 686 5
2022 11 6 9 9
0
TCfp 0 2
1
null TCfp 5914 5
2022 11 6 9 30
0
QWBY 1 5
1
null QWBY 370 2
2022 11 6 9 47
0
AOMR 0 7
1
null AOMR 9961 4
2022 11 6 10 15
0
fLSK 0 7
1
null fLSK 1333 3
2022 11 6 10 46
0
QWeQ 1 0
1
null QWeQ 5369 3
2022 11 6 11 12
0
zvIf 0 1
1
null zvIf 7369 0
2022 11 6 11 42
0
KMHp 0 5
1
null KMHp 480 5
2022 11 6 12 2
0
XClk 1 4
1
null XClk 9593 7
2022 11 6 12 22
0
fevo 1 5
1
null fevo 8259 0
2022 11 6 12 32
0
IaPl 1 8
1
null IaPl 9397 0
2022 11 6 12 46
0
XvoY 0 4
1
null XvoY 5559 4
2022 11 6 12 56
0
Fpkj 1 5
1
null Fpkj 5108 1
2022 11 6 13 29
0
Xyhq 1 2
1
null Xyhq 7437 5
2022 11 6 13 49
0
GmDf 1 5
1
null GmDf 248 7
2022 11 6 14 16
0
IvZG 0 4
1
null IvZG 9228 4
2022 11 6 14 45
0
pqXz 1 5
1
null pqXz 5150 4
2022 11 6 15 20
0
syHx 1 7
1
null syHx 2180 3
2022 11 6 15 33
0
aEgp 0 3
1
null aEgp 1412 5
2022 11 6 15 56
0
STcO 1 1
1
null STcO 1461 4
2022 11 6 16 17
0
PfQO 1 6
1
null PfQO 7772 4
2022 11 6 16 54
0
qdmf 1 7
1
null qdmf 2016 4
2022 11 6 17 16
0
jTKR 0 4
1
null jTKR 818 2
2022 11 6 17 37
0
TZiK 1 7
1
null TZiK 7952 3
2022 11 6 18 14
0
hVvA 1 4
1
null hVvA 5431 1
2022 11 6 18 35
0
tqCi 1 6
1
null tqCi 8024 0
2022 11 6 19 12
0
GMxl 1 8
1
null GMxl 530 4
2022 11 6 19 49
0
YLDv 0 1
1
null YLDv 3051 3
2022 11 6 20 17
0
HSpq 1 3
1
null HSpq 1583 1
2022 11 6 20 36
0
hOUZ 1 6
1
null hOUZ 76 2
2022 11 6 20 48
0
xUBg 1 8
1
null xUBg 9268 1
2022 11 6 21 14
0
DiJp 0 4
1
null DiJp 8916 8
2022 11 6 21 26
0
rQYn 1 4
1
null rQYn 5712 4
2022 11 6 21 52
0
PAeG 1 2
1
null PAeG 6878 7
2022 11 6 22 21
0
ZGJa 0 4
1
null ZGJa 917 0
2022 11 6 22 53
0
RkXz 1 2
1
null RkXz 164 2
2022 11 6 23 14
0
GTHs 0 6
1
null GTHs 5957 0
2022 11 6 23 46
0
YJkg 0 2
1
null YJkg 99 4
2022 11 7 0 26
0
jeBL 0 5
1
null jeBL 7245 5
2022 11 7 0 50
0
krxw 1 0
1
null krxw 584 0
2022 11 7 1 3
0
ISqK 0 7
1
null ISqK 4684 4
2022 11 7 1 17
0
BvNF 0 7
1
null BvNF 8586 1
2022 11 7 1 47
0
oPzT 0 8
1
null oPzT 9224 7
2022 11 7 2 21
0
qwHK 0 5
1
null qwHK 7632 4
2022 11 7 2 32
0
eeIT 1 3
1
null eeIT 8937 1
2022 11 7 2 52
0
uTcN 1 4
1
null uTcN 3467 8
2022 11 7 3 29
0
iIBZ 1 8
1
null iIBZ 2899 2
2022 11 7 3 53
0
tqKi 0 8
1
null tqKi 3612 8
2022 11 7 4 6
0
qnAO 0 7
1
null qnAO 8623 2
2022 11 7 4 27
0
tYhX 0 4
1
null tYhX 6801 4
2022 11 7 4 59
0
cXBd 1 2
1
null cXBd 6889 3
2022 11 7 5 27
0
rmra 0 0
1
null rmra 836 8
2022 11 7 6 0
0
wNfA 1 6
1
null wNfA 7323 4
2022 11 7 6 11
0
vgLC 1 6
1
null vgLC 9211 8
2022 11 7 6 25
0
GjRo 1 0
1
null GjRo 9678 0
2022 11 7 6 45
0
OoXD 0 7
1
null OoXD 5527 5
2022 11 7 7 11
0
JjAl 0 0
1
null JjAl 5267 4
2022 11 7 7 31
0
mziw 0 6
1
null mziw 3759 0
2022 11 7 7 59
0
thij 1 2
1
null thij 5627 6
2022 11 7 8 10
0
Wkbr 0 7
1
null Wkbr 6407 0
2022 11 7 8 21
0
CuPU 1 4
1
null CuPU 6062 5
2022 11 7 8 55
0
xrCL 0 7
1
null xrCL 7904 2
2022 11 7 9 33
0
uFKv 1 5
1
null uFKv 346 8
2022 11 7 9 55
0
DAKO 1 6
1
null DAKO 1587 0
2022 11 7 10 21
0
CFlX 0 5
1
null CFlX 8421 2
2022 11 7 10 38
0
JhRI 1 0
1
null JhRI 7731 8
2022 11 7 11 8
0
DTDc 0 4
1
null DTDc 5283 8
2022 11 7 11 20
0
dDZQ 1 3
1
null dDZQ 1205 1
2022 11 7 11 44
0
VRMm 1 5
1
null VRMm 9482 2
2022 11 7 12 18
0
ZCnd 0 6
1
null ZCnd 29 1
2022 11 7 12 55
0
jxAV 0 6
1
null jxAV 3959 7
2022 11 7 13 5
0
nTwX 1 8
1
null nTwX 9501 4
2022 11 7 13 30
0
YNKa 0 5
1
null YNKa 7143 6
2022 11 7 13 42
0
ROkg 0 2
1
null ROkg 1871 1
2022 11 7 14 17
0
yrEN 1 7
1
null yrEN 2268 4
2022 11 7 14 44
0
BVzf 1 2
1
null BVzf 8893 5
2022 11 7 14 58
0
XwrK 0 8
1
null XwrK 6714 8
2022 11 7 15 35
0
LXFZ 1 2
1
null LXFZ 6885 3
2022 11 7 15 52
0
kkRY 1 0
1
null kkRY 8730 5
2022 11 7 16 2
0
yVrH 0 4
1
null yVrH 6807 5
2022 11 7 16 34
0
efMC 1 8
1
null efMC 4622 8
2022 11 7 16 49
0
vzzR 1 4
1
null vzzR 9787 4
2022 11 7 17 7
0
Ugep 0 0
1
null Ugep 5973 3
2022 11 7 17 47
0
Ktak 1 2
1
null Ktak 260 2
2022 11 7 18 13
0
ESdR 1 5
1
null ESdR 3565 2
2022 11 7 18 46
0
OrKc 1 6
1
null OrKc 8849 3
2022 11 7 19 15
0
miKH 1 5
1
null miKH 7883 7
2022 11 7 19 55
0
cRFp 0 6
1
null cRFp 2247 7
2022 11 7 20 7
0
mCzS 1 0
1
null mCzS 3604 5
2022 11 7 20 47
0
XXeu 0 1
1
null XXeu 5425 2
2022 11 7 21 27
0
arMi 1 6
1
null arMi 2367 0
2022 11 7 22 5
0
MxuT 0 7
1
null MxuT 5602 8
2022 11 7 22 45
0
LKvq 1 2
1
null LKvq 8486 7
2022 11 7 22 57
0
Kzxw 1 7
1
null Kzxw 4430 7
2022 11 7 23 11
0
gRtV 0 2
1
null gRtV 1687 6
2022 11 7 23 21
0
AIkG 1 0
1
null AIkG 7816 6
2022 11 8 0 0
0
mPVy 1 0
1
null mPVy 1365 4
2022 11 8 0 28
0
RRiB 1 1
1
null RRiB 5584 6
2022 11 8 0 59
0
ErdP 1 6
1
null ErdP 7058 2
2022 11 8 1 19
0
ShpV 1 5
1
null ShpV 4323 0
2022 11 8 1 44
0
Fhps 1 5
1
null Fhps 6541 4
2022 11 8 2 16
0
ZidY 0 4
1
null ZidY 9454 5
2022 11 8 2 33
0
GjOo 1 2
1
null GjOo 845 5
2022 11 8 3 9
0
HVyb 0 4
1
null HVyb 6230 8
2022 11 8 3 27
0
Jspn 0 3
1
null Jspn 5283 7
2022 11 8 3 41
0
qDIA 1 4
1
null qDIA 2155 1
2022 11 8 4 3
0
DrkO 0 7
1
null DrkO 5064 8
2022 11 8 4 25
0
anYB 0 4
1
null anYB 3942 2
2022 11 8 4 58
0
XEdE 0 5
1
null XEdE 2654 8
2022 11 8 5 30
0
zLBS 1 0
1
null zLBS 7732 5
2022 11 8 5 42
0
lTFU 1 7
1
null lTFU 4323 6
2022 11 8 6 6
0
HgdW 1 0
1
null HgdW 5188 2
2022 11 8 6 32
0
BCdf 0 7
1
null BCdf 2868 7
2022 11 8 6 47
0
ZySo 0 7
1
null ZySo 249 0
2022 11 8 7 21
0
dLRG 1 2
1
null dLRG 1839 0
2022 11 8 7 40
0
DbiK 1 6
1
null DbiK 8238 3
2022 11 8 7 58
0
jzET 0 7
1
null jzET 616 4
2022 11 8 8 30
0
aimD 0 4
1
null aimD 6970 8
2022 11 8 8 42
0
fRFS 0 3
1
null fRFS 9345 7
2022 11 8 9 12
0
Zaeg 1 5
1
null Zaeg 3848 4
2022 11 8 9 42
0
JLeb 0 1
1
null JLeb 8257 7
2022 11 8 9 53
0
bQGb 0 3
1
null bQGb 6932 3
2022 11 8 10 14
0
fTdb 0 0
1
null fTdb 4361 6
2022 11 8 10 33
0
QQZP 0 0
1
null QQZP 5478 5
2022 11 8 11 0
0
ysqK 1 1
1
null ysqK 7565 8
2022 11 8 11 24
0
sjJs 0 6
1
null sjJs 3677 6
2022 11 8 11 42
0
Coui 0 8
1
null Coui 371 8
2022 11 8 11 53
0
keze 0 3
1
null keze 7595 0
2022 11 8 12 13
0
TJrb 1 0
1
null TJrb 5016 3
2022 11 8 12 41
0
MwVZ 1 0
1
null MwVZ 5293 0
2022 11 8 12 58
0
gYJG 0 1
1
null gYJG 3292 3
2022 11 8 13 33
0
OsPc 0 2
1
null OsPc 5511 4
2022 11 8 13 53
0
xrRi 1 6
1
null xrRi 1527 1
2022 11 8 14 10
0
NQDd 1 4
1
null NQDd 2829 8
2022 11 8 14 33
0
tuyR 1 4
1
null tuyR 9417 8
2022 11 8 14 44
0
YIXz 1 2
1
null YIXz 3100 7
2022 11 8 15 17
0
umMm 0 8
1
null umMm 648 6
2022 11 8 15 47
0
MixR 0 5
1
null MixR 8740 6
2022 11 8 16 18
0
DekS 1 0
1
null DekS 5220 1
2022 11 8 16 45
0
mGai 1 6
1
null mGai 3089 3
2022 11 8 17 8
0
fYOt 1 1
1
null fYOt 7103 6
2022 11 8 17 23
0
hiQg 1 1
1
null hiQg 3024 5
2022 11 8 17 38
0
XgFo 0 0
1
null XgFo 569 7
2022 11 8 17 53
0
Zwjy 0 4
1
null Zwjy 4668 7
2022 11 8 18 31
0
LORc 0 3
1
null LORc 8745 3
2022 11 8 19 6
0
rHQn 0 8
1
null rHQn 2483 3
2022 11 8 19 23
0
MooO 1 3
1
null MooO 4015 6
2022 11 8 19 45
0
WGRe 1 7
1
null WGRe 9850 4
2022 11 8 20 17
0
EdRo 0 6
1
null EdRo 2357 4
2022 11 8 20 37
0
haZR 0 2
1
null haZR 1182 7
2022 11 8 21 9
0
WPbl 1 3
1
null WPbl 9529 0
2022 11 8 21 23
0
uqkf 1 7
1
null uqkf 9393 2
2022 11 8 21 49
0
LdDT 1 8
1
null LdDT 6772 2
2022 11 8 22 19
0
GcNw 0 8
1
null GcNw 7858 6
2022 11 8 22 56
0
dsYG 0 5
1
null dsYG 7086 1
2022 11 8 23 35
0
cBOT 0 5
1
null cBOT 9080 4
2022 11 8 23 51
0
Chbk 0 3
1
null Chbk 381 6
2022 11 9 0 24
0
qHWq 1 1
1
null qHWq 3301 3
2022 11 9 0 43
0
klgp 1 7
1
null klgp 3335 3
2022 11 9 0 58
0
jmKp 0 8
1
null jmKp 6277 6
2022 11 9 1 21
0
BHEj 0 3
1
null BHEj 6741 4
2022 11 9 1 31
0
dZau 0 5
1
null dZau 50 3
2022 11 9 1 42
0
Blqm 0 1
1
null Blqm 1929 5
2022 11 9 2 4
0
nlfm 0 0
1
null nlfm 2120 5
2022 11 9 2 25
0
Cyts 1 5
1
null Cyts 1837 7
2022 11 9 2 38
0
oVBP 1 4
1
null oVBP 2564 2
2022 11 9 2 59
0
mDpJ 1 8
1
null mDpJ 2035 7
2022 11 9 3 35
0
HsUY 0 1
1
null HsUY 6262 8
2022 11 9 3 45
0
LLmv 0 7
1
null LLmv 9998 3
2022 11 9 4 4
0
DvNX 1 8
1
null DvNX 5332 7
2022 11 9 4 44
0
eTMZ 0 0
1
null eTMZ 7209 7
2022 11 9 5 11
0
OCiI 0 0
1
null OCiI 3849 4
2022 11 9 5 21
0
SRdd 0 1
1
null SRdd 6787 5
2022 11 9 5 39
0
Ltpq 1 0
1
null Ltpq 4577 0
2022 11 9 5 58
0
QdVq 1 4
1
null QdVq 481 5
2022 11 9 6 24
0
fMHU 0 4
1
null fMHU 1862 0
2022 11 9 6 39
0
AaLK 1 4
1
null AaLK 6613 5
2022 11 9 6 52
0
qNEq 0 8
1
null qNEq 2304 0
2022 11 9 7 15
0
NEuw 1 1
1
null NEuw 8237 0
2022 11 9 7 27
0
bYFW 0 5
1
null bYFW 5695 1
2022 11 9 8 6
0
DKPD 1 0
1
null DKPD 972 7
2022 11 9 8 28
0
YftL 0 4
1
null YftL 4726 4
2022 11 9 8 59
0
qCgn 1 3
1
null qCgn 7018 1
2022 11 9 9 21
0
WqvO 0 2
1
null WqvO 4491 0
2022 11 9 9 41
0
KBpf 0 1
1
null KBpf 7427 6
2022 11 9 10 5
0
kJHj 1 3
1
null kJHj 8194 1
2022 11 9 10 44
0
XuBq 0 7
1
null XuBq 360 4
2022 11 9 11 23
0
VijL 1 7
1
null VijL 8067 8
2022 11 9 11 33
0
ftha 0 7
1
null ftha 7100 4
2022 11 9 11 56
0
FWEE 0 8
1
null FWEE 6766 8
2022 11 9 12 9
0
HJLE 1 5
1
null HJLE 6938 2
2022 11 9 12 30
0
UJaw 0 7
1
null UJaw 4478 6
2022 11 9 12 57
0
gWmi 0 2
1
null gWmi 7125 5
2022 11 9 13 7
0
wGaG 0 5
1
null wGaG 1846 5
2022 11 9 13 36
0
ZCLK 1 7
1
null ZCLK 9439 0
2022 11 9 14 10
0
LHBM 0 5
1
null LHBM 7423 5
2022 11 9 14 36
0
bAdX 1 7
1
null bAdX 3722 2
2022 11 9 15 0
0
fQrA 1 8
1
null fQrA 4186 4
2022 11 9 15 15
0
DRey 0 5
1
null DRey 7169 4
2022 11 9 15 32
0
IKdx 0 1
1
null IKdx 7069 5
2022 11 9 15 43
0
QIHh 1 0
1
null QIHh 9597 3
2022 11 9 16 19
0
jeBX 0 0
1
null jeBX 7314 2
2022 11 9 16 53
0
MMJU 1 1
1
null MMJU 4270 3
2022 11 9 17 28
0
sizx 0 7
1
null sizx 4356 8
2022 11 9 18 3
0
JDgc 0 6
1
null JDgc 6754 1
2022 11 9 18 30
0
Obih 1 4
1
null Obih 7792 7
2022 11 9 19 5
0
nvzZ 1 0
1
null nvzZ 7141 4
2022 11 9 19 26
0
ykFr 0 8
1
null ykFr 7611 1
2022 11 9 19 48
0
tzQR 1 4
1
null tzQR 3040 0
2022 11 9 20 9
0
kUHS 0 6
1
null kUHS 2618 7
2022 11 9 20 39
0
Qaat 0 0
1
null Qaat 4498 0
2022 11 9 21 19
0
FCNn 1 3
1
null FCNn 2662 2
2022 11 9 21 41
0
aLYE 1 1
1
null aLYE 2852 4
2022 11 9 22 3
0
mQXx 0 6
1
null mQXx 904 4
2022 11 9 22 39
0
fPPa 0 8
1
null fPPa 3532 1
2022 11 9 23 19
0
uZIO 1 3
1
null uZIO 6605 5
2022 11 9 23 46
0
zWkX 0 3
1
null zWkX 3543 5
2022 11 10 0 10
0
yNcG 1 5
1
null yNcG 187 7
2022 11 10 0 41
0
LRYH 1 8
1
null LRYH 8654 0
2022 11 10 0 59
0
PVvn 0 7
1
null PVvn 5788 3
2022 11 10 1 27
0
mkzV 0 0
1
null mkzV 1602 6
2022 11 10 1 45
0
hUGc 1 3
1
null hUGc 8991 7
2022 11 10 2 17
0
JIIR 0 3
1
null JIIR 1332 2
2022 11 10 2 31
0
XiiL 0 2
1
null XiiL 6413 5
2022 11 10 3 7
0
VyAI 0 4
1
null VyAI 8240 5
2022 11 10 3 24
0
xCZA 1 0
1
null xCZA 3123 5
2022 11 10 4 1
0
JUan 1 6
1
null JUan 3864 8
2022 11 10 4 15
0
LoVE 1 3
1
null LoVE 9619 3
2022 11 10 4 26
0
VMdB 0 8
1
null VMdB 9797 0
2022 11 10 4 48
0
qqJa 1 2
1
null qqJa 3207 8
2022 11 10 5 4
0
oJOV 0 6
1
null oJOV 9661 8
2022 11 10 5 41
0
hZSP 0 5
1
null hZSP 777 4
2022 11 10 5 58
0
thYl 1 3
1
null thYl 7884 0
2022 11 10 6 34
0
JnLs 1 7
1
null JnLs 1701 1
2022 11 10 6 48
0
ghtj 0 8
1
null ghtj 8331 5
2022 11 10 7 18
0
lTIY 1 8
1
null lTIY 2187 8
2022 11 10 7 50
0
naJX 1 1
1
null naJX 7078 0
2022 11 10 8 24
0
pGSF 1 3
1
null pGSF 6275 4
2022 11 10 8 57
0
txGQ 0 2
1
null txGQ 2492 8
2022 11 10 9 21
0
VlDU 1 6
1
null VlDU 2211 2
2022 11 10 9 31
0
YveM 1 3
1
null YveM 7057 8
2022 11 10 10 0
0
rYEy 0 8
1
null rYEy 1976 5
2022 11 10 10 24
0
kdKk 0 6
1
null kdKk 821 2
2022 11 10 10 52
0
GYVy 1 4
1
null GYVy 1158 1
2022 11 10 11 16
0
eEOL 1 8
1
null eEOL 7943 2
2022 11 10 11 49
0
FGYy 1 3
1
null FGYy 4381 1
2022 11 10 12 28
0
FJAc 1 3
1
null FJAc 3800 6
2022 11 10 12 59
0
AbHD 1 0
1
null AbHD 2768 1
2022 11 10 13 26
0
rdJO 0 7
1
null rdJO 2408 5
2022 11 10 14 1
0
uKaZ 0 3
1
null uKaZ 359 4
2022 11 10 14 36
0
bVFR 1 1
1
null bVFR 3848 3
2022 11 10 15 13
0
eUmn 1 7
1
null eUmn 3182 2
2022 11 10 15 44
0
reay 0 8
1
null reay 8361 1
2022 11 10 16 3
0
JSSy 0 8
1
null JSSy 7298 4
2022 11 10 16 43
0
xVvW 0 3
1
null xVvW 5134 7
2022 11 10 17 22
0
pFAh 1 1
1
null pFAh 3547 5
2022 11 10 17 39
0
OJms 0 8
1
null OJms 494 6
2022 11 10 18 13
0
AJtN 1 8
1
null AJtN 1296 4
2022 11 10 18 25
0
tVeP 1 2
1
null tVeP 1132 0
2022 11 10 18 41
0
bKUU 0 2
1
null bKUU 3517 3
2022 11 10 18 58
0
wxBM 0 5
1
null wxBM 1829 2
2022 11 10 19 27
0
MCiq 1 6
1
null MCiq 2051 7
2022 11 10 19 50
0
vXQa 0 7
1
null vXQa 990 6
2022 11 10 20 11
0
AVqF 1 7
1
null AVqF 2625 0
2022 11 10 20 51
0
RsDL 0 6
1
null RsDL 3028 4
2022 11 10 21 13
0
UGuj 0 8
1
null UGuj 5543 0
2022 11 10 21 25
0
voBJ 1 8
1
null voBJ 7817 8
2022 11 10 21 51
0
hlHo 0 6
1
null hlHo 8309 0
2022 11 10 22 24
0
xBlc 1 5
1
null xBlc 4614 2
2022 11 10 23 3
0
Cqou 1 5
1
null Cqou 9572 5
2022 11 10 23 33
0
AkMk 0 2
1
null AkMk 990 2
2022 11 10 23 47
0
kOTC 0 7
1
null kOTC 4741 0
2022 11 11 0 27
0
KGbY 1 0
1
null KGbY 1009 5
2022 11 11 0 55
0
ClMG 1 5
1
null ClMG 8307 8
2022 11 11 1 5
0
DDVy 0 1
1
null DDVy 6303 7
2022 11 11 1 27
0
BuZB 0 0
1
null BuZB 1032 3
2022 11 11 1 57
0
xBeB 1 0
1
null xBeB 5371 3
2022 11 11 2 19
0
tUCc 1 5
1
null tUCc 6510 3
2022 11 11 2 48
0
RCAL 0 3
1
null RCAL 4837 0
2022 11 11 3 18
0
rQQk 0 7
1
null rQQk 2507 2
2022 11 11 3 41
0
QhTp 0 0
1
null QhTp 7501 4
2022 11 11 4 20
0
GDGO 1 6
1
null GDGO 2253 0
2022 11 11 4 58
0
sDnd 1 0
1
null sDnd 3407 3
2022 11 11 5 17
0
KwoT 0 8
1
null KwoT 4479 5
2022 11 11 5 49
0
JGyk 0 5
1
null JGyk 6087 3
2022 11 11 6 6
0
mwWI 1 3
1
null mwWI 7678 1
2022 11 11 6 41
0
wdLd 0 1
1
null wdLd 6367 3
2022 11 11 6 53
0
dGZT 0 7
1
null dGZT 3423 3
2022 11 11 7 21
0
IuhD 0 4
1
null IuhD 8838 4
2022 11 11 7 39
0
iXdr 1 0
1
null iXdr 3894 8
2022 11 11 7 49
0
dDjd 0 4
1
null dDjd 1665 1
2022 11 11 8 6
0
vaZu 0 3
1
null vaZu 3845 5
2022 11 11 8 29
0
nYMb 1 4
1
null nYMb 6963 3
2022 11 11 8 47
0
KVkr 1 3
1
null KVkr 5574 5
2022 11 11 9 13
0
iHGN 1 1
1
null iHGN 4925 6
2022 11 11 9 31
0
NiCd 0 6
1
null NiCd 62 1
2022 11 11 10 7
0
iTOm 1 6
1
null iTOm 9502 7
2022 11 11 10 28
0
PTju 0 4
1
null PTju 2239 3
2022 11 11 10 38
0
xaGO 0 4
1
null xaGO 1455 3
2022 11 11 10 48
0
IYcH 0 6
1
null IYcH 8602 8
2022 11 11 11 25
0
qSDZ 0 4
1
null qSDZ 3449 4
2022 11 11 11 36
0
aQqQ 1 7
1
null aQqQ 3785 3
2022 11 11 12 12
0
WAVu 1 5
1
null WAVu 1956 5
2022 11 11 12 26
0
Yvxi 0 6
1
null Yvxi 2937 6
2022 11 11 13 2
0
YbWB 1 1
1
null YbWB 8680 6
2022 11 11 13 22
0
RrVK 0 5
1
null RrVK 6049 8
2022 11 11 13 49
0
nIfO 0 2
1
null nIfO 3110 4
2022 11 11 14 27
0
Nvti 1 0
1
null Nvti 4659 3
2022 11 11 14 58
0
fpTA 1 7
1
null fpTA 9017 8
2022 11 11 15 26
0
cqKl 1 8
1
null cqKl 4114 7
2022 11 11 15 59
0
SPLd 0 2
1
null SPLd 7787 7
2022 11 11 16 37
0
RIKq 1 4
1
null RIKq 2935 4
2022 11 11 16 52
0
cOes 0 3
1
null cOes 8176 8
2022 11 11 17 22
0
JXWL 0 5
1
null JXWL 3397 1
2022 11 11 17 56
0
ihwr 1 5
1
null ihwr 7354 5
2022 11 11 18 8
0
LcRf 0 5
1
null LcRf 2343 4
2022 11 11 18 37
0
ViSH 1 8
1
null ViSH 8294 8
2022 11 11 18 48
0
UBMB 0 7
1
null UBMB 1148 0
2022 11 11 18 59
0
UDJX 1 6
1
null UDJX 2799 1
2022 11 11 19 27
0
LiUk 0 8
1
null LiUk 7842 5
2022 11 11 19 40
0
gmQQ 0 1
1
null gmQQ 7586 2
2022 11 11 20 13
0
BNik 1 2
1
null BNik 7131 3
2022 11 11 20 47
0
gQUK 1 7
1
null gQUK 6641 1
2022 11 11 20 57
0
DsYY 0 0
1
null DsYY 7970 1
2022 11 11 21 36
0
WZLG 0 7
1
null WZLG 3943 7
2022 11 11 21 54
0
APBb 1 4
1
null APBb 5160 7
2022 11 11 22 33
0
MYke 0 7
1
null MYke 2529 7
2022 11 11 23 9
0
ntpb 0 1
1
null ntpb 4599 4
2022 11 11 23 22
0
LyBv 0 5
1
null LyBv 6895 5
2022 11 11 23 47
0
AilL 0 5
1
null AilL 7397 7
2022 11 12 0 15
0
qAqW 1 7
1
null qAqW 7493 1
2022 11 12 0 42
0
RYxf 0 2
1
null RYxf 1588 4
2022 11 12 1 7
0
DAxp 1 4
1
null DAxp 8248 8
2022 11 12 1 33
0
Ujqa 0 4
1
null Ujqa 8268 7
2022 11 12 1 48
0
Xwio 1 3
1
null Xwio 7861 3
2022 11 12 2 11
0
QkrE 1 7
1
null QkrE 4281 8
2022 11 12 2 50
0
YSEu 0 8
1
null YSEu 2830 6
2022 11 12 3 6
0
MbWP 1 0
1
null MbWP 491 6
2022 11 12 3 42
0
cOIg 1 7
1
null cOIg 5988 8
2022 11 12 4 16
0
DcKE 1 0
1
null DcKE 7760 0
2022 11 12 4 26
0
fijm 0 1
1
null fijm 1785 1
2022 11 12 4 41
0
kCYq 0 6
1
null kCYq 5312 1
2022 11 12 5 20
0
YbcD 0 3
1
null YbcD 370 1
2022 11 12 5 48
0
ywWs 0 1
1
null ywWs 7500 2
2022 11 12 6 23
0
hJCO 0 2
1
null hJCO 2775 1
2022 11 12 6 55
0
XMdH 0 3
1
null XMdH 8423 2
2022 11 12 7 34
0
RVXS 0 6
1
null RVXS 6994 0
2022 11 12 7 58
0
dTND 1 8
1
null dTND 3807 4
2022 11 12 8 35
0
yszr 1 7
1
null yszr 604 8
2022 11 12 8 47
0
eeSQ 0 8
1
null eeSQ 5506 8
2022 11 12 9 27
0
swQk 0 7
1
null swQk 1767 2
2022 11 12 9 59
0
UUzF 0 8
1
null UUzF 4348 3
2022 11 12 10 31
0
wrLo 1 1
1
null wrLo 2392 7
2022 11 12 10 53
0
vdOY 0 7
1
null vdOY 2664 3
2022 11 12 11 6
0
jezo 1 8
1
null jezo 5043 7
2022 11 12 11 36
0
PTtY 1 8
1
null PTtY 7805 8
2022 11 12 12 14
0
OFGR 0 5
1
null OFGR 4825 5
2022 11 12 12 27
0
lbXc 1 6
1
null lbXc 193 3
2022 11 12 13 5
0
WabQ 1 5
1
null WabQ 9586 0
2022 11 12 13 37
0
aFpk 0 0
1
null aFpk 4293 5
2022 11 12 14 2
0
Qkqq 0 3
1
null Qkqq 5266 4
2022 11 12 14 23
0
msQy 0 1
1
null msQy 1809 6
2022 11 12 14 38
0
KFvm 0 0
1
null KFvm 6803 2
2022 11 12 15 9
0
uAHC 1 8
1
null uAHC 345 2
2022 11 12 15 36
0
YGdw 1 0
1
null YGdw 1147 1
2022 11 12 16 13
0
WgVR 0 3
1
null WgVR 8308 3
2022 11 12 16 39
0
ZVmv 0 0
1
null ZVmv 6569 6
2022 11 12 17 14
0
tmTe 0 1
1
null tmTe 6682 4
2022 11 12 17 43
0
XgcM 1 2
1
null XgcM 91 8
2022 11 12 18 18
0
rbAz 1 5
1
null rbAz 2377 4
2022 11 12 18 28
0
sKrF 0 8
1
null sKrF 609 3
2022 11 12 18 53
0
sxSy 1 3
1
null sxSy 5351 8
2022 11 12 19 26
0
SXYO 1 8
1
null SXYO 6818 3
2022 11 12 19 55
0
BpQe 0 4
1
null BpQe 9602 0
2022 11 12 20 13
0
EPwi 0 0
1
null EPwi 8803 8
2022 11 12 20 24
0
qznT 1 5
1
null qznT 8705 8
2022 11 12 20 44
0
BNEs 1 6
1
null BNEs 267 6
2022 11 12 21 20
0
cJAu 1 2
1
null cJAu 8683 5
2022 11 12 21 52
0
kOgG 1 4
1
null kOgG 2445 6
2022 11 12 22 9
0
HchA 0 4
1
null HchA 5183 8
2022 11 12 22 34
0
JKOE 1 0
1
null JKOE 1346 4
2022 11 12 22 53
0
BmhC 1 6
1
null BmhC 57 3
2022 11 12 23 25
0
wAdk 1 1
1
null wAdk 3454 3
2022 11 12 23 35
0
oBnZ 1 6
1
null oBnZ 9092 8
2022 11 12 23 54
0
SNSz 0 6
1
null SNSz 7361 3
2022 11 13 0 12
0
DwJR 0 6
1
null DwJR 2373 0
2022 11 13 0 51
0
icjv 0 4
1
null icjv 2000 0
2022 11 13 1 3
0
PdYI 1 6
1
null PdYI 4285 8
2022 11 13 1 29
0
DCFo 1 8
1
null DCFo 4896 7
2022 11 13 2 0
0
qBwT 1 1
1
null qBwT 7033 7
2022 11 13 2 13
0
KrfZ 0 8
1
null KrfZ 2809 0
2022 11 13 2 25
0
bOfv 0 5
1
null bOfv 9231 8
2022 11 13 3 5
0
Ndri 1 8
1
null Ndri 9230 4
2022 11 13 3 28
0
ajFl 1 5
1
null ajFl 9611 7
2022 11 13 4 4
0
AdfW 0 1
1
null AdfW 6786 5
2022 11 13 4 18
0
aBrX 0 8
1
null aBrX 5937 2
2022 11 13 4 43
0
MZYb 0 8
1
null MZYb 2090 3
2022 11 13 5 12
0
VPQR 0 2
1
null VPQR 1592 1
2022 11 13 5 47
0
KTej 0 8
1
null KTej 8040 1
2022 11 13 6 25
0
aIVv 1 2
1
null aIVv 823 1
2022 11 13 6 45
0
KAmO 0 5
1
null KAmO 9126 6
2022 11 13 7 19
0
LACx 0 3
1
null LACx 147 5
2022 11 13 7 33
0
dVuY 1 6
1
null dVuY 4003 8
2022 11 13 8 12
0
iebW 0 3
1
null iebW 9487 1
2022 11 13 8 34
0
brzr 0 6
1
null brzr 6654 6
2022 11 13 9 0
0
JedP 0 7
1
null JedP 7391 0
2022 11 13 9 16
0
xDqI 1 3
1
null xDqI 2341 5
2022 11 13 9 49
0
uGaG 1 4
1
null uGaG 5567 3
2022 11 13 10 22
0
iOzO 1 7
1
null iOzO 1700 1
2022 11 13 10 45
0
dyad 0 8
1
null dyad 9929 3
2022 11 13 11 16
0
YsHs 0 3
1
null YsHs 4917 3
2022 11 13 11 46
0
vETM 0 3
1
null vETM 1310 3
2022 11 13 12 2
0
JSwO 1 1
1
null JSwO 1599 3
2022 11 13 12 37
0
Qidm 1 6
1
null Qidm 7481 1
2022 11 13 13 4
0
Anbn 0 7
1
null Anbn 3388 2
2022 11 13 13 27
0
xjPJ 0 1
1
null xjPJ 9618 3
2022 11 13 14 5
0
UGmw 1 5
1
null UGmw 1861 2
2022 11 13 14 22
0
RaKR 0 8
1
null RaKR 6315 7
2022 11 13 15 0
0
laYG 0 1
1
null laYG 9807 7
2022 11 13 15 12
0
CUxL 1 2
1
null CUxL 9627 0
2022 11 13 15 47
0
kIzw 1 7
1
null kIzw 662 8
2022 11 13 16 11
0
LqZY 1 6
1
null LqZY 3737 2
2022 11 13 16 34
0
Wxjj 0 2
1
null Wxjj 4300 1
2022 11 13 17 4
0
NxSN 1 2
1
null NxSN 478 6
2022 11 13 17 25
0
HuPI 1 3
1
null HuPI 6186 3
2022 11 13 17 49
0
iccC 1 4
1
null iccC 4683 5
2022 11 13 18 21
0
tAAN 0 3
1
null tAAN 4537 6
2022 11 13 18 45
0
QrsS 0 6
1
null QrsS 6613 0
2022 11 13 19 22
0
PCSQ 0 3
1
null PCSQ 813 8
2022 11 13 19 37
0
ondi 1 1
1
null ondi 9714 2
2022 11 13 19 54
0
BRis 1 2
1
null BRis 3787 4
2022 11 13 20 32
0
bial 0 2
1
null bial 6389 0
2022 11 13 20 44
0
jaml 1 4
1
null jaml 4472 8
2022 11 13 21 21
0
aOBS 0 1
1
null aOBS 2722 3
2022 11 13 21 41
0
kOoN 1 8
1
null kOoN 9780 2
2022 11 13 22 5
0
mGAW 1 7
1
null mGAW 9568 0
2022 11 13 22 41
0
PPcE 1 5
1
null PPcE 8627 2
2022 11 13 22 53
0
miNT 0 8
1
null miNT 415 6
2022 11 13 23 25
0
zGLK 0 6
1
null zGLK 3377 7
2022 11 13 23 53
0
eQPK 1 7
1
null eQPK 5437 6
2022 11 14 0 18
0
udTn 0 0
1
null udTn 7610 0
2022 11 14 0 33
0
Afjj 1 6
1
null Afjj 1881 6
2022 11 14 0 48
0
VboH 0 5
1
null VboH 3842 2
2022 11 14 1 13
0
PfNs 0 5
1
null PfNs 7717 3
2022 11 14 1 29
0
TxAm 1 3
1
null TxAm 3645 5
2022 11 14 2 6
0
ZJua 0 1
1
null ZJua 7563 1
2022 11 14 2 24
0
hQvd 0 7
1
null hQvd 4473 6
2022 11 14 2 58
0
iwcc 1 3
1
null iwcc 5215 5
2022 11 14 3 15
0
nkWI 0 4
1
null nkWI 6924 7
2022 11 14 3 52
0
NvdP 0 8
1
null NvdP 1280 7
2022 11 14 4 21
0
flOh 0 8
1
null flOh 2008 7
2022 11 14 4 34
0
WNNo 0 5
1
null WNNo 686 2
2022 11 14 5 9
0
ZxuE 0 2
1
null ZxuE 7537 5
2022 11 14 5 27
0
Xiav 0 5
1
null Xiav 4711 7
2022 11 14 5 45
0
RJjY 0 6
1
null RJjY 4533 5
2022 11 14 6 12
0
dVYi 0 1
1
null dVYi 1770 6
2022 11 14 6 28
0
MCDM 1 5
1
null MCDM 1615 4
2022 11 14 7 1
0
MQPU 0 2
1
null MQPU 3273 3
2022 11 14 7 23
0
pehn 1 4
1
null pehn 7217 8
2022 11 14 7 47
0
KmmX 1 8
1
null KmmX 4333 8
2022 11 14 8 13
0
rvjB 1 6
1
null rvjB 3627 6
2022 11 14 8 32
0
BIpH 1 2
1
null BIpH 761 2
2022 11 14 9 4
0
notZ 1 8
1
null notZ 9273 4
2022 11 14 9 32
0
Blah 0 1
1
null Blah 8207 4
2022 11 14 9 44
0
svtp 0 6
1
null svtp 5417 6
2022 11 14 10 21
0
iJAI 1 8
1
null iJAI 4620 4
2022 11 14 10 40
0
FBFN 0 8
1
null FBFN 60 0
2022 11 14 11 3
0
wjpI 1 6
1
null wjpI 2564 2
2022 11 14 11 39
0
VgTa 1 1
1
null VgTa 3450 5
2022 11 14 12 6
0
QAfD 1 3
1
null QAfD 7865 0
2022 11 14 12 41
0
ahWT 1 8
1
null ahWT 8542 4
2022 11 14 12 58
0
RwCi 1 1
1
null RwCi 8388 4
2022 11 14 13 24
0
vaxs 1 3
1
null vaxs 9252 3
2022 11 14 13 55
0
TDAE 0 2
1
null TDAE 6531 6
2022 11 14 14 31
0
PLcb 0 7
1
null PLcb 4298 4
2022 11 14 15 9
0
VwCU 1 1
1
null VwCU 7739 4
2022 11 14 15 21
0
aLlW 0 7
1
null aLlW 6866 3
2022 11 14 15 33
0
OwYI 0 5
1
null OwYI 3653 4
2022 11 14 15 50
0
Kgki 0 0
1
null Kgki 8638 6
2022 11 14 16 19
0
Qzyb 1 4
1
null Qzyb 7395 4
2022 11 14 16 39
0
Ujqr 1 2
1
null Ujqr 5309 2
2022 11 14 17 10
0
XwCU 0 4
1
null XwCU 3614 2
2022 11 14 17 30
0
uXVd 1 0
1
null uXVd 9459 7
2022 11 14 18 4
0
xfTd 1 2
1
null xfTd 2399 0
2022 11 14 18 27
0
DAYY 0 3
1
null DAYY 730 6
2022 11 14 18 57
0
zILz 0 1
1
null zILz 1917 1
2022 11 14 19 25
0
gOQm 1 2
1
null gOQm 9900 8
2022 11 14 20 5
0
CCex 0 4
1
null CCex 9242 4
2022 11 14 20 28
0
tqON 1 1
1
null tqON 3253 7
2022 11 14 21 2
0
zxAn 0 7
1
null zxAn 5566 0
2022 11 14 21 37
0
TcNB 1 4
1
null TcNB 8401 3
2022 11 14 21 52
0
SFxF 0 8
1
null SFxF 864 6
2022 11 14 22 8
0
Fxqk 0 7
1
null Fxqk 3885 2
2022 11 14 22 30
0
hkbl 0 3
1
null hkbl 869 7
2022 11 14 22 45
0
SoPI 1 0
1
null SoPI 2603 1
2022 11 14 23 8
0
LTVK 0 0
1
null LTVK 9787 2
2022 11 14 23 23
0
TKqK 1 4
1
null TKqK 1105 4
2022 11 14 23 58
0
iiDW 1 4
1
null iiDW 1243 3
2022 11 15 0 13
0
sSJA 1 8
1
null sSJA 5233 6
2022 11 15 0 45
0
QXqL 0 4
1
null QXqL 4416 7
2022 11 15 1 20
0
aMXW 0 3
1
null aMXW 8075 8
2022 11 15 1 58
0
JqaP 1 7
1
null JqaP 3607 8
2022 11 15 2 13
0
jQQZ 1 3
1
null jQQZ 6308 3
2022 11 15 2 46
0
bheX 0 6
1
null bheX 8955 6
2022 11 15 3 17
0
jPgU 0 2
1
null jPgU 4332 4
2022 11 15 3 36
0
NExJ 1 6
1
null NExJ 8080 7
2022 11 15 4 3
0
yRZd 0 7
1
null yRZd 8231 5
2022 11 15 4 41
0
TxHV 0 8
1
null TxHV 8697 3
2022 11 15 5 15
0
bhOM 0 2
1
null bhOM 951 5
2022 11 15 5 52
0
TqDl 1 7
1
null TqDl 544 8
2022 11 15 6 16
0
PufB 0 7
1
null PufB 7090 7
2022 11 15 6 31
0
tZlB 0 0
1
null tZlB 4629 8
2022 11 15 7 3
0
uuHo 1 8
1
null uuHo 4737 8
2022 11 15 7 43
0
svee 1 4
1
null svee 5451 4
2022 11 15 7 58
0
YqJZ 1 7
1
null YqJZ 8393 2
2022 11 15 8 33
0
JsSV 1 6
1
null JsSV 9894 4
2022 11 15 8 55
0
adxQ 0 6
1
null adxQ 3817 3
2022 11 15 9 29
0
DscZ 0 7
1
null DscZ 9969 8
2022 11 15 9 59
0
OJSq 1 3
1
null OJSq 6792 8
2022 11 15 10 20
0
tgHf 0 0
1
null tgHf 6487 5
2022 11 15 10 39
0
ehcE 0 7
1
null ehcE 9540 0
2022 11 15 11 0
0
qEPw 1 7
1
null qEPw 768 8
2022 11 15 11 14
0
BIeS 0 6
1
null BIeS 9889 3
2022 11 15 11 52
0
FqVq 0 2
1
null FqVq 5270 7
2022 11 15 12 17
0
zMwz 1 1
1
null zMwz 3451 6
2022 11 15 12 42
0
vIlE 1 4
1
null vIlE 9406 2
2022 11 15 13 8
0
UcaI 0 4
1
null UcaI 5864 1
2022 11 15 13 22
0
yPew 0 5
1
null yPew 2065 1
2022 11 15 13 41
0
aQln 1 8
1
null aQln 3928 5
2022 11 15 14 6
0
arDg 0 0
1
null arDg 677 8
2022 11 15 14 42
0
pNAF 1 8
1
null pNAF 6989 8
2022 11 15 15 10
0
mawP 1 8
1
null mawP 7727 2
2022 11 15 15 22
0
Cwul 0 3
1
null Cwul 6414 4
2022 11 15 15 48
0
XkEi 1 4
1
null XkEi 8880 0
2022 11 15 16 5
0
JyJH 0 7
1
null JyJH 1531 4
2022 11 15 16 40
0
pwgI 0 3
1
null pwgI 7883 7
2022 11 15 17 8
0
Bbok 0 2
1
null Bbok 5368 0
2022 11 15 17 24
0
uNks 0 1
1
null uNks 262 6
2022 11 15 18 1
0
xjck 1 5
1
null xjck 6096 1
2022 11 15 18 32
0
SgGd 0 8
1
null SgGd 3255 4
2022 11 15 18 57
0
JAUH 1 6
1
null JAUH 52 1
2022 11 15 19 37
0
JovB 1 7
1
null JovB 9157 8
2022 11 15 20 12
0
hcvo 1 5
1
null hcvo 2750 3
2022 11 15 20 25
0
kwwT 0 7
1
null kwwT 606 6
2022 11 15 20 43
0
YdIE 1 0
1
null YdIE 1200 8
2022 11 15 21 20
0
ylZr 0 3
1
null ylZr 8481 4
2022 11 15 21 37
0
etWF 1 8
1
null etWF 9361 2
2022 11 15 22 9
0
QKco 1 3
1
null QKco 9594 2
2022 11 15 22 43
0
hzfI 1 5
1
null hzfI 3589 3
2022 11 15 22 58
0
Wcxd 1 2
1
null Wcxd 9757 0
2022 11 15 23 14
0
juEU 0 7
1
null juEU 5233 1
2022 11 15 23 24
0
cAoL 1 4
1
null cAoL 6568 2
2022 11 16 0 2
0
nXxk 0 8
1
null nXxk 7027 7
2022 11 16 0 38
0
Eezu 1 8
1
null Eezu 2744 1
2022 11 16 1 16
0
Rkem 1 3
1
null Rkem 6521 2
2022 11 16 1 41
0
bfaB 0 0
1
null bfaB 5657 0
2022 11 16 2 21
0
FURR 0 5
1
null FURR 9613 4
2022 11 16 2 45
0
gOKc 0 1
1
null gOKc 1260 1
2022 11 16 3 21
0
pJnE 1 0
1
null pJnE 232 4
2022 11 16 3 47
0
FyyU 1 3
1
null FyyU 2619 5
2022 11 16 4 2
0
QMCB 1 6
1
null QMCB 2646 0
2022 11 16 4 35
0
eNDP 0 4
1
null eNDP 4164 4
2022 11 16 5 13
0
TOKE 0 6
1
null TOKE 6583 4
2022 11 16 5 25
0
Zmpz 0 3
1
null Zmpz 6183 6
2022 11 16 5 42
0
UIiK 1 7
1
null UIiK 2874 6
2022 11 16 6 5
0
ubDy 0 1
1
null ubDy 9068 6
2022 11 16 6 27
0
AYIl 1 5
1
null AYIl 7324 5
2022 11 16 6 38
0
qLHO 1 0
1
null qLHO 2684 1
2022 11 16 7 5
0
RXBo 1 2
1
null RXBo 8193 0
2022 11 16 7 37
0
GOIn 0 5
1
null GOIn 814 8
2022 11 16 8 4
0
dnpR 0 8
1
null dnpR 1982 0
2022 11 16 8 33
0
yqUi 1 4
1
null yqUi 2956 8
2022 11 16 8 49
0
dTbP 1 0
1
null dTbP 5761 5
2022 11 16 9 1
0
ICcQ 1 1
1
null ICcQ 7499 6
2022 11 16 9 41
0
vfhR 0 8
1
null vfhR 1401 2
2022 11 16 10 7
0
GarQ 0 7
1
null GarQ 5974 1
2022 11 16 10 27
0
cxZn 1 3
1
null cxZn 9474 8
2022 11 16 10 57
0
HiOu 1 4
1
null HiOu 2470 8
2022 11 16 11 26
0
zYIO 0 4
1
null zYIO 3603 8
2022 11 16 12 2
0
vehZ 0 3
1
null vehZ 6308 0
2022 11 16 12 13
0
JEUg 1 5
1
null JEUg 3032 7
2022 11 16 12 28
0
lhWf 1 4
1
null lhWf 3943 7
2022 11 16 12 43
0
XIXh 0 1
1
null XIXh 6735 8
2022 11 16 13 1
0
qxJV 0 2
1
null qxJV 566 3
2022 11 16 13 33
0
AxFu 1 0
1
null AxFu 588 1
2022 11 16 13 55
0
ytoB 1 2
1
null ytoB 7439 3
2022 11 16 14 34
0
ofbW 1 6
1
null ofbW 2130 6
2022 11 16 15 11
0
AJJu 1 0
1
null AJJu 9230 6
2022 11 16 15 26
0
KJNf 0 6
1
null KJNf 6651 4
2022 11 16 15 37
0
AuKp 0 6
1
null AuKp 3943 4
2022 11 16 16 13
0
fnIR 0 4
1
null fnIR 8819 2
2022 11 16 16 48
0
NORy 1 1
1
null NORy 366 4
2022 11 16 17 9
0
MLSL 1 4
1
null MLSL 8370 0
2022 11 16 17 20
0
ndLS 1 1
1
null ndLS 5391 5
2022 11 16 17 34
0
rCXF 1 5
1
null rCXF 3896 7
2022 11 16 18 6
0
rend 1 2
1
null rend 5232 6
2022 11 16 18 21
0
kcXt 0 5
1
null kcXt 6457 8
2022 11 16 18 43
0
zqMB 1 6
1
null zqMB 7780 1
2022 11 16 18 56
0
Uyli 1 1
1
null Uyli 9262 3
2022 11 16 19 29
0
ipQg 0 3
1
null ipQg 789 7
2022 11 16 19 55
0
GRcU 1 3
1
null GRcU 9311 2
2022 11 16 20 18
0
NvCy 1 1
1
null NvCy 6609 3
2022 11 16 20 34
0
WUkj 1 6
1
null WUkj 5848 2
2022 11 16 21 13
0
nLye 0 0
1
null nLye 6016 1
2022 11 16 21 50
0
rxmp 1 4
1
null rxmp 7509 5
2022 11 16 22 27
0
AnpZ 1 1
1
null AnpZ 6121 3
2022 11 16 22 49
0
BGFW 1 7
1
null BGFW 2619 8
2022 11 16 23 28
0
WHQh 1 5
1
null WHQh 2180 7
2022 11 16 23 59
0
clCs 1 6
1
null clCs 5567 8
2022 11 17 0 10
0
CztU 1 6
1
null CztU 4692 0
2022 11 17 0 32
0
tfbH 0 0
1
null tfbH 3272 0
2022 11 17 0 47
0
KsDe 1 1
1
null KsDe 1579 1
2022 11 17 1 13
0
huOd 0 6
1
null huOd 4728 3
2022 11 17 1 28
0
DuLH 0 8
1
null DuLH 5897 2
2022 11 17 1 55
0
PwGy 1 8
1
null PwGy 6603 6
2022 11 17 2 17
0
gvWP 0 7
1
null gvWP 1464 5
2022 11 17 2 38
0
aCJC 0 4
1
null aCJC 181 0
2022 11 17 3 7
0
RnjN 1 0
1
null RnjN 3915 3
2022 11 17 3 43
0
upQt 0 1
1
null upQt 3363 1
2022 11 17 3 58
0
ALtR 0 6
1
null ALtR 7984 2
2022 11 17 4 30
0
zKXb 1 7
1
null zKXb 7708 6
2022 11 17 4 49
0
aTQG 1 2
1
null aTQG 4647 1
2022 11 17 5 1
0
YtNQ 1 7
1
null YtNQ 5586 7
2022 11 17 5 24
0
JqKd 1 2
1
null JqKd 7652 5
2022 11 17 5 46
0
EDAG 1 6
1
null EDAG 8581 4
2022 11 17 6 19
0
PVAl 0 0
1
null PVAl 3325 8
2022 11 17 6 41
0
tsvV 1 5
1
null tsvV 9767 5
2022 11 17 7 6
0
Sxhw 1 5
1
null Sxhw 2227 4
2022 11 17 7 37
0
bozC 0 5
1
null bozC 4545 1
2022 11 17 7 52
0
CKfU 1 3
1
null CKfU 1854 4
2022 11 17 8 30
0
iXlX 0 4
1
null iXlX 5289 5
2022 11 17 9 7
0
GfXH 1 1
1
null GfXH 4078 1
2022 11 17 9 34
0
alAb 1 8
1
null alAb 6633 2
2022 11 17 9 50
0
wUQn 0 7
1
null wUQn 6325 4
2022 11 17 10 24
0
oiye 1 7
1
null oiye 2038 4
2022 11 17 10 57
0
RGrn 1 2
1
null RGrn 7404 6
2022 11 17 11 25
0
uGvf 0 8
1
null uGvf 9498 3
2022 11 17 11 48
0
gTEO 1 4
1
null gTEO 5561 1
2022 11 17 12 11
0
QHCx 1 4
1
null QHCx 9820 2
2022 11 17 12 50
0
ldBK 1 4
1
null ldBK 1568 5
2022 11 17 13 26
0
KGIE 1 8
1
null KGIE 79 8
2022 11 17 14 3
0
zurk 0 1
1
null zurk 3442 0
2022 11 17 14 38
0
GufN 0 6
1
null GufN 6471 8
2022 11 17 15 7
0
NjzO 1 2
1
null NjzO 472 2
2022 11 17 15 40
0
Gmfx 0 5
1
null Gmfx 3918 0
2022 11 17 16 2
0
mQnA 1 8
1
null mQnA 4362 3
2022 11 17 16 32
0
SSGi 1 2
1
null SSGi 4348 3
2022 11 17 16 44
0
snSq 0 6
1
null snSq 9175 2
2022 11 17 17 0
0
DTsM 1 4
1
null DTsM 8759 2
2022 11 17 17 23
0
WavL 0 3
1
null WavL 8726 3
2022 11 17 18 0
0
WWBM 1 6
1
null WWBM 5588 1
2022 11 17 18 14
0
zjuO 0 5
1
null zjuO 7237 5
2022 11 17 18 29
0
HVgn 0 8
1
null HVgn 2809 3
2022 11 17 18 59
0
Hylc 0 7
1
null Hylc 8485 6
2022 11 17 19 13
0
ngNr 1 7
1
null ngNr 6908 1
2022 11 17 19 34
0
haae 1 4
1
null haae 3461 2
2022 11 17 19 49
0
qLNS 1 3
1
null qLNS 7047 6
2022 11 17 20 22
0
QGew 1 5
1
null QGew 344 3
2022 11 17 20 49
0
sQDE 0 7
1
null sQDE 6268 4
2022 11 17 21 28
0
AELU 1 8
1
null AELU 7816 8
2022 11 17 21 47
0
dPQF 1 5
1
null dPQF 5659 2
2022 11 17 22 1
0
jvwS 0 4
1
null jvwS 9139 3
2022 11 17 22 37
0
pIXl 1 2
1
null pIXl 822 7
2022 11 17 23 14
0
dPjr 0 8
1
null dPjr 4929 0
2022 11 17 23 36
0
UFhm 1 4
1
null UFhm 9369 5
2022 11 17 23 51
0
FltA 1 8
1
null FltA 8084 1
2022 11 18 0 20
0
uOFz 0 5
1
null uOFz 9361 5
2022 11 18 0 51
0
coLr 1 1
1
null coLr 5080 2
2022 11 18 1 8
0
uRgL 0 4
1
null uRgL 5030 8
2022 11 18 1 37
0
pzrJ 1 4
1
null pzrJ 6082 3
2022 11 18 2 0
0
mfcz 1 1
1
null mfcz 6405 1
2022 11 18 2 28
0
iSie 0 3
1
null iSie 4003 2
2022 11 18 2 45
0
NnyD 0 0
1
null NnyD 2505 0
2022 11 18 2 59
0
LNTC 0 1
1
null LNTC 7592 7
2022 11 18 3 19
0
XihT 1 1
1
null XihT 8648 6
2022 11 18 3 33
0
gdSB 0 2
1
null gdSB 7202 4
2022 11 18 4 1
0
zIHu 0 5
1
null zIHu 4130 5
2022 11 18 4 24
0
zeYb 0 5
1
null zeYb 1729 6
2022 11 18 4 47
0
EByc 0 6
1
null EByc 8010 4
2022 11 18 5 5
0
mEpV 0 7
1
null mEpV 2234 8
2022 11 18 5 29
0
MvLH 0 2
1
null MvLH 2170 7
2022 11 18 5 49
10
1
null vHYI 372 8
2022 11 18 6 53
1
null thYl 253 5
2022 11 18 7 42
1
xaGO null 399 3
2022 11 18 8 45
1
ZidY cJAu 245 7
2022 11 18 9 18
1
kOgG kvRR 615 7
2022 11 18 10 10
1
null LLmv 540 5
2022 11 18 11 21
1
DKPD null 265 5
2022 11 18 12 55
1
LyBv NvCy 420 0
2022 11 18 13 12
1
kIzw XEdE 314 0
2022 11 18 14 18
1
null iiDW 989 0
2022 11 18 15 21
1
null PTju 547 5
2022 11 18 16 7
1
sizx null 924 1
2022 11 18 17 10
1
XwCU null 97 3
2022 11 18 18 46
1
hVvA null 667 5
2022 11 18 19 55
1
null tzQR 977 5
2022 11 18 20 40
1
gOKM jTKR 395 3
2022 11 18 21 45
1
nTwX nYMb 541 4
2022 11 18 22 5
1
cJAu dhKD 855 8
2022 11 18 23 44
1
nKyo Cyts 394 0
2022 11 19 0 7
1
ClMG mfcz 659 7
2022 11 19 1 20
1
FyyU AbHD 88 7
2022 11 19 2 9
1
Zfuv null 150 7
2022 11 19 2 57
1
oJOV null 41 3
2022 11 19 3 14
1
WqvO null 66 5
2022 11 19 4 32
1
null AIkG 833 6
2022 11 19 5 34
1
null APBb 619 7
2022 11 19 6 15
1
juEU null 535 8
2022 11 19 7 14
1
NjzO null 660 2
2022 11 19 8 23
1
UDJX BCdf 72 4
2022 11 19 9 25
1
bfaB null 511 5
2022 11 19 10 10
1
JedP null 889 4
2022 11 19 10 24
1
GAnC null 243 1
2022 11 19 11 21
1
CQLV null 134 6
2022 11 19 12 34
1
AxFu hQvd 407 4
2022 11 19 13 45
1
GarQ bhOM 939 1
2022 11 19 14 10
1
ojaF null 877 2
2022 11 19 15 4
1
WqvO lbXc 338 5
2022 11 19 15 50
1
BNEs null 702 4
2022 11 19 16 59
1
TOKE pehn 707 0
2022 11 19 17 15
1
null DaYL 495 0
2022 11 19 18 18
1
null DTLl 536 3
2022 11 19 18 40
1
null JxHM 349 7
2022 11 19 19 6
1
HchA null 705 2
2022 11 19 20 45
1
Blqm null 408 5
2022 11 19 21 45
1
OrKc null 935 4
2022 11 19 22 5
1
Eezu null 362 6
2022 11 19 23 16
1
null gAJj 539 7
2022 11 20 0 51
1
LdDT null 312 8
2022 11 20 1 40
1
begg null 886 6
2022 11 20 2 22
1
jxAV sDnd 677 0
2022 11 20 3 34
1
null yPew 667 8
2022 11 20 4 43
1
PfNs aTQG 136 0
2022 11 20 5 25
1
null TcNB 416 6
2022 11 20 6 19
1
FGYy null 279 3
2022 11 20 7 28
1
qznT YOtF 34 6
2022 11 20 8 53
1
null AJtN 480 1
2022 11 20 9 10
1
nKyo LMBP 668 1
2022 11 20 10 55
1
clCs null 713 6
2022 11 20 11 8
1
kyKO null 16 2
2022 11 20 12 2
1
WWBM null 783 1
2022 11 20 13 59
1
null lyBd 159 1
2022 11 20 14 47
1
Rkem uGaG 708 6
2022 11 20 15 57
1
WavL null 117 1
2022 11 20 16 22
1
wdxF null 550 2
2022 11 20 17 35
1
KgjY mxKg 305 0
2022 11 20 18 34
1
null YbcD 644 1
2022 11 20 19 0
1
null NgZa 605 5
2022 11 20 20 17
1
null ElnK 361 5
2022 11 20 21 53
1
GDGO MbWP 415 8
2022 11 20 22 50
1
DAYY iCDo 197 3
2022 11 20 23 22
1
kOTC null 454 5
2022 11 21 0 37
1
begg yRZd 877 6
2022 11 21 1 49
1
EPwi NQDd 359 0
2022 11 21 2 31
1
yVrH AUWo 498 7
2022 11 21 3 0
1
zIHu null 454 0
2022 11 21 3 46
1
wxBM null 448 6
2022 11 21 4 2
1
vaxs null 953 8
2022 11 21 5 6
1
svtp null 971 8
2022 11 21 6 22
1
null OJSq 176 8
2022 11 21 7 24
1
null CLZX 641 6
2022 11 21 8 41
1
null WHQh 784 0
2022 11 21 9 27
1
null sDnd 237 4
2022 11 21 10 1
1
CQLV null 206 3
2022 11 21 11 3
1
FzUQ null 548 7
2022 11 21 12 57
1
null FFea 467 7
2022 11 21 13 36
1
kvRR iUVX 607 0
2022 11 21 14 36
1
bozC aBrX 358 7
2022 11 21 15 38
1
YSEu null 323 0
2022 11 21 16 55
1
null kUHS 449 1
2022 11 21 17 34
1
null uFKv 795 0
2022 11 21 17 53
1
FXBG null 872 8
2022 11 21 18 31
1
TxHV hZSP 80 3
2022 11 21 19 8
1
kpNg null 259 4
2022 11 21 19 27
1
null PfNs 498 4
2022 11 21 20 11
1
BpnO null 104 5
2022 11 21 21 28
1
null RYxf 64 8
2022 11 21 22 29
1
kpNg null 230 1
2022 11 21 23 8
1
null vehZ 417 4
2022 11 21 23 27
1
null wGaG 683 6
2022 11 22 0 44
1
null icjv 927 8
2022 11 22 1 36
1
xfTd null 891 8
2022 11 22 2 30
1
cNGV null 49 8
2022 11 22 3 24
1
LTVK null 938 6
2022 11 22 4 27
1
miNT NgZa 414 5
2022 11 22 5 2
1
wUQn ndLS 442 8
2022 11 22 5 47
1
qznT JqaP 222 4
2022 11 22 6 8
1
null qdmf 867 8
2022 11 22 7 39
1
dVuY null 178 3
2022 11 22 8 18
1
null SYaY 480 8
2022 11 22 9 19
1
iikR null 98 0
2022 11 22 9 48
1
null PTtY 713 4
2022 11 22 10 30
1
nIfO null 443 7
2022 11 22 11 47
1
cXBd dLRG 482 4
2022 11 22 12 12
1
nlfm HJLE 301 5
2022 11 22 13 9
1
dnpR eQPK 92 1
2022 11 22 14 20
1
Wgyh null 46 8
2022 11 22 14 32
1
VijL Cqou 429 5
2022 11 22 15 55
1
null nsAi 909 3
2022 11 22 16 20
1
zurk null 222 4
2022 11 22 16 46
1
xDqI null 202 3
2022 11 22 17 46
1
null JqKd 720 6
2022 11 22 18 40
1
null wjpI 124 5
2022 11 22 19 40
1
mQXx null 962 8
2022 11 22 20 28
1
amDq null 658 3
2022 11 22 21 39
1
null qNEq 703 6
2022 11 22 22 6
1
KJNf null 145 5
2022 11 22 23 29
1
Blah null 416 8
2022 11 23 0 16
1
BNik DDVy 598 5
2022 11 23 1 9
1
vohr DcKE 543 2
2022 11 23 2 28
1
njjX null 535 7
2022 11 23 3 15
1
null OieJ 622 1
2022 11 23 4 2
1
Ploq OrKc 483 4
2022 11 23 5 51
1
edcp null 501 8
2022 11 23 6 51
1
TZiK QkrE 557 5
2022 11 23 7 54
1
WNNo njjX 151 4
2022 11 23 8 58
1
edcp null 690 4
2022 11 23 9 40
1
tAAN JqKd 450 7
2022 11 23 10 13
1
mGAW Zaeg 814 2
2022 11 23 11 3
1
null Yzes 604 1
2022 11 23 12 53
1
RrVK MvLH 500 5
2022 11 23 13 33
1
wjpI MCDM 54 1
2022 11 23 14 28
1
null Ugep 708 1
2022 11 23 15 41
1
UDJX vVzX 79 1
2022 11 23 16 51
1
mBJB JSSy 388 6
2022 11 23 17 44
1
null YftL 202 1
2022 11 23 18 34
1
null KFvm 729 7
2022 11 23 19 14
1
null VwgV 348 6
2022 11 23 20 12
1
mQnA xYln 807 0
2022 11 23 20 57
1
hUGc null 869 5
2022 11 23 21 17
1
mGai DDVy 619 4
2022 11 23 22 19
1
HVgn TDAE 36 2
2022 11 23 22 43
1
null LNTC 524 0
2022 11 23 23 14
1
null XOMG 537 8
2022 11 23 23 27
1
XMdH null 394 0
2022 11 24 0 40
1
null uZIO 353 6
2022 11 24 1 21
1
uGvf null 483 8
2022 11 24 2 52
1
null FltA 733 8
2022 11 24 3 48
1
KHfP ZCnd 427 2
2022 11 24 4 36
1
AuKp xaGO 284 6
2022 11 24 5 32
1
null UDJX 599 5
2022 11 24 6 40
1
VCxV KJNf 269 1
2022 11 24 7 33
1
bMMu null 284 7
2022 11 24 8 16
1
Zmpz null 135 4
2022 11 24 9 4
1
null uKaZ 524 5
2022 11 24 10 11
1
null lxPP 27 0
2022 11 24 11 49
1
null cBOT 707 7
2022 11 24 12 6
1
LMBP null 662 2
2022 11 24 13 48
1
null DCFo 388 5
2022 11 24 14 12
1
Kzfp null 977 7
2022 11 24 15 57
1
LKvq ViSH 453 2
2022 11 24 16 57
1
JsSV YNKa 379 6
2022 11 24 17 38
1
null PCSQ 339 7
2022 11 24 18 1
1
null FWEE 968 3
2022 11 24 19 47
1
hcvo null 92 7
2022 11 24 20 1
1
null JEUg 792 5
2022 11 24 21 3
1
LoVE null 492 5
2022 11 24 22 45
1
Blhh dyad 67 8
2022 11 24 23 51
1
dyLx null 205 4
2022 11 25 0 28
1
null LACx 215 2
2022 11 25 1 28
1
dxNE null 587 6
2022 11 25 2 16
1
Sico DscZ 962 6
2022 11 25 3 17
1
null LvBP 194 6
2022 11 25 4 21
1
QXqL HiOu 817 7
2022 11 25 5 7
1
uLYx null 279 6
2022 11 25 6 53
1
ErdP VIXA 748 6
2022 11 25 7 54
1
null HchA 814 5
2022 11 25 8 34
1
OPBe DDVy 150 7
2022 11 25 9 7
1
Ndso IYcH 361 8
2022 11 25 10 27
1
null JLeb 606 0
2022 11 25 10 54
1
FltA null 757 2
2022 11 25 11 21
1
tZNG HchA 963 6
2022 11 25 12 36
1
KBpf null 878 0
2022 11 25 13 6
1
FPqM null 866 7
2022 11 25 14 4
1
LTfr iOzO 655 1
2022 11 25 15 26
1
null fijm 290 4
2022 11 25 16 14
1
null XIXh 323 5
2022 11 25 17 55
1
null vcCb 131 5
2022 11 25 18 1
1
VsjB KrfZ 592 7
2022 11 25 19 52
1
flOh eeSQ 908 2
2022 11 25 20 19
1
NvCy ZnSt 167 0
2022 11 25 20 44
1
kOTC eKRp 474 0
2022 11 25 21 14
1
edcp tmTe 674 8
2022 11 25 22 24
1
null LOek 653 7
2022 11 25 23 57
1
kRkc gYJG 567 1
2022 11 26 0 7
1
DbSc Wcxd 139 5
2022 11 26 1 33
1
eXag hiQg 481 3
2022 11 26 2 52
1
null yVrH 457 3
2022 11 26 3 32
1
null JLeb 129 4
2022 11 26 4 57
1
TqDl AxFu 120 5
2022 11 26 5 26
1
null SRdd 327 3
2022 11 26 6 26
1
Ndso XihT 767 7
2022 11 26 7 52
1
zxAn Wcxd 871 0
2022 11 26 8 33
1
null AdHJ 282 5
2022 11 26 9 54
1
null udTn 524 4
2022 11 26 10 10
1
null WAVu 992 5
2022 11 26 11 59
1
null ZxuE 872 2
2022 11 26 12 24
1
null PfNs 164 4
2022 11 26 13 2
1
null lTIY 606 2
2022 11 26 14 54
1
kOTC abfg 854 2
2022 11 26 15 56
1
tmTe Qwtv 12 3
2022 11 26 16 11
1
null jezo 518 4
2022 11 26 17 25
1
upQt Afjj 730 8
2022 11 26 17 52
1
vaZu QXqL 631 6
2022 11 26 18 43
1
SNSz null 711 8
2022 11 26 19 48
1
null kpNg 133 5
2022 11 26 20 34
1
aVNt null 792 6
2022 11 26 21 7
1
DbSc lAHQ 784 4
2022 11 26 22 44
1
MCDM Qwtv 773 7
2022 11 26 23 3
1
GMxl null 914 4
2022 11 27 0 21
1
UCkH null 179 7
2022 11 27 0 53
1
null NiCd 507 5
2022 11 27 1 47
1
null ntpb 88 5
2022 11 27 2 58
1
EMXE null 337 5
2022 11 27 3 58
1
null mxKg 891 3
2022 11 27 4 35
1
OrKc Zmpz 368 2
2022 11 27 5 46
1
EBTY laYG 649 0
2022 11 27 5 57
1
hLKI kfal 199 8
2022 11 27 6 7
1
null BuZB 556 8
2022 11 27 7 47
1
tfbH null 606 5
2022 11 27 8 52
1
jWGZ Zbrk 673 6
2022 11 27 9 7
1
null Kzfp 206 8
2022 11 27 10 3
1
null STcO 908 7
2022 11 27 10 31
1
dhKD null 757 1
2022 11 27 11 43
1
null VwgV 913 6
2022 11 27 12 58
1
null pNAF 736 4
2022 11 27 13 18
1
null sQDE 486 7
2022 11 27 14 33
1
null SSGi 387 4
2022 11 27 15 41
1
rmra PCSQ 869 1
2022 11 27 16 56
1
null kpNg 668 8
2022 11 27 17 4
1
jwBp null 995 5
2022 11 27 18 8
1
Uyli CLZX 354 0
2022 11 27 19 57
1
mBJB lEBk 965 7
2022 11 27 20 41
1
null HSDL 626 0
2022 11 27 21 56
1
dyLx iCDo 957 1
2022 11 27 22 4
1
wxBM null 301 2
2022 11 27 23 35
1
vfhR RsDL 359 4
2022 11 28 0 27
1
cOve uRgL 471 5
2022 11 28 1 0
1
MooO hUGc 596 7
2022 11 28 2 24
1
lFdm null 376 0
2022 11 28 3 52
1
OlZY null 349 2
2022 11 28 4 10
1
LHRE null 932 4
2022 11 28 5 42
1
null jWGZ 500 3
2022 11 28 6 59
1
KVkr null 416 4
2022 11 28 7 25
1
null fpTA 412 2
2022 11 28 8 47
1
dGZT zIHu 294 0
2022 11 28 9 3
1
jFba RRiB 224 5
2022 11 28 10 20
1
TDAE YJkg 807 8
2022 11 28 10 40
1
kCYq IVHd 682 2
2022 11 28 11 4
1
hQvd null 784 2
2022 11 28 12 44
1
null MLSL 545 0
2022 11 28 13 21
1
cXBd DDVy 309 3
2022 11 28 14 8
1
GmDf null 195 7
2022 11 28 14 43
1
gQUK svDW 327 6
2022 11 28 15 47
1
wUQn fkzn 995 8
2022 11 28 16 34
1
mxKg nxVB 74 4
2022 11 28 17 5
1
tgHf null 668 8
2022 11 28 18 18
1
uKaZ KJNf 415 2
2022 11 28 19 15
1
YNKa null 309 4
2022 11 28 19 35
1
PLcb null 652 5
2022 11 28 20 11
1
null QdVq 877 6
2022 11 28 21 28
1
yeQo gvWP 134 8
2022 11 28 22 8
1
tzQR YbWB 863 7
2022 11 28 22 22
1
YUtR rQQk 662 1
2022 11 28 22 34
1
null rQQk 74 6
2022 11 28 23 18
1
null VQGw 109 5
2022 11 29 0 26
1
null wjpI 238 5
2022 11 29 1 40
1
null sizx 948 1
2022 11 29 2 37
1
EmXP null 630 2
2022 11 29 3 56
1
alAb PQlo 310 2
2022 11 29 4 3
1
GjOo null 451 5
2022 11 29 5 10
1
TxcM null 962 8
2022 11 29 6 6
1
XgFo KwoT 123 1
2022 11 29 7 8
1
UJaw null 379 0
2022 11 29 8 26
1
qwHK htAT 221 0
2022 11 29 9 7
1
ftha null 74 2
2022 11 29 10 34
1
TDAE JPcR 932 2
2022 11 29 11 39
1
hkbl null 431 7
2022 11 29 12 16
1
null cDbJ 607 8
2022 11 29 13 30
1
null KAmO 979 6
2022 11 29 14 18
1
iMGd vJVR 280 6
2022 11 29 15 13
1
AxPb null 898 5
2022 11 29 16 30
1
NvCy vaxs 296 5
2022 11 29 17 44
1
FERh null 975 6
2022 11 29 18 44
1
null EBTY 423 3
2022 11 29 19 29
1
GcNw xjPJ 428 3
2022 11 29 20 6
1
Zmpz hlHo 187 4
2022 11 29 20 41
1
BpnO DbiK 719 3
2022 11 29 21 45
1
null FFea 95 4
2022 11 29 22 36
1
yeQo ZsDB 411 0
2022 11 29 23 12
1
GtIQ null 458 1
2022 11 30 0 15
1
EDAG null 35 2
2022 11 30 1 28
1
TKqK nTwX 651 2
2022 11 30 2 44
1
null JqaP 553 5
2022 11 30 3 2
1
null iJAI 935 8
2022 11 30 4 14
1
null qznT 152 2
2022 11 30 5 56
1
null Zwjy 23 6
2022 11 30 6 10
1
fRFS jxAV 57 1
2022 11 30 7 43
1
dhKD null 414 7
2022 11 30 8 56
1
haZR bYFW 99 2
2022 11 30 9 54
1
ehcE null 41 4
2022 11 30 10 52
1
pGSF null 910 7
2022 11 30 11 7
1
null cDbJ 299 1
2022 11 30 12 57
1
null KmmX 309 7
2022 11 30 13 51
1
vOhD null 902 4
2022 11 30 14 53
1
bAdX null 50 2
2022 11 30 15 49
1
VJMx null 117 5
2022 11 30 16 14
1
SFxF null 714 7
2022 11 30 17 33
1
null TCfp 581 7
2022 11 30 18 9
1
qCgn null 257 1
2022 11 30 19 49
1
null KmmX 872 1
2022 11 30 20 54
1
null fLSK 636 0
2022 11 30 21 17
1
sSJA null 213 4
2022 11 30 22 4
1
hcvo null 368 0
2022 11 30 23 45
1
cOIg null 23 8
2022 11 31 0 9
1
aLdB TxHV 973 1
2022 11 31 1 19
1
ttoa null 406 1
2022 11 31 2 6
1
AilL null 625 3
2022 11 31 3 25
1
null vrBi 250 0
2022 11 31 3 53
1
JqaP null 373 7
2022 11 31 4 30
1
null ZufS 156 6
2022 11 31 5 14
1
null AOMR 105 0
2022 11 31 6 15
1
null GjRo 776 0
2022 11 31 7 22
1
null JnLs 604 8
2022 11 31 8 10
1
null miNT 167 6
2022 11 31 9 11
1
null Nvti 534 5
2022 11 31 10 24
1
rvjB null 119 5
2022 11 31 10 42
1
tsvV nYMb 660 0
2022 11 31 11 16
1
FltA FeAv 554 3
2022 11 31 12 56
1
null DRey 851 6
2022 11 31 13 18
1
VsjB ipQg 899 7
2022 11 31 14 19
1
mfcz null 678 6
2022 11 31 15 38
1
OPaw null 855 3
2022 11 31 16 31
1
vIlE null 899 5
2022 11 31 17 19
1
null XgcM 908 8
2022 11 31 18 26
1
null FBFN 392 1
2022 11 31 19 16
1
null pehn 329 0
2022 11 31 20 26
1
bYFW null 31 0
2022 11 31 21 12
1
ysqK AbHD 189 7
2022 11 31 22 39
1
PCSQ LXFZ 902 1
2022 11 31 23 19
1
coLr EByc 896 5
2022 11 32 0 22
1
Cqou null 755 5
2022 11 32 1 27
1
null LqZY 228 0
2022 11 32 2 55
1
FLmk null 789 7
2022 11 32 3 21
1
NORy null 626 5
2022 11 32 4 10
1
ZVmv GYVy 268 0
2022 11 32 5 31
1
vVzX tqCi 236 5
2022 11 32 6 11
1
aCJC VsjB 589 0
2022 11 32 7 53
1
null xFBp 537 3
2022 11 32 8 55
1
txGQ hZSP 755 8
2022 11 32 9 26
1
Ltpq OCiI 248 2
2022 11 32 10 48
1
Qaat null 26 7
2022 11 32 11 53
1
null FltA 242 2
2022 11 32 12 33
1
Obih null 870 5
2022 11 32 13 54
1
Xwio FzUQ 172 3
2022 11 32 14 5
1
null SNSz 431 1
2022 11 32 15 32
1
OrKc jTKR 86 8
2022 11 32 16 32
1
mxKg iOzO 826 5
2022 11 32 17 59
1
null YNKa 27 7
2022 11 32 18 25
1
PdYI null 372 6
2022 11 32 18 49
1
WAVu jFba 493 5
2022 11 32 19 37
1
cjrb null 742 7
2022 11 32 20 45
1
aBrX null 282 2
2022 11 32 21 37
1
Chbk brzr 401 3
2022 11 32 22 40
1
null nxVB 343 8
2022 11 32 23 36
1
TZiK null 415 6
2022 11 33 0 29
1
uqkf null 385 7
2022 11 33 1 49
1
dyad null 944 6
2022 11 33 2 22
1
KTej hOUZ 423 6
2022 11 33 3 10
1
YZhi MCDM 624 8
2022 11 33 3 50
1
DvNX null 451 2
2022 11 33 4 10
1
FeAv null 149 7
2022 11 33 5 36
1
pJnE null 973 8
2022 11 33 5 49
1
tZlB null 619 5
2022 11 33 6 53
1
null JXWL 219 2
2022 11 33 7 9
1
null OsPc 944 1
2022 11 33 8 19
1
FNua null 214 4
2022 11 33 9 18
1
QGew QiJh 676 0
2022 11 33 9 39
1
cJAu null 777 0
2022 11 33 10 5
1
JyJH Ktak 751 6
2022 11 33 11 2
1
EDAG null 623 5
2022 11 33 12 52
1
vgLC Cwul 53 6
2022 11 33 13 31
1
FJAc wxBM 539 8
2022 11 33 14 52
1
ErdP null 680 8
2022 11 33 15 12
1
null vaZu 372 5
2022 11 33 16 9
1
qHWq nxVB 234 7
2022 11 33 17 6
1
null xYln 16 8
2022 11 33 18 58
1
null GmDf 286 0
2022 11 33 19 9
1
BRis null 713 5
2022 11 33 20 40
1
eeIT NiCd 191 1
2022 11 33 21 43
1
null wrLo 610 1
2022 11 33 22 33
1
uNks null 468 1
2022 11 33 23 49
1
null arDg 638 1
2022 11 34 0 14
1
DAKO pwgI 289 0
2022 11 34 1 36
1
kfal Ndri 721 2
2022 11 34 2 35
1
uXVd null 109 3
2022 11 34 3 28
1
qkEn null 934 8
2022 11 34 3 59
1
iikR null 177 3
2022 11 34 4 12
1
HSxc VboH 215 3
2022 11 34 5 1
1
null NiCd 800 8
2022 11 34 6 15
1
aLdB eEOL 879 6
2022 11 34 7 23
1
LTfr Alen 829 0
2022 11 34 7 47
1
FzUQ null 924 2
2022 11 34 8 52
1
qCgn null 805 2
2022 11 34 9 42
1
null VgTa 319 5
2022 11 34 10 58
1
PTtY zvIf 824 3
2022 11 34 11 24
1
aQln Zaeg 71 5
2022 11 34 12 25
1
xjPJ lhWf 877 0
2022 11 34 13 44
1
JkcP aIVv 564 2
2022 11 34 14 9
1
null wdxF 21 8
2022 11 34 15 53
1
PTju null 26 3
2022 11 34 16 18
1
hPel VwgV 204 4
2022 11 34 17 8
1
mDpJ null 293 1
2022 11 34 18 50
1
Wcxd uRgL 889 1
2022 11 34 19 23
1
LcRf fMHU 803 6
2022 11 34 19 45
1
AdHJ null 226 7
2022 11 34 20 18
1
null ErdP 635 4
2022 11 34 21 24
1
null hZSP 353 3
2022 11 34 22 31
1
NSSB null 600 3
2022 11 34 23 11
1
xjck null 807 6
2022 11 35 0 2
1
null WbuX 454 5
2022 11 35 0 32
1
qNEq null 930 0
2022 11 35 1 52
1
KTej null 355 1
2022 11 35 2 51
1
QYrZ edcp 163 5
2022 11 35 3 38
1
lyBd clCs 373 0
2022 11 35 4 55
1
uNks null 427 5
2022 11 35 5 43
1
null HgOp 709 8
2022 11 35 6 25
1
eNDP LNTC 126 3
2022 11 35 7 18
1
null hiQg 428 0
2022 11 35 8 50
1
LoVE eTMZ 633 4
2022 11 35 9 59
1
null vcCb 719 4
2022 11 35 10 31
1
xTLU uKaZ 296 4
2022 11 35 11 38
1
ojaF YveM 437 3
2022 11 35 11 53
1
null eeIT 607 0
2022 11 35 12 32
1
null KAmO 240 0
2022 11 35 13 25
1
Ujqa null 757 4
2022 11 35 14 18
1
null OtIO 744 8
2022 11 35 15 5
1
yqUi null 334 6
2022 11 35 16 4
1
LNTC dhKD 894 5
2022 11 35 16 32
1
null UFhm 535 7
2022 11 35 17 10
1
juEU KGIE 598 7
2022 11 35 18 35
1
PPcE null 394 3
2022 11 35 19 53
1
BuZB IaPl 903 4
2022 11 35 20 39
1
flOh null 868 0
2022 11 35 21 7
1
null XgFo 858 0
2022 11 35 22 36
1
null SSGi 259 7
2022 11 35 23 25
1
null vVzX 570 8
2022 11 36 0 34
1
vgLC null 136 2
2022 11 36 1 13
1
CLZX qwHK 689 1
2022 11 36 2 43
1
null RYqL 305 4
2022 11 36 3 40
1
gOKM null 52 3
2022 11 36 4 7
1
GjRo null 755 1
2022 11 36 5 5
1
aQqQ null 156 1
2022 11 36 6 56
1
Gtbv null 360 0
2022 11 36 7 25
1
BGSz null 546 4
2022 11 36 7 41
1
xTFS null 538 1
2022 11 36 8 40
1
lyBd aVNt 342 6
2022 11 36 9 32
1
gmQQ efMC 187 0
2022 11 36 10 32
1
xDqI RaKR 738 2
2022 11 36 11 12
1
tqCi PufB 812 5
2022 11 36 12 25
1
HiOu LYda 949 5
2022 11 36 13 22
1
null AORH 955 1
2022 11 36 14 49
1
HVyb null 43 0
2022 11 36 15 51
1
rend bhOM 862 3
2022 11 36 16 11
1
MwPZ mfcz 906 4
2022 11 36 17 19
1
eunc null 89 0
2022 11 36 18 25
1
NDtd fLSK 707 5
2022 11 36 19 3
1
hQvd QPbk 725 6
2022 11 36 19 43
1
null scXa 468 5
2022 11 36 20 23
1
GjRo null 217 1
2022 11 36 21 34
1
mkzV tmTe 295 8
2022 11 36 22 27
1
zYIO null 455 8
2022 11 36 23 11
1
null BvNF 428 5
2022 11 37 0 46
1
yVrH null 244 4
2022 11 37 1 15
1
RCAL xBlc 248 1
2022 11 37 2 45
1
null zYIO 516 2
2022 11 37 3 26
1
saJt cqKl 814 5
2022 11 37 4 27
1
null notZ 777 7
2022 11 37 5 48
1
null Rkem 987 3
2022 11 37 6 52
1
VboH bOfv 335 1
2022 11 37 7 3
1
ivtS null 399 2
2022 11 37 8 41
1
WavL null 952 2
2022 11 37 9 18
1
VlDU null 19 1
2022 11 37 10 18
1
null yVrH 964 8
2022 11 37 11 20
1
icjv null 663 8
2022 11 37 12 38
1
FAOJ null 243 2
2022 11 37 13 37
1
null XwCU 142 2
2022 11 37 13 57
1
VgTa null 890 7
2022 11 37 14 44
1
upQt gRtV 317 2
2022 11 37 15 34
1
null AilL 875 0
2022 11 37 16 31
1
null JsSV 436 1
2022 11 37 16 49
1
null LNTC 49 8
2022 11 37 17 20
1
jErQ null 128 8
2022 11 37 17 50
1
rvjB null 179 0
2022 11 37 18 14
1
kIzw xTFS 386 1
2022 11 37 19 23
1
VIXA null 474 8
2022 11 37 20 4
1
null coLr 706 2
2022 11 37 20 58
1
uqkf null 206 4
2022 11 37 21 45
1
iebW null 756 6
2022 11 37 22 34
1
null RnjN 978 3
2022 11 37 23 36
1
null QWBY 334 7
2022 11 38 0 34
1
nsAi null 322 7
2022 11 38 1 2
1
bfaB null 597 0
2022 11 38 1 38
1
null UJaw 942 3
2022 11 38 2 59
1
reay null 627 3
2022 11 38 3 13
1
fevo null 87 0
2022 11 38 3 25
1
hPel null 474 8
2022 11 38 4 9
1
wfGy hkbl 594 0
2022 11 38 5 27
1
null CQLV 636 7
2022 11 38 6 8
1
LyBv qzFS 772 5
2022 11 38 6 43
1
kpNg null 134 4
2022 11 38 7 26
1
NdcE UaUV 557 7
2022 11 38 7 54
1
null NjzO 285 3
2022 11 38 8 4
1
BHEj AELU 55 4
2022 11 38 9 31
1
XwCU null 657 0
2022 11 38 10 45
1
null hiQg 782 5
2022 11 38 11 20
1
oayk zGLK 702 6
2022 11 38 12 27
1
JnLs null 794 1
2022 11 38 13 22
1
AuKp null 389 4
2022 11 38 14 38
1
null ondi 273 3
2022 11 38 15 40
1
null JXWL 117 8
2022 11 38 16 20
1
null iUVX 889 4
2022 11 38 17 1
1
AOMR null 401 1
2022 11 38 18 41
1
tuyR null 170 8
2022 11 38 19 57
1
nTwX Joxf 442 7
2022 11 38 20 12
1
mwWI hiQg 515 4
2022 11 38 21 28
1
null HSxc 213 2
2022 11 38 22 53
1
OlZY OJSq 257 0
2022 11 38 23 6
1
null nYMb 317 6
2022 11 39 0 41
1
APBb JkcP 385 5
2022 11 39 1 44
1
PWvo Ktak 15 7
2022 11 39 2 11
1
null eKRp 177 3
2022 11 39 3 24
1
VkSg null 609 0
2022 11 39 4 20
1
null wdxF 381 6
2022 11 39 4 58
1
yNcG UOnS 636 2
2022 11 39 5 5
1
VwCU sjJs 635 6
2022 11 39 6 9
1
xVvW null 42 5
2022 11 39 7 2
1
null lFdm 793 6
2022 11 39 7 44
1
soJb vVzX 68 4
2022 11 39 7 58
1
Qidm XwCU 922 5
2022 11 39 8 13
1
ngNr Nvti 67 8
2022 11 39 9 24
1
oMmF QTUS 449 8
2022 11 39 10 43
1
ALtR yszr 47 0
2022 11 39 11 49
1
null AdZN 669 8
2022 11 39 12 8
1
dyad yrEN 137 6
2022 11 39 13 14
1
yTmu null 583 2
2022 11 39 14 23
1
kdKk sQDE 571 8
2022 11 39 15 26
1
YGdw null 439 6
2022 11 39 16 13
1
uRgL null 173 8
2022 11 39 17 28
1
HpSc CuPU 688 1
2022 11 39 18 23
1
LqZY hOUZ 814 5
2022 11 39 19 37
1
null PAeG 974 4
2022 11 39 20 34
1
svtp null 721 1
2022 11 39 21 39
1
ESdR null 57 6
2022 11 39 22 46
1
null LTVK 360 0
2022 11 39 23 53
1
null yiWf 519 7
2022 11 40 0 43
1
null Qcer 765 6
2022 11 40 1 26
1
null IuhD 441 0
2022 11 40 2 34
1
null ilOv 766 2
2022 11 40 2 46
1
Cwul Ktak 695 2
2022 11 40 3 6
1
ttoa Qaat 895 8
2022 11 40 4 45
1
null xjPJ 607 2
2022 11 40 5 44
1
QNyb null 126 7
2022 11 40 6 39
1
null ftha 590 7
2022 11 40 7 8
1
null DTsM 826 1
2022 11 40 8 24
1
null wyAD 802 1
2022 11 40 9 21
1
NmpA Lavy 97 7
2022 11 40 10 42
1
Xyhq BHEj 864 4
2022 11 40 11 27
1
Qzyb qDIA 810 5
2022 11 40 12 8
1
PjdC EByc 870 7
2022 11 40 12 26
1
null mDpJ 701 5
2022 11 40 13 24
1
QWeQ null 958 7
2022 11 40 14 45
1
null Anbn 744 6
2022 11 40 15 33
1
null dhKD 484 4
2022 11 40 15 58
1
umMm hlHo 255 1
2022 11 40 16 27
1
null aQqQ 40 0
2022 11 40 17 4
1
LHBM null 323 1
2022 11 40 17 51
1
mEpV null 613 6
2022 11 40 18 6
1
null OPaw 711 0
2022 11 40 19 14
1
null KJNf 394 0
2022 11 40 20 38
1
iyFB iXdr 565 3
2022 11 40 20 48
1
null RIKq 613 6
2022 11 40 21 27
1
OPBe null 305 3
2022 11 40 22 52
1
pIXl null 10 8
2022 11 40 23 38
1
fevo null 887 4
2022 11 41 0 51
1
null yNcG 744 1
2022 11 41 1 11
1
null FAOJ 628 6
2022 11 41 2 47
1
XwCU null 870 5
2022 11 41 3 12
1
null Sxhw 822 7
2022 11 41 4 48
1
FltA uGvf 611 2
2022 11 41 5 7
1
Ltpq lhrJ 509 8
2022 11 41 6 51
1
null NvCy 939 0
2022 11 41 7 58
1
null SRdd 569 4
2022 11 41 8 28
1
pGSF null 238 8
2022 11 41 9 40
1
null PQlo 687 4
2022 11 41 10 45
1
VJMx cxZn 275 4
2022 11 41 11 58
1
tZlB TKqK 288 6
2022 11 41 12 9
1
HSxc uXVd 510 7
2022 11 41 13 1
1
null RVXS 706 5
2022 11 41 14 55
1
null KMHp 850 2
2022 11 41 15 3
1
null KTej 606 2
2022 11 41 16 59
1
nxVB QXqL 789 1
2022 11 41 17 42
1
null ylZr 390 8
2022 11 41 18 37
1
yrEN lhrJ 503 3
2022 11 41 19 20
1
null uTcN 72 3
2022 11 41 20 19
1
laYG LdDT 34 4
2022 11 41 21 31
1
FLmk aFpk 78 2
2022 11 41 22 39
1
null YoUi 106 2
2022 11 41 23 12
1
Ugep cOes 959 2
2022 11 42 0 4
1
GtIQ null 474 3
2022 11 42 1 18
1
tIeC pqXz 995 7
2022 11 42 2 23
1
Bbok UyFZ 310 8
2022 11 42 3 12
1
null vohr 385 6
2022 11 42 4 21
1
SXYO null 944 8
2022 11 42 5 58
1
Lavy WabQ 872 1
2022 11 42 6 9
1
htAT null 690 5
2022 11 42 7 30
1
AxPb PWvo 509 5
2022 11 42 8 43
1
tqCi null 361 4
2022 11 42 9 52
1
null yTmu 384 5
2022 11 42 10 9
1
zIHu kdKk 630 1
2022 11 42 11 45
1
null gTEO 36 2
2022 11 42 12 24
1
ETOh null 907 6
2022 11 42 13 19
1
Lavy null 675 6
2022 11 42 13 31
1
null bVFR 440 3
2022 11 42 14 21
1
IaPl null 19 7
2022 11 42 15 4
1
Eezu bQGb 812 0
2022 11 42 16 34
1
hJCO null 677 3
2022 11 42 17 28
1
hmVN VboH 620 1
2022 11 42 18 26
1
null zvIf 747 3
2022 11 42 19 41
1
soJb null 382 6
2022 11 42 20 56
1
gYJG null 426 2
2022 11 42 21 2
1
MvLH null 123 6
2022 11 42 21 50
1
ETOh RVXS 470 0
2022 11 42 22 29
1
MQPU null 498 3
2022 11 42 23 5
1
OCiI lTFU 740 7
2022 11 43 0 20
1
jxAV null 553 7
2022 11 43 1 13
1
alAb null 704 5
2022 11 43 2 13
1
null hQvd 500 5
2022 11 43 2 32
1
null GtIQ 616 2
2022 11 43 3 9
1
null DrkO 844 3
2022 11 43 4 29
1
Ujqa null 356 8
2022 11 43 5 16
1
PdYI null 514 6
2022 11 43 5 31
1
null nLye 261 0
2022 11 43 6 3
1
rAiD Ploq 917 0
2022 11 43 6 26
1
null nLye 318 7
2022 11 43 7 20
1
null AUWo 123 3
2022 11 43 8 2
1
QWeQ NSlg 634 2
2022 11 43 8 54
1
null UJaw 688 0
2022 11 43 9 17
1
null anYB 572 6
2022 11 43 10 2
1
null nxVB 902 8
2022 11 43 11 38
1
null AaLK 205 8
2022 11 43 12 55
1
jPgU null 975 0
2022 11 43 13 29
1
oiye null 83 8
2022 11 43 14 5
1
sDnd aRay 907 0
2022 11 43 15 26
1
AilL null 937 5
2022 11 43 16 2
1
RkXz iCDo 596 1
2022 11 43 17 9
1
Zwjy null 379 3
2022 11 43 18 39
1
null Jspn 868 7
2022 11 43 19 53
1
null KgjY 395 0
2022 11 43 20 41
1
YOtF LTfr 390 3
2022 11 43 21 34
1
ysqK null 626 2
2022 11 43 22 32
1
jWGZ null 192 0
2022 11 43 23 33
1
null fJjG 662 1
2022 11 44 0 40
1
uLYx QYrZ 331 7
2022 11 44 1 23
1
JhRI QdVq 956 8
2022 11 44 2 30
1
null ErdP 322 2
2022 11 44 3 52
1
pNAF KMHp 251 6
2022 11 44 4 36
1
null WsRk 564 2
2022 11 44 5 11
1
bMMu null 25 5
2022 11 44 6 28
1
Cqou null 331 1
2022 11 44 7 57
1
gAJj icjv 628 7
2022 11 44 8 23
1
xTFS null 617 8
2022 11 44 9 24
1
NxSN BvNF 599 4
2022 11 44 10 8
1
null oMmF 140 8
2022 11 44 10 47
1
aLdB null 650 0
2022 11 44 11 3
1
QWeQ laYG 856 7
2022 11 44 12 51
1
fYOt null 572 0
2022 11 44 13 47
1
bfaX iwcc 567 1
2022 11 44 14 51
1
kpNg mQnA 210 7
2022 11 44 15 0
1
DmBa BvNF 351 0
2022 11 44 16 31
1
null BNEs 726 5
2022 11 44 16 56
1
OeAT null 927 1
2022 11 44 17 28
1
null BNik 387 8
2022 11 44 18 22
1
null IaPl 224 8
2022 11 44 19 23
1
EULR EBTY 462 5
2022 11 44 20 39
1
null MxuT 390 7
2022 11 44 21 25
1
null nxVB 896 0
2022 11 44 22 6
1
UUzF VRMm 706 4
2022 11 44 22 38
1
null xVvW 851 4
2022 11 44 23 7
1
Joxf null 721 0
2022 11 45 0 41
1
xjck wAdk 884 0
2022 11 45 1 51
1
null MooO 866 1
2022 11 45 2 32
1
SXYO DRey 393 1
2022 11 45 3 43
1
RnjN QMCB 848 3
2022 11 45 4 10
1
null tuyR 342 7
2022 11 45 5 25
1
null ViSH 375 0
2022 11 45 6 27
1
PTju null 192 3
2022 11 45 7 13
1
null BRis 425 1
2022 11 45 8 57
1
itIA null 692 1
2022 11 45 9 19
1
LLmv null 396 6
2022 11 45 10 50
1
OJSq ALtR 737 5
2022 11 45 11 34
1
ondi null 843 1
2022 11 45 12 1
1
null RGrn 114 8
2022 11 45 12 14
1
eKRp JjAl 622 5
2022 11 45 12 44
1
tUCc Blqm 209 6
2022 11 45 13 4
1
iyFB null 559 4
2022 11 45 14 36
1
rDjd null 85 6
2022 11 45 15 5
1
ErdP null 214 4
2022 11 45 15 22
1
iUVX null 938 4
2022 11 45 16 50
1
null AilL 14 6
2022 11 45 17 37
1
null Bbok 670 1
2022 11 45 18 45
1
null FqVq 812 2
2022 11 45 18 58
1
null FNua 496 7
2022 11 45 19 18
1
brzr itIA 810 2
2022 11 45 20 26
1
gTEO AJtN 211 4
2022 11 45 20 40
1
uLoC null 883 7
2022 11 45 20 53
1
null yqUi 812 1
2022 11 45 21 5
1
njjX null 280 1
2022 11 45 22 3
1
xrRi Yvxi 382 8
2022 11 45 23 46
1
YftL null 11 6
2022 11 46 0 1
1
null Kzxw 670 0
2022 11 46 1 39
1
RJjY uTcN 499 5
2022 11 46 2 46
1
aTQG BVzf 361 3
2022 11 46 3 45
1
iwcc null 401 1
2022 11 46 4 35
1
Zaeg eeSQ 92 2
2022 11 46 5 17
1
null LKvq 246 5
2022 11 46 6 56
1
null kIUv 362 5
2022 11 46 7 12
1
eNDP null 26 2
2022 11 46 8 2
1
null VQGw 221 6
2022 11 46 9 42
1
yeQo dnpR 161 1
2022 11 46 10 50
1
null xaGO 495 2
2022 11 46 11 28
1
lTFU RaKR 414 6
2022 11 46 12 56
1
FyyU GjRo 241 5
2022 11 46 13 15
1
Gtbv Alen 526 5
2022 11 46 13 46
1
null jFDH 565 0
2022 11 46 14 24
1
WsRk null 821 5
2022 11 46 15 27
1
null LBit 551 5
2022 11 46 16 45
1
GufN yiWf 100 7
2022 11 46 17 31
1
AuKp null 531 4
2022 11 46 18 48
1
fRMd Qkqq 114 2
2022 11 46 19 43
1
null aRay 984 8
2022 11 46 20 42
1
gQUK CSQG 678 7
2022 11 46 21 47
1
null NDtd 83 1
2022 11 46 22 7
1
uKaZ Cyts 148 2
2022 11 46 23 39
1
AxFu null 180 8
2022 11 47 0 13
1
null zILz 764 2
2022 11 47 1 8
1
rHQn null 433 2
2022 11 47 2 4
1
SSGi null 638 7
2022 11 47 3 32
1
null LcRf 98 8
2022 11 47 4 17
1
edcp null 615 6
2022 11 47 5 3
1
GufN null 483 7
2022 11 47 6 13
1
mFbX null 514 4
2022 11 47 7 33
1
PVAl OFGR 706 7
2022 11 47 7 43
1
null Gmfx 787 2
2022 11 47 8 13
1
cOve oayk 206 8
2022 11 47 8 55
1
WAVu null 34 2
2022 11 47 9 57
1
null jPgU 736 5
2022 11 47 10 22
1
fevo null 830 0
2022 11 47 10 46
1
WsRk null 224 3
2022 11 47 11 20
1
null vaxs 857 6
2022 11 47 12 24
1
IaPl kIUv 59 0
2022 11 47 13 34
1
vIlE zqMB 86 1
2022 11 47 14 55
1
ampT jPgU 199 2
2022 11 47 15 19
1
null CFlX 647 1
2022 11 47 16 22
1
AeCy null 840 3
2022 11 47 17 49
1
hmVN null 419 0
2022 11 47 18 37
1
null WWBM 642 7
2022 11 47 19 5
1
xjck clvG 437 0
2022 11 47 20 0
1
ofbW zurk 966 0
2022 11 47 21 32
1
null ftha 323 7
2022 11 47 22 11
1
VwgV AdfW 628 5
2022 11 47 23 2
1
Joxf null 743 2
2022 11 47 23 16
1
iiDW WGRe 253 6
2022 11 48 0 55
1
null mwWI 603 2
2022 11 48 1 54
1
mawP SFxF 799 1
2022 11 48 2 20
1
wKLQ LXFZ 844 8
2022 11 48 3 53
1
null OPBe 491 7
2022 11 48 4 18
1
lEBk null 350 3
2022 11 48 5 18
1
null axzk 937 1
2022 11 48 6 3
1
cjrb zAyC 16 8
2022 11 48 7 5
1
null snSq 550 3
2022 11 48 8 25
1
lhWf vzzR 291 7
2022 11 48 9 35
1
fpAu HiOu 45 8
2022 11 48 10 25
1
thij null 634 5
2022 11 48 11 56
1
Zfuv null 474 7
2022 11 48 12 14
1
vdOY gQUK 73 8
2022 11 48 12 37
1
JPcR etWF 895 7
2022 11 48 13 26
1
lTIY qBwT 354 7
2022 11 48 14 28
1
MwVZ uRgL 216 5
2022 11 48 15 30
1
mqAj mGai 523 0
2022 11 48 16 5
1
XClk null 636 1
2022 11 48 17 53
1
IQVH dZau 305 6
2022 11 48 18 53
1
LOek JovB 427 4
2022 11 48 19 38
1
NgZa UaUV 112 2
2022 11 48 20 29
1
null TKqK 932 1
2022 11 48 21 2
1
null ldBK 496 0
2022 11 48 22 56
1
MvLH null 591 3
2022 11 48 23 38
1
mPVy null 494 0
2022 11 49 0 54
1
null lBnG 505 6
2022 11 49 1 13
1
null LORc 223 6
2022 11 49 2 56
1
UUzF null 980 1
2022 11 49 3 50
1
nkWI soJb 155 3
2022 11 49 4 27
1
TxcM null 957 8
2022 11 49 5 21
1
null GOIn 74 5
2022 11 49 6 5
1
null GOIn 985 7
2022 11 49 6 18
1
dZau null 759 0
2022 11 49 7 2
1
null miNT 970 5
2022 11 49 7 42
1
null snSq 638 3
2022 11 49 7 53
1
tgHf OPaw 19 0
2022 11 49 8 10
1
ErdP wxBM 214 8
2022 11 49 9 2
1
GmDf TADb 261 6
2022 11 49 10 19
1
syHx null 971 4
2022 11 49 11 38
1
PjdC gdSB 739 3
2022 11 49 12 17
1
OrKc pqXz 508 3
2022 11 49 13 30
1
VlDU CKfU 861 6
2022 11 49 14 51
1
null dVQn 452 7
2022 11 49 15 43
1
OJSq laYG 151 1
2022 11 49 16 54
1
null CFlX 419 6
2022 11 49 17 38
1
XClk null 952 5
2022 11 49 18 4
1
SNSz null 284 8
2022 11 49 18 22
1
dTND tuyR 39 2
2022 11 49 19 36
1
null VMdB 827 1
2022 11 49 20 57
1
null GOIn 206 5
2022 11 49 21 1
1
jeBL EdRo 632 0
2022 11 49 22 24
1
snSq ynAb 46 3
2022 11 49 23 24
1
pzpe null 995 4
2022 11 50 0 2
1
QiJh TcNB 967 3
2022 11 50 0 24
1
xjck omhb 225 8
2022 11 50 1 21
1
FXBG LTVK 587 0
2022 11 50 2 59
1
ZJua arDg 32 3
2022 11 50 3 30
1
KsDe null 961 1
2022 11 50 4 5
1
null ZVmv 35 4
2022 11 50 5 20
1
LOek null 449 0
2022 11 50 5 34
1
eEOL AaLK 709 5
2022 11 50 6 28
1
XuBq null 180 7
2022 11 50 7 28
1
null thij 266 5
2022 11 50 8 13
1
oVbr KHfP 631 6
2022 11 50 9 8
1
yNcG null 332 3
2022 11 50 10 7
1
OMJg ysqK 757 3
2022 11 50 11 57
1
TqDl MYwM 353 3
2022 11 50 12 58
1
null Ltpq 609 8
2022 11 50 13 24
1
FzUQ null 140 4
2022 11 50 14 47
1
cMqc nYMb 581 7
2022 11 50 15 56
1
fpAu ESdR 952 8
2022 11 50 16 59
1
zvIf null 488 4
2022 11 50 17 59
1
null eeSQ 621 8
2022 11 50 18 21
1
null jrdO 712 6
2022 11 50 18 50
1
GarQ oUtJ 882 7
2022 11 50 19 45
1
Alen xUBg 767 6
2022 11 50 20 35
1
null rbAz 512 4
2022 11 50 21 46
1
VJMx xTFS 606 6
2022 11 50 22 42
1
null LdDT 85 2
2022 11 50 23 2
1
null GcNw 634 6
2022 11 50 23 18
1
null gmQQ 219 8
2022 11 51 0 33
1
null ngNr 645 3
2022 11 51 1 30
1
null zxAn 595 8
2022 11 51 2 9
1
null TqDl 884 2
2022 11 51 2 56
1
rvjB OCiI 572 3
2022 11 51 3 6
1
oUtJ SXYO 827 4
2022 11 51 4 10
1
FyyU JDgc 166 6
2022 11 51 5 49
1
xYln xjck 973 4
2022 11 51 6 26
1
PCSQ null 742 3
2022 11 51 7 37
1
null MAOG 739 3
2022 11 51 8 0
1
nYMb null 539 8
2022 11 51 9 22
1
JIIR null 737 3
2022 11 51 10 46
1
WNNo null 144 3
2022 11 51 11 26
1
null TqDl 706 1
2022 11 51 12 4
1
null vHYI 73 6
2022 11 51 13 57
1
null eunc 321 4
2022 11 51 14 3
1
null DrkO 161 1
2022 11 51 15 50
1
NmpA WUkj 219 4
2022 11 51 16 25
1
null xjPJ 481 4
2022 11 51 17 52
1
null WavL 688 8
2022 11 51 18 35
1
null BCdf 524 5
2022 11 51 19 2
1
AaLK MbWP 26 8
2022 11 51 20 26
1
GjRo null 368 3
2022 11 51 21 37
1
null OsPc 791 6
2022 11 51 22 30
1
PVvn XIXh 387 3
2022 11 51 23 36
1
xnkt null 600 6
2022 11 52 0 22
1
null JLeb 774 5
2022 11 52 1 37
1
nkWI null 17 2
2022 11 52 2 55
1
KAmO null 118 1
2022 11 52 3 17
1
OeAT KMHp 855 5
2022 11 52 4 4
1
dyLx NgZa 475 7
2022 11 52 5 52
1
tAAN BNEs 204 7
2022 11 52 6 58
1
ajFl null 507 1
2022 11 52 7 52
1
oPzT null 175 0
2022 11 52 8 5
1
QYrZ null 92 4
2022 11 52 8 44
1
dVuY JKOE 146 7
2022 11 52 9 5
1
fJjG haae 956 2
2022 11 52 10 6
1
UBMB NvCy 342 1
2022 11 52 11 1
1
null Zfuv 309 3
2022 11 52 11 50
1
JovB null 108 5
2022 11 52 12 9
1
RaKR yHdE 999 0
2022 11 52 13 56
1
uLYx null 451 7
2022 11 52 14 3
1
YqJZ null 830 7
2022 11 52 15 55
1
VPQR null 273 1
2022 11 52 16 16
1
aLlW PfQO 951 0
2022 11 52 16 47
1
yiWf AdHJ 296 4
2022 11 52 17 22
1
qLHO FJAc 838 3
2022 11 52 17 58
1
null DaYL 756 3
2022 11 52 18 28
1
cOes NSlg 227 6
2022 11 52 19 21
1
KgjY qDIA 123 8
2022 11 52 20 22
1
vVzX null 399 5
2022 11 52 21 16
1
null mBJB 461 3
2022 11 52 22 7
1
null iJAI 369 2
2022 11 52 22 25
1
jFDH ZVmv 267 7
2022 11 52 23 17
1
null vzzR 456 2
2022 11 53 0 38
1
FJAc KBpf 741 2
2022 11 53 1 23
1
Xyhq null 774 2
2022 11 53 1 43
1
null DekS 769 2
2022 11 53 2 12
1
ZidY null 584 7
2022 11 53 3 9
1
null PxGq 235 0
2022 11 53 4 0
1
ofbW iIBZ 473 1
2022 11 53 5 7
1
itIA dyLx 26 6
2022 11 53 6 59
1
bMMu null 917 1
2022 11 53 7 21
1
Chbk YsHs 243 8
2022 11 53 8 11
1
null BGSz 918 5
2022 11 53 9 32
1
rxmp null 863 3
2022 11 53 10 56
1
dDZQ HSxc 265 0
2022 11 53 11 6
1
jrdO mfcz 97 3
2022 11 53 12 1
1
AbFv null 668 0
2022 11 53 13 57
1
null miKH 495 0
2022 11 53 14 9
1
OwYI null 295 8
2022 11 53 14 36
1
DekS LcRf 453 7
2022 11 53 15 58
1
null sjJs 185 4
2022 11 53 16 7
1
null Zfuv 61 0
2022 11 53 16 26
1
bKUU null 428 4
2022 11 53 17 47
1
TJrb lAHQ 241 6
2022 11 53 18 2
1
Qkqq UJaw 436 1
2022 11 53 19 5
1
Ndri null 969 2
2022 11 53 19 53
1
null aNAU 247 5
2022 11 53 20 12
1
syHx lBnG 630 2
2022 11 53 21 15
1
null JsSV 914 5
2022 11 53 22 36
1
SXYO JAUH 308 4
2022 11 53 23 27
1
YftL null 877 1
2022 11 54 0 41
1
itIA null 210 1
2022 11 54 1 47
1
null bAdX 539 5
2022 11 54 2 49
1
MYke null 60 6
2022 11 54 3 5
1
null EByc 690 6
2022 11 54 4 3
1
RsDL haZR 715 0
2022 11 54 5 34
1
YbWB FJAc 804 8
2022 11 54 6 40
1
sKrF MCDM 979 5
2022 11 54 7 3
1
krxw null 826 8
2022 11 54 8 4
1
ETOh null 849 7
2022 11 54 9 1
1
JxHM null 10 2
2022 11 54 10 29
1
AdZN begg 382 3
2022 11 54 11 19
1
mCzS null 672 1
2022 11 54 12 27
1
null aBrX 590 1
2022 11 54 13 16
1
efMC null 355 0
2022 11 54 14 13
1
LYda AMzp 831 6
2022 11 54 15 55
1
rbAz null 403 5
2022 11 54 16 25
1
miKH null 880 4
2022 11 54 17 28
1
VboH null 525 4
2022 11 54 18 35
1
lhWf JyJH 183 8
2022 11 54 19 44
1
nkWI null 42 4
2022 11 54 20 38
1
Cyts null 481 1
2022 11 54 21 45
1
Yvxi LRYH 841 8
2022 11 54 22 27
1
qLHO null 187 2
2022 11 54 23 55
1
null MCiq 320 5
2022 11 55 0 43
1
cMqc null 486 5
2022 11 55 1 50
1
XwCU iXlX 675 1
2022 11 55 2 2
1
Gmfx null 119 0
2022 11 55 2 28
1
YGdw null 37 4
2022 11 55 3 17
1
null NjzO 114 4
2022 11 55 3 55
1
uAHC QWBY 212 0
2022 11 55 4 13
1
null umMm 718 5
2022 11 55 5 31
1
null Ndri 979 2
2022 11 55 6 16
1
qznT null 458 7
2022 11 55 6 41
1
NEuw UcaI 84 3
2022 11 55 7 44
1
BpnO pGSF 757 3
2022 11 55 8 0
1
null eeIT 908 7
2022 11 55 9 31
1
null PVAl 463 5
2022 11 55 10 59
1
null thij 219 4
2022 11 55 11 30
1
mxKg null 648 4
2022 11 55 12 1
1
GmDf null 660 2
2022 11 55 13 3
1
kRkc AilL 988 7
2022 11 55 14 17
1
MvLH dTND 584 0
2022 11 55 15 38
1
DbSc null 592 7
2022 11 55 16 55
1
null AdfW 657 4
2022 11 55 17 9
1
tqCi null 364 6
2022 11 55 18 6
1
null nIfO 366 0
2022 11 55 19 37
1
LiUk null 820 0
2022 11 55 19 47
1
Zaeg null 27 1
2022 11 55 20 17
1
null MwPZ 995 3
2022 11 55 20 50
1
AeCy YftL 544 1
2022 11 55 21 30
1
null wyAD 722 8
2022 11 55 22 16
1
null iIBZ 129 5
2022 11 55 23 31
1
bQGb null 440 4
2022 11 56 0 44
1
null DBzn 292 0
2022 11 56 1 25
1
ZVmv null 988 8
2022 11 56 2 30
1
iOzO ZVmv 10 8
2022 11 56 3 27
1
null thij 229 0
2022 11 56 4 56
1
null ViSH 89 8
2022 11 56 5 27
1
null rxmp 365 2
2022 11 56 6 37
1
itIA ywWs 579 1
2022 11 56 7 27
1
UJaw null 452 4
2022 11 56 8 59
1
AOMR null 642 4
2022 11 56 9 2
1
vOhD hEBw 999 0
2022 11 56 10 48
1
ZJua null 948 8
2022 11 56 11 11
1
null ondi 766 1
2022 11 56 12 11
1
Cyts TZiK 378 0
2022 11 56 13 32
1
IaPl klgp 571 2
2022 11 56 14 28
1
null ZGJa 784 6
2022 11 56 15 48
1
null uOFz 71 2
2022 11 56 16 18
1
null DAxp 969 8
2022 11 56 17 16
1
nXxk null 910 5
2022 11 56 18 2
1
null hlHo 730 5
2022 11 56 19 6
1
TJrb null 57 5
2022 11 56 20 36
1
null HVyb 87 8
2022 11 56 21 3
1
Yzes null 680 8
2022 11 56 22 23
1
null UOnS 392 5
2022 11 56 22 59
1
nIfO OPaw 525 7
2022 11 56 23 22
1
VMdB null 515 3
2022 11 57 0 51
1
sDnd yPew 265 6
2022 11 57 1 57
1
null xaGO 300 4
2022 11 57 2 44
1
null zqMB 442 2
2022 11 57 3 3
1
null dVuY 430 2
2022 11 57 4 14
1
JjAl xfTd 67 1
2022 11 57 5 11
1
Fxqk ClMG 837 2
2022 11 57 6 8
1
null zurk 448 4
2022 11 57 6 53
1
wNfA Cyts 730 6
2022 11 57 7 13
1
null OrKc 433 5
2022 11 57 8 30
1
pIXl XDuf 718 8
2022 11 57 9 16
1
null aOBS 82 5
2022 11 57 10 14
1
bVFR null 524 0
2022 11 57 11 53
1
null vgLC 844 0
2022 11 57 12 15
1
null zqMB 207 2
2022 11 57 13 41
1
ZCLK null 319 1
2022 11 57 14 29
1
CylE null 786 2
2022 11 57 15 52
1
null OFGR 410 5
2022 11 57 16 17
1
zeYb null 306 8
2022 11 57 16 35
1
iebW JSSy 438 2
2022 11 57 16 53
1
pzrJ qHWq 318 7
2022 11 57 17 37
1
Alen Qaat 313 3
2022 11 57 18 44
1
VCxV null 438 0
2022 11 57 19 36
1
FJAc null 274 2
2022 11 57 20 41
1
LOek eunc 58 6
2022 11 57 21 51
1
OieJ tuyR 983 1
2022 11 57 22 28
1
null luWg 735 1
2022 11 57 23 13
1
bhOM null 570 0
2022 11 58 0 26
1
qEPw WPbl 163 7
2022 11 58 1 56
1
Gtbv XEdE 650 2
2022 11 58 2 32
1
null eKRp 514 4
2022 11 58 3 42
1
LLmv null 626 7
2022 11 58 4 33
1
OrKc kJHj 656 1
2022 11 58 5 42
1
null CSQG 405 1
2022 11 58 6 53
1
eunc OsPc 944 7
2022 11 58 7 48
1
null svee 884 8
2022 11 58 8 26
1
null GufN 159 1
2022 11 58 9 2
1
ubDy etWF 263 0
2022 11 58 10 17
1
fevo null 680 6
2022 11 58 11 18
1
null gAJj 468 4
2022 11 58 12 50
1
eeIT null 940 1
2022 11 58 13 31
1
null MYwM 123 6
2022 11 58 14 30
1
null LiUk 643 1
2022 11 58 15 46
1
wGaG null 242 8
2022 11 58 16 48
1
CAll null 189 4
2022 11 58 17 52
1
iiDW UUzF 414 4
2022 11 58 18 48
1
null AuKp 85 5
2022 11 58 19 3
1
null mKku 928 6
2022 11 58 20 41
1
efMC null 460 8
2022 11 58 21 7
1
null VMdB 602 1
2022 11 58 22 33
1
AaLK null 358 1
2022 11 58 23 18
1
null kIzw 830 8
2022 11 59 0 53
1
BuZB sxSy 222 2
2022 11 59 1 1
1
svtp iikR 646 4
2022 11 59 2 41
1
lLpl null 200 8
2022 11 59 3 6
1
TDAE null 623 7
2022 11 59 4 22
1
GRcU hkbl 332 3
2022 11 59 5 44
1
Kzxw null 812 3
2022 11 59 6 43
1
null Coui 567 5
2022 11 59 7 44
1
gvWP ampT 283 8
2022 11 59 8 41
1
bhOM KGbY 510 2
2022 11 59 9 4
1
etWF bMMu 397 0
2022 11 59 10 10
1
null soJb 331 3
2022 11 59 10 34
1
wjpI null 785 8
2022 11 59 10 57
1
null UyFZ 665 6
2022 11 59 11 17
1
BmhC WISu 473 2
2022 11 59 12 3
1
aBrX RCAL 123 5
2022 11 59 13 53
1
null aNAU 51 0
2022 11 59 14 44
1
uZIO FJAc 208 4
2022 11 59 14 58
1
aLdB OCiI 882 7
2022 11 59 15 10
1
jrdO null 858 6
2022 11 59 15 32
1
BuZB yHdE 992 5
2022 11 59 16 39
1
SgGd fJjG 725 6
2022 11 59 17 11
1
dsYG null 765 0
2022 11 59 18 13
1
null kOoN 519 6
2022 11 59 18 39
1
null oUtJ 552 5
2022 11 59 19 54
1
ghtj null 955 3
2022 11 59 20 6
1
null qwHK 289 4
2022 11 59 21 5
1
tmTe DbiK 543 1
2022 11 59 22 57
1
QPbk null 566 5
2022 11 59 23 52
1
sKrF null 523 6
2022 11 60 0 9
1
null MroS 313 3
2022 11 60 1 24
1
fpAu null 50 2
2022 11 60 2 7
1
null FCNn 398 1
2022 11 60 3 17
1
null oiye 642 8
2022 11 60 4 2
1
null kdKk 809 2
2022 11 60 5 17
1
iiDW AbFv 133 5
2022 11 60 6 37
1
QhTp null 581 4
2022 11 60 7 8
1
Cwul null 481 4
2022 11 60 7 42
1
uXVd dsYG 864 5
2022 11 60 8 24
1
null Blqm 115 5
2022 11 60 9 8
1
null MeYO 758 7
2022 11 60 10 19
1
IVHd cOes 649 3
2022 11 60 11 4
1
null iWHV 701 7
2022 11 60 12 22
1
null rend 889 3
2022 11 60 13 55
1
BUEx oayk 421 1
2022 11 60 14 55
1
hOUZ null 202 5
2022 11 60 15 18
1
null CFlX 987 2
2022 11 60 16 14
1
kOoN haae 243 7
2022 11 60 17 47
1
null jFDH 298 2
2022 11 60 18 50
1
kUHS KGIE 45 5
2022 11 60 19 2
1
nLye null 665 4
2022 11 60 19 13
1
JsSV xBlc 534 1
2022 11 60 20 17
1
tVeP iWTE 898 4
2022 11 60 21 56
1
aIVv null 312 0
2022 11 60 22 42
1
MLSL Yhvu 970 1
2022 11 60 23 37
1
bial FXBG 983 4
2022 11 61 0 10
1
Cqou oJOV 694 7
2022 11 61 1 26
1
IYcH null 196 4
2022 11 61 2 9
1
null lxPP 531 7
2022 11 61 2 56
1
gKOl null 819 6
2022 11 61 3 18
1
MYwM null 966 0
2022 11 61 4 57
1
RRiB WHQh 250 4
2022 11 61 5 26
1
xjck null 448 8
2022 11 61 6 35
1
null GjRo 357 1
2022 11 61 7 11
1
haZR null 834 2
2022 11 61 8 34
1
MicG null 358 5
2022 11 61 9 46
1
null jwBp 820 2
2022 11 61 10 40
1
kOoN EMXE 58 4
2022 11 61 10 59
1
null Zbrk 713 7
2022 11 61 11 52
1
null HSDL 573 3
2022 11 61 12 20
1
SRdd null 766 3
2022 11 61 13 30
1
vThS null 667 8
2022 11 61 14 35
1
null ndLS 371 3
2022 11 61 15 19
1
null yHdE 233 1
2022 11 61 16 47
1
oeYL null 430 5
2022 11 61 17 12
1
null kpNg 400 0
2022 11 61 18 21
1
PjdC null 404 3
2022 11 61 19 6
1
NdcE null 276 0
2022 11 61 20 55
1
null uLYx 863 4
2022 11 61 21 19
1
SbFQ null 369 6
2022 11 61 22 41
1
null SFxF 771 7
2022 11 61 23 56
1
RJjY null 600 7
2022 11 62 0 58
1
coLr null 536 1
2022 11 62 1 34
1
null VboH 75 3
2022 11 62 2 30
1
lLpl YNKa 950 5
2022 11 62 3 34
1
null BvNF 446 8
2022 11 62 4 28
1
PVAl null 109 5
2022 11 62 5 22
1
LORc eeIT 811 5
2022 11 62 6 6
1
BvNF RaKR 307 3
2022 11 62 7 44
1
null dhKD 647 1
2022 11 62 8 36
1
DRey krxw 426 5
2022 11 62 9 40
1
sjJs null 206 6
2022 11 62 10 29
1
LyBv QPbk 313 2
2022 11 62 11 57
1
null ALQM 762 1
2022 11 62 12 50
1
null NxSN 428 7
2022 11 62 13 10
1
Sxhw null 312 8
2022 11 62 14 40
1
dyLx ZxuE 720 1
2022 11 62 15 28
1
KGbY null 665 1
2022 11 62 16 18
1
null kdKk 529 5
2022 11 62 17 51
1
null gvTv 718 0
2022 11 62 18 8
1
null flOh 535 4
2022 11 62 19 3
1
tAAN null 90 4
2022 11 62 20 22
1
JEUg null 987 8
2022 11 62 20 40
1
gdSB bozC 95 2
2022 11 62 21 24
1
ViSH null 990 6
2022 11 62 22 28
1
YLDv vThS 406 1
2022 11 62 23 34
1
null Kgki 579 7
2022 11 63 0 37
1
AnpZ null 280 2
2022 11 63 0 47
1
null NExJ 370 2
2022 11 63 1 23
1
ihwr JXWL 386 8
2022 11 63 2 20
1
null WbuX 598 6
2022 11 63 2 45
1
null svDW 514 6
2022 11 63 3 38
1
TJrb dsYG 375 6
2022 11 63 4 36
1
rQyQ iJAI 765 6
2022 11 63 5 24
1
null XvoY 909 7
2022 11 63 6 12
1
null JLeb 804 0
2022 11 63 7 36
1
null wjpI 717 7
2022 11 63 8 55
1
kcXt DDVy 171 4
2022 11 63 9 16
1
null nMLD 611 5
2022 11 63 9 53
1
QKco MYke 632 5
2022 11 63 10 5
1
null txDQ 877 6
2022 11 63 11 23
1
BGFW null 654 5
2022 11 63 12 44
1
ISqK tYhX 526 3
2022 11 63 13 26
1
hVvA gAJj 320 0
2022 11 63 14 6
1
null MxuT 707 4
2022 11 63 15 27
1
Blah null 433 7
2022 11 63 16 15
1
null XEdE 105 4
2022 11 63 17 4
1
null upQt 761 6
2022 11 63 17 40
1
Anbn behI 609 1
2022 11 63 18 21
1
hLKI NjzO 657 4
2022 11 63 19 33
1
null Joxf 838 3
2022 11 63 20 54
1
null kpNg 522 4
2022 11 63 21 7
1
DBzn null 428 6
2022 11 63 22 52
1
null AIkG 610 5
2022 11 63 23 39
1
aRay RrVK 277 0
2022 11 64 0 7
1
fPPa null 860 0
2022 11 64 1 26
1
gBdY Zmpz 809 6
2022 11 64 2 46
1
rYEy null 78 0
2022 11 64 3 15
1
null CUxL 164 8
2022 11 64 3 53
1
null ihwr 421 2
2022 11 64 4 57
1
QXqL tsvV 540 7
2022 11 64 5 9
1
jwBp juEU 234 8
2022 11 64 5 24
1
OlZY null 423 6
2022 11 64 6 51
1
XkEi cAoL 643 1
2022 11 64 7 27
1
GDGO kRkc 266 4
2022 11 64 8 22
1
uLYx lEBk 609 1
2022 11 64 9 26
1
AbHD null 859 3
2022 11 64 10 44
1
null DvNX 728 3
2022 11 64 11 31
1
mQXx YZhi 875 0
2022 11 64 12 29
1
IYcH fRFS 389 1
2022 11 64 13 53
1
null YIXz 960 3
2022 11 64 14 51
1
null qHWq 943 3
2022 11 64 15 24
1
rxmp null 794 1
2022 11 64 16 41
1
XgcM null 550 5
2022 11 64 17 47
1
bAdX null 574 8
2022 11 64 18 20
1
null UGmw 631 0
2022 11 64 19 12
1
null UOnS 293 5
2022 11 64 20 41
1
GAnC null 123 7
2022 11 64 21 22
1
YxlA coLr 586 1
2022 11 64 22 32
1
CCex zurk 699 0
2022 11 64 23 22
1
null aVNt 769 2
2022 11 65 0 6
1
null SSGi 542 0
2022 11 65 0 30
1
iIBZ null 250 1
2022 11 65 1 19
1
BpQe zeYb 139 1
2022 11 65 2 11
1
null ndLS 417 0
2022 11 65 3 27
1
null nMLD 50 0
2022 11 65 4 26
1
null IKdx 931 6
2022 11 65 5 3
1
null keze 244 0
2022 11 65 6 40
1
XiiL DekS 707 7
2022 11 65 7 40
1
bOfv null 896 5
2022 11 65 8 21
1
BGFW ilOv 922 6
2022 11 65 9 38
1
null Zmpz 533 2
2022 11 65 10 40
1
ZVmv null 80 4
2022 11 65 11 26
1
null FERh 46 1
2022 11 65 12 20
1
null fLSK 199 4
2022 11 65 13 35
1
zGLK null 402 1
2022 11 65 14 42
1
iWHV WISu 895 3
2022 11 65 15 2
1
null yPew 900 3
2022 11 65 16 50
1
HSpq null 70 3
2022 11 65 17 58
1
LiUk null 530 2
2022 11 65 18 8
1
null xTLU 478 7
2022 11 65 19 58
1
eQPK null 251 4
2022 11 65 20 20
1
ElnK null 256 8
2022 11 65 20 55
1
KVkr eunc 431 2
2022 11 65 21 1
1
dxNE null 751 6
2022 11 65 21 53
1
RYqL null 946 5
2022 11 65 22 23
1
null arMi 629 2
2022 11 65 22 54
1
hmVN null 625 1
2022 11 65 23 27
1
HgdW zeYb 652 8
2022 11 66 0 36
1
IaPl RCAL 621 7
2022 11 66 1 9
1
WPbl itIA 626 0
2022 11 66 2 2
1
zjuO gOQm 118 8
2022 11 66 3 45
1
keze null 646 2
2022 11 66 4 58
1
SRdd OrKc 683 8
2022 11 66 5 27
1
njjX null 168 8
2022 11 66 6 20
1
null uFKv 296 7
2022 11 66 7 18
1
kpNg null 770 4
2022 11 66 7 41
1
lTIY null 781 0
2022 11 66 8 48
1
WHQh null 393 6
2022 11 66 9 33
1
DscZ null 799 2
2022 11 66 10 47
1
hZSP HJLE 695 2
2022 11 66 11 55
1
Ndso null 542 2
2022 11 66 12 52
1
null qtHd 852 3
2022 11 66 13 48
1
yiWf null 697 8
2022 11 66 14 44
1
null QHCx 590 5
2022 11 66 14 56
1
null BIpH 834 3
2022 11 66 15 47
1
DAxp YGdw 896 3
2022 11 66 16 23
1
null YSEu 557 4
2022 11 66 17 32
1
null lbXc 330 4
2022 11 66 18 35
1
BmhC NDtd 463 3
2022 11 66 19 37
1
ICcQ null 288 5
2022 11 66 20 38
1
null TADb 598 1
2022 11 66 21 26
1
null ZkFQ 224 7
2022 11 66 22 39
1
STcO null 75 0
2022 11 66 23 6
1
Gtbv iikR 701 4
2022 11 67 0 58
1
XjVB xFBp 349 3
2022 11 67 1 24
1
null NQDd 227 2
2022 11 67 1 47
1
LHRE null 130 7
2022 11 67 2 11
1
rYvv null 768 6
2022 11 67 3 7
1
null dxNE 969 4
2022 11 67 4 28
1
null vOhD 108 6
2022 11 67 5 36
1
null xTFS 567 6
2022 11 67 6 9
1
LOek null 678 6
2022 11 67 7 23
1
null AbHD 82 5
2022 11 67 8 10
1
VlQz null 41 6
2022 11 67 9 53
1
fijm eEOL 970 1
2022 11 67 10 31
1
OJms null 161 3
2022 11 67 11 37
1
ynAb XjVB 757 7
2022 11 67 12 9
1
wNfA mfcz 878 1
2022 11 67 13 9
1
kdKk KmmX 654 7
2022 11 67 14 17
1
JEUg null 65 1
2022 11 67 15 32
1
qdmf QIHh 772 4
2022 11 67 16 59
1
QNyb kfal 75 6
2022 11 67 17 18
1
null Ploq 234 8
2022 11 67 18 35
1
null kcXt 934 4
2022 11 67 19 34
1
PTtY null 828 7
2022 11 67 20 7
1
null yTmu 945 1
2022 11 67 21 46
1
hPel eEOL 723 0
2022 11 67 22 57
1
wjpI null 544 0
2022 11 67 23 16
1
null hlHo 271 5
2022 11 68 0 0
1
KGIE WUkj 126 7
2022 11 68 1 14
1
aFpk YNKa 247 6
2022 11 68 2 31
1
null vehZ 878 8
2022 11 68 3 54
1
null wdxF 139 0
2022 11 68 4 0
1
IQVH BIeS 383 3
2022 11 68 5 49
1
TOKE null 73 2
2022 11 68 6 55
1
null xnkt 394 6
2022 11 68 7 37
1
null JPcR 226 6
2022 11 68 8 46
1
null iWHV 413 0
2022 11 68 9 8
1
null Yvxi 510 6
2022 11 68 10 45
1
mGAW dyLx 388 6
2022 11 68 11 11
1
qwHK xUBg 708 7
2022 11 68 12 38
1
null SPLd 171 2
2022 11 68 13 3
1
NrHU KgjY 436 8
2022 11 68 14 1
1
UBMB mqAj 168 7
2022 11 68 15 43
1
null AilL 610 1
2022 11 68 16 31
1
ajFl null 338 4
2022 11 68 17 14
1
null sxSy 608 3
2022 11 68 18 25
1
null QHCx 591 5
2022 11 68 19 15
1
bfaX IaPl 42 5
2022 11 68 20 10
1
mCzS JKOE 531 7
2022 11 68 21 57
1
null XkEi 285 1
2022 11 68 22 45
1
pwgI uTcN 818 0
2022 11 68 23 8
1
null xTFS 914 5
2022 11 68 23 32
1
haZR aIVv 526 2
2022 11 69 0 42
1
ESdR zurk 295 8
2022 11 69 1 40
1
null Zmpz 93 8
2022 11 69 2 26
1
hEBw VRMm 632 5
2022 11 69 3 58
1
WZLG null 43 6
2022 11 69 4 54
1
TqDl BNik 482 4
2022 11 69 5 24
1
null FkBR 189 8
2022 11 69 6 14
1
LHBM null 937 3
2022 11 69 7 23
1
WqvO pwgI 988 5
2022 11 69 8 57
1
RCAL FGYy 187 6
2022 11 69 9 50
1
null CFlX 602 7
2022 11 69 10 4
1
fTdb qCgn 502 5
2022 11 69 11 25
1
MAOG MvLH 978 3
2022 11 69 12 5
1
VlDU null 258 4
2022 11 69 13 28
1
DAxp null 293 2
2022 11 69 14 2
1
null iHGN 589 4
2022 11 69 15 34
1
yHdE XjVB 57 3
2022 11 69 16 7
1
AeCy itIA 996 2
2022 11 69 17 20
1
null JEUg 157 5
2022 11 69 18 33
1
kcXt xCZA 339 4
2022 11 69 19 56
1
hzfI null 717 3
2022 11 69 20 6
1
vrBi null 250 8
2022 11 69 20 55
1
null yHdE 675 0
2022 11 69 21 16
1
null cMqc 128 4
2022 11 69 22 22
1
null UsBT 610 2
2022 11 69 23 41
1
XgFo null 871 5
2022 11 70 0 35
1
null Wkbr 29 7
2022 11 70 1 26
1
VrFg Cyts 935 6
2022 11 70 2 12
1
WuGU null 273 4
2022 11 70 3 11
1
uXVd null 636 0
2022 11 70 4 19
1
tqKi fpAu 130 7
2022 11 70 5 44
1
null OrKc 47 5
2022 11 70 6 26
1
null CCex 495 7
2022 11 70 7 33
1
Qidm null 213 1
2022 11 70 8 34
1
null zeYb 58 3
2022 11 70 9 10
1
FLmk SXYO 704 7
2022 11 70 9 23
1
null WUkj 216 7
2022 11 70 9 34
1
ipQg BVzf 41 7
2022 11 70 10 28
1
BpnO AxFu 325 3
2022 11 70 10 54
1
null NRsQ 278 1
2022 11 70 11 13
1
YbcD null 486 8
2022 11 70 11 34
1
ESdR null 302 6
2022 11 70 12 46
1
XvoY FltA 187 2
2022 11 70 13 39
1
UIiK null 155 1
2022 11 70 14 26
1
wfGy hcvo 710 3
2022 11 70 15 32
1
fRFS UCkH 210 8
2022 11 70 16 52
1
gvTv null 603 7
2022 11 70 17 17
1
BpnO dyLx 838 3
2022 11 70 18 15
1
null OMJg 395 2
2022 11 70 19 26
1
null qHWq 44 5
2022 11 70 20 39
1
ZfVn bOfv 950 3
2022 11 70 21 30
1
uNks ivtS 384 8
2022 11 70 22 50
1
DAKO upQt 900 2
2022 11 70 23 11
1
null dVuY 636 7
2022 11 70 23 29
1
null FURR 220 2
2022 11 71 0 19
1
EDAG null 486 5
2022 11 71 1 26
1
null RkXz 124 5
2022 11 71 2 54
1
null wxBM 750 0
2022 11 71 3 58
1
oiye SYaY 367 3
2022 11 71 4 19
1
GAnC XiiL 318 8
2022 11 71 5 20
1
null yPew 77 0
2022 11 71 6 47
1
Zwjy bial 33 0
2022 11 71 7 13
1
ylZr null 601 5
2022 11 71 8 49
1
null haae 928 3
2022 11 71 9 54
1
fpAu null 940 7
2022 11 71 10 23
1
null pwgI 249 5
2022 11 71 10 38
1
pwgI qkEn 231 1
2022 11 71 11 25
1
null UDJX 832 4
2022 11 71 12 17
1
uXVd null 897 3
2022 11 71 12 51
1
wdxF null 451 1
2022 11 71 13 37
1
null LMBP 112 3
2022 11 71 14 17
1
ldBK null 139 5
2022 11 71 14 36
1
UBMB null 589 7
2022 11 71 15 17
1
mwKS null 743 7
2022 11 71 16 8
1
BpnO null 665 7
2022 11 71 16 32
1
EULR null 434 5
2022 11 71 17 11
1
PAeG aRay 245 1
2022 11 71 18 23
1
QIHh null 623 6
2022 11 71 19 31
1
AilL null 570 0
2022 11 71 20 24
1
zurk gAJj 373 7
2022 11 71 20 51
1
null zYIO 392 8
2022 11 71 21 20
1
null axzk 172 3
2022 11 71 22 56
1
snSq dnpR 737 3
2022 11 71 23 55
1
null vThS 76 0
2022 11 72 0 41
1
null DCFo 616 1
2022 11 72 1 50
1
null DscZ 690 8
2022 11 72 2 45
1
null tzQR 954 7
2022 11 72 3 35
1
iCDo null 101 3
2022 11 72 4 14
1
null dDZQ 146 1
2022 11 72 5 5
1
xrRi FyyU 388 1
2022 11 72 6 29
1
null bhOM 460 7
2022 11 72 7 4
1
null fRMd 643 7
2022 11 72 7 37
1
OCiI null 785 3
2022 11 72 8 13
1
null Ugep 765 1
2022 11 72 9 22
1
null LvBP 996 5
2022 11 72 10 4
1
GOIn null 127 7
2022 11 72 11 13
1
zWkX null 536 1
2022 11 72 12 1
1
Ploq DbSc 96 2
2022 11 72 13 45
1
VijL Fpkj 579 6
2022 11 72 14 40
1
GtIQ null 187 3
2022 11 72 15 44
1
Muts WgVR 355 4
2022 11 72 16 17
1
OwYI nxVB 339 3
2022 11 72 17 54
1
BNik null 88 8
2022 11 72 18 38
1
huOd SbFQ 250 3
2022 11 72 19 9
1
null VPQR 857 6
2022 11 72 20 44
1
RRiB null 740 3
2022 11 72 21 37
1
JSwO null 10 6
2022 11 72 22 33
1
null AilL 288 7
2022 11 72 23 29
1
ShpV null 175 2
2022 11 73 0 12
1
null tVeP 239 4
2022 11 73 1 11
1
svtp null 923 6
2022 11 73 2 35
1
zGLK DbiK 161 1
2022 11 73 3 25
1
null BGSz 238 3
2022 11 73 4 34
1
EdRo AYIl 355 8
2022 11 73 4 59
1
null rmra 748 0
2022 11 73 5 19
1
xBeB null 674 8
2022 11 73 6 42
1
null hJCO 745 5
2022 11 73 7 22
1
TADb null 691 4
2022 11 73 8 3
1
xBlc null 383 8
2022 11 73 9 38
1
null HSpq 938 8
2022 11 73 10 50
1
RVXS null 598 8
2022 11 73 11 30
1
Xwio null 819 5
2022 11 73 12 57
1
null ErdP 365 4
2022 11 73 13 41
1
Xyhq zLBS 467 4
2022 11 73 14 12
1
null RIKq 251 4
2022 11 73 15 9
1
null pqXz 703 7
2022 11 73 16 10
1
Coui UDJX 464 0
2022 11 73 17 34
1
eXag JqaP 164 5
2022 11 73 18 21
1
null uLoC 758 3
2022 11 73 19 11
1
null ESdR 981 4
2022 11 73 19 24
1
jaml null 683 0
2022 11 73 20 49
1
null AaLK 782 8
2022 11 73 21 22
1
null iCDo 177 2
2022 11 73 22 21
1
Qidm null 407 5
2022 11 73 22 54
1
yVrH null 487 1
2022 11 73 23 46
1
null vgLC 119 8
2022 11 74 0 35
1
AELU DiJp 530 3
2022 11 74 1 20
1
oJOV null 341 7
2022 11 74 2 4
1
qzFS null 621 6
2022 11 74 3 38
1
eNDP haae 836 4
2022 11 74 4 24
1
KFvm null 203 6
2022 11 74 5 58
1
YGdw dyLx 920 3
2022 11 74 6 16
1
null dGZT 666 6
2022 11 74 7 9
1
OsPc ojaF 65 5
2022 11 74 8 7
1
ZCnd null 272 4
2022 11 74 9 32
1
null DAYY 850 5
2022 11 74 10 6
1
AaLK wdxF 508 0
2022 11 74 10 43
1
Fxqk null 389 5
2022 11 74 11 40
1
null axzk 63 4
2022 11 74 12 4
1
UDJX null 814 1
2022 11 74 13 9
1
vehZ null 411 6
2022 11 74 14 20
1
null umMm 696 3
2022 11 74 14 42
1
OwYI null 1000 5
2022 11 74 15 53
1
null RRiB 619 4
2022 11 74 16 30
1
null iMGd 383 1
2022 11 74 17 13
1
UyFZ null 331 4
2022 11 74 18 45
1
PVAl null 816 8
2022 11 74 19 44
1
NORy null 928 5
2022 11 74 20 50
1
xBlc null 639 0
2022 11 74 21 33
1
null mawP 359 0
2022 11 74 22 3
1
null UeXx 895 6
2022 11 74 23 45
1
HVgn null 139 5
2022 11 75 0 54
1
Kzfp hlHo 795 4
2022 11 75 1 52
1
cBOT UDJX 499 1
2022 11 75 2 25
1
tfwt hLKI 324 5
2022 11 75 3 37
1
null DsYY 719 6
2022 11 75 4 49
1
vThS tzQR 82 4
2022 11 75 5 0
1
STcO WZLG 880 1
2022 11 75 6 55
1
kkRY null 781 2
2022 11 75 7 46
1
null mBJB 133 5
2022 11 75 8 13
1
YqJZ null 738 6
2022 11 75 9 22
1
AUWo diCF 109 6
2022 11 75 10 43
1
laYG UIiK 390 0
2022 11 75 11 53
1
AeCy null 519 5
2022 11 75 12 19
1
fLSK jeBL 264 6
2022 11 75 13 5
1
GcNw kOgG 132 0
2022 11 75 14 6
1
iMGd null 415 7
2022 11 75 14 21
1
null XClk 286 5
2022 11 75 15 52
1
null DvNX 75 4
2022 11 75 16 58
1
hPel lFdm 614 3
2022 11 75 17 3
1
JKOE null 933 7
2022 11 75 17 50
1
lyBd null 928 4
2022 11 75 18 16
1
jTKR null 596 1
2022 11 75 18 30
1
null LcRf 132 2
2022 11 75 19 23
1
null aLdB 197 3
2022 11 75 19 54
1
null CAll 436 5
2022 11 75 20 8
1
YNKa null 213 4
2022 11 75 21 28
1
null vFrA 561 5
2022 11 75 21 48
1
zeYb Fxqk 436 8
2022 11 75 22 8
1
RJjY null 473 2
2022 11 75 23 53
1
null LAwg 860 0
2022 11 76 0 57
1
rDjd fRFS 448 7
2022 11 76 1 8
1
YNKa null 963 0
2022 11 76 2 24
1
sjJs DAKO 287 3
2022 11 76 2 47
1
null yqUi 47 4
2022 11 76 3 58
1
null qdmf 493 2
2022 11 76 4 40
1
UcaI GTHs 244 6
2022 11 76 5 59
1
ZxuE null 162 5
2022 11 76 6 35
1
jQQZ null 138 0
2022 11 76 7 9
1
null etWF 895 4
2022 11 76 8 32
1
DDVy null 169 1
2022 11 76 9 20
1
GYVy Sxhw 298 4
2022 11 76 9 42
1
null NjzO 934 8
2022 11 76 10 3
1
ihwr mwKS 98 7
2022 11 76 11 4
1
null ampT 221 3
2022 11 76 12 40
1
null yPew 448 3
2022 11 76 13 42
1
null OPaw 645 0
2022 11 76 14 33
1
edcp null 660 1
2022 11 76 15 27
1
null dTND 450 4
2022 11 76 16 36
1
sQDE Ploq 913 1
2022 11 76 17 46
1
null dsYG 333 8
2022 11 76 18 42
1
xFBp xUBg 528 2
2022 11 76 19 29
1
mDpJ null 547 4
2022 11 76 20 20
1
OieJ IVlh 982 8
2022 11 76 21 15
1
BGFW null 874 3
2022 11 76 22 25
1
Zaeg null 843 4
2022 11 76 23 58
1
JSSy zYIO 32 1
2022 11 77 0 31
1
JsSV null 427 4
2022 11 77 0 54
1
ehcE WjqC 350 2
2022 11 77 1 19
1
MroS null 299 5
2022 11 77 2 54
1
null aLdB 920 8
2022 11 77 3 58
1
yszr NORy 258 5
2022 11 77 4 33
1
KHfP jeBX 598 6
2022 11 77 5 56
1
mziw SoPI 807 5
2022 11 77 6 31
1
UsBT null 947 3
2022 11 77 7 21
1
HVyb null 471 8
2022 11 77 8 51
1
OwYI svDW 127 2
2022 11 77 9 58
1
nxVB null 793 7
2022 11 77 10 2
1
ampT iJAI 569 4
2022 11 77 11 31
1
null vdOY 729 2
2022 11 77 12 51
1
null CQLV 635 1
2022 11 77 13 57
1
QkrE mawP 263 5
2022 11 77 14 16
1
null zMwz 499 5
2022 11 77 15 35
1
PVAl null 360 5
2022 11 77 16 24
1
ozLt zqMB 360 0
2022 11 77 17 32
1
JnLs juEU 474 4
2022 11 77 18 12
1
BuZB PUdc 734 5
2022 11 77 19 37
1
null luWg 162 8
2022 11 77 20 34
1
JDgc LMBP 457 6
2022 11 77 21 25
1
DAxp null 938 7
2022 11 77 21 43
1
Rkem txDQ 296 1
2022 11 77 22 51
1
iXlX null 592 2
2022 11 77 23 17
1
null svDW 896 4
2022 11 78 0 25
1
null XgFo 656 1
2022 11 78 1 19
1
KAmO null 845 8
2022 11 78 2 15
1
Cwul null 80 0
2022 11 78 3 27
1
null tZlB 967 6
2022 11 78 4 36
1
rQQk krxw 67 0
2022 11 78 5 37
1
qLNS Blhh 430 2
2022 11 78 6 35
1
bheX null 984 3
2022 11 78 7 24
1
pJnE null 22 6
2022 11 78 8 15
1
cMqc ihwr 148 5
2022 11 78 9 47
1
FURR nxVB 243 5
2022 11 78 10 51
1
null qDIA 642 7
2022 11 78 11 55
1
ALQM null 69 0
2022 11 78 12 0
1
null JedP 168 3
2022 11 78 12 29
1
TxcM null 156 7
2022 11 78 13 43
1
oiye null 463 2
2022 11 78 14 19
1
jwBp RRiB 773 1
2022 11 78 14 55
1
null MwVZ 941 1
2022 11 78 15 45
1
rxVd null 985 1
2022 11 78 16 44
1
DAxp null 807 4
2022 11 78 17 18
1
HsUY AilL 802 8
2022 11 78 17 55
1
null fJjG 689 5
2022 11 78 18 12
1
null bOfv 703 0
2022 11 78 19 58
1
ojaF svDW 44 4
2022 11 78 20 22
1
null XClk 929 6
2022 11 78 21 0
1
XjVB null 379 6
2022 11 78 22 39
1
aFpk null 947 2
2022 11 78 23 58
1
null BUEx 482 7
2022 11 79 0 30
1
snSq null 151 6
2022 11 79 1 33
1
jeBX brzr 90 1
2022 11 79 2 32
1
dGZT null 628 7
2022 11 79 3 51
1
fnIR Wcxd 443 1
2022 11 79 4 24
1
swQk DTDc 48 1
2022 11 79 5 15
1
bial null 682 0
2022 11 79 6 14
1
JhRI rxmp 543 8
2022 11 79 6 39
1
sjJs SFxF 228 7
2022 11 79 7 59
1
null yeQo 976 3
2022 11 79 8 9
1
iXlX svee 84 2
2022 11 79 9 26
1
null cRFp 552 6
2022 11 79 10 45
1
null SXYO 548 2
2022 11 79 11 19
1
APBb kvRR 442 7
2022 11 79 12 56
1
null ZidY 446 0
2022 11 79 13 16
1
Ktak null 946 5
2022 11 79 14 13
1
aLdB ytoB 755 7
2022 11 79 15 21
1
null efMC 153 5
2022 11 79 16 12
1
thYl uNks 560 3
2022 11 79 17 44
1
begg eeSQ 626 3
2022 11 79 18 44
1
kCST yqUi 399 6
2022 11 79 19 3
1
aVNt null 315 2
2022 11 79 19 51
1
kCYq null 332 0
2022 11 79 20 17
1
tZNG null 510 1
2022 11 79 21 52
1
DBzn Zbrk 800 3
2022 11 79 22 43
1
wdLd null 83 2
2022 11 79 23 7
1
null bhOM 803 0
2022 11 80 0 52
1
mEpV null 460 4
2022 11 80 1 43
1
Snbz Jspn 882 8
2022 11 80 2 28
1
mQnA bKUU 558 8
2022 11 80 2 46
1
FCNn QrsS 184 1
2022 11 80 3 43
1
null EmXP 618 7
2022 11 80 4 1
1
null xBlc 877 6
2022 11 80 5 17
1
bIlu null 236 4
2022 11 80 6 25
1
HVyb DRey 819 2
2022 11 80 6 44
1
cqKl null 297 5
2022 11 80 7 35
1
Fpkj null 622 6
2022 11 80 8 34
1
iTOm null 568 6
2022 11 80 9 2
1
hLfS AbHD 709 8
2022 11 80 10 50
1
null oMmF 646 7
2022 11 80 11 13
1
Chbk zMwz 31 0
2022 11 80 11 41
1
GRcU oeYL 330 6
2022 11 80 12 42
1
luWg null 617 0
2022 11 80 13 34
1
vVzX null 691 2
2022 11 80 13 53
1
soJb tKTC 514 3
2022 11 80 14 35
1
iWTE aLYE 448 3
2022 11 80 15 8
1
null RrVK 866 1
2022 11 80 16 30
1
DbSc null 478 2
2022 11 80 17 2
1
AkMk gOKM 908 0
2022 11 80 18 39
1
YNKa aNAU 554 0
2022 11 80 19 36
1
Zwjy null 632 8
2022 11 80 20 29
1
DBzn XMdH 28 1
2022 11 80 21 35
1
Qwtv null 128 1
2022 11 80 22 43
1
nsAi null 28 4
2022 11 80 23 7
1
LNTC bozC 841 2
2022 11 81 0 36
1
null zILz 725 4
2022 11 81 1 38
1
jPgU null 999 6
2022 11 81 2 5
1
null ajFl 159 6
2022 11 81 3 23
1
null YoUi 606 1
2022 11 81 4 28
1
Uyli null 961 7
2022 11 81 5 34
1
iMGd null 374 4
2022 11 81 6 17
1
itIA tgHf 470 6
2022 11 81 7 20
1
QQZP MicG 998 2
2022 11 81 8 23
1
itIA null 772 5
2022 11 81 9 28
1
KBpf null 336 7
2022 11 81 10 30
1
null AxPb 220 6
2022 11 81 11 22
1
pwgI null 843 5
2022 11 81 12 26
1
null zGLK 111 0
2022 11 81 13 5
1
null qznT 265 7
2022 11 81 14 41
1
oiye null 612 3
2022 11 81 14 57
1
kOTC JyJH 988 8
2022 11 81 15 50
1
NExJ dGZT 514 2
2022 11 81 16 15
1
XjVB QGew 885 4
2022 11 81 17 55
1
mDpJ null 485 5
2022 11 81 18 47
1
null ozLt 525 7
2022 11 81 19 32
1
null qLHO 205 1
2022 11 81 20 44
1
iUVX null 778 4
2022 11 81 21 28
1
JkcP null 968 2
2022 11 81 22 54
1
gOKc Coui 122 6
2022 11 81 23 37
1
null alAb 617 2
2022 11 82 0 18
1
SbFQ tqKi 271 1
2022 11 82 1 4
1
Wkbr null 203 1
2022 11 82 1 19
1
null oUtJ 448 4
2022 11 82 2 19
1
null vcCb 665 4
2022 11 82 2 42
1
null FltA 163 5
2022 11 82 3 44
1
dZau null 136 7
2022 11 82 4 54
1
aNAU null 591 4
2022 11 82 5 15
1
hkbl xjck 69 5
2022 11 82 6 4
1
luWg OLyw 219 2
2022 11 82 7 3
1
DAYY KmmX 917 5
2022 11 82 8 28
1
kCST null 962 1
2022 11 82 9 41
1
jeBL null 345 5
2022 11 82 10 15
1
itIA null 99 7
2022 11 82 11 1
1
FPqM DRey 872 0
2022 11 82 12 58
1
null NRsQ 37 4
2022 11 82 13 59
1
Yvxi null 140 2
2022 11 82 14 17
1
null ZsDB 836 0
2022 11 82 15 3
1
null Cyts 364 2
2022 11 82 16 19
1
kIUv null 348 0
2022 11 82 17 19
1
tzQR null 633 8
2022 11 82 18 44
1
snSq sjJs 42 3
2022 11 82 19 18
1
null gmQQ 880 4
2022 11 82 20 10
1
xTLU diCF 386 3
2022 11 82 21 16
1
null UIiK 53 0
2022 11 82 22 17
1
jrdO null 108 4
2022 11 82 22 41
1
tqON FXBG 178 1
2022 11 82 23 20
1
null EMXE 421 3
2022 11 82 23 56
1
XwrK null 783 3
2022 11 83 0 16
1
RkXz null 374 3
2022 11 83 0 35
1
OtIO null 659 2
2022 11 83 1 43
1
BRis tQSV 574 3
2022 11 83 2 12
1
xTFS null 875 6
2022 11 83 2 48
1
vOhD Uyli 791 8
2022 11 83 3 17
1
null JDgc 788 5
2022 11 83 4 25
1
null UBMB 994 6
2022 11 83 4 46
1
null cXBd 506 8
2022 11 83 5 17
1
BCdf PAeG 381 2
2022 11 83 6 35
1
ntpb brzr 268 0
2022 11 83 7 50
1
null NxSN 109 3
2022 11 83 8 10
1
mPVy null 533 7
2022 11 83 9 1
1
ZCnd null 835 0
2022 11 83 10 39
1
Afjj cqKl 698 1
2022 11 83 11 35
1
qqJa null 353 8
2022 11 83 12 40
1
WjqC Lavy 480 1
2022 11 83 13 29
1
ZVmv null 412 2
2022 11 83 14 0
1
WabQ null 634 2
2022 11 83 15 58
1
yqUi null 658 2
2022 11 83 16 57
1
null TKqK 611 6
2022 11 83 17 28
1
AuKp YSEu 952 5
2022 11 83 18 14
1
fnIR null 767 2
2022 11 83 19 29
1
keze LHRE 507 6
2022 11 83 20 2
1
UIiK uuHo 150 2
2022 11 83 21 33
1
UeXx null 297 2
2022 11 83 22 55
1
FqVq SYaY 977 3
2022 11 83 23 5
1
NvdP bial 15 7
2022 11 84 0 37
1
NvdP fTdb 232 2
2022 11 84 1 14
1
null AUWo 889 5
2022 11 84 2 49
1
null EmXP 266 8
2022 11 84 3 59
1
nlfm bOfv 143 8
2022 11 84 4 14
1
nYMb null 197 5
2022 11 84 5 56
1
Qwtv HpSc 581 6
2022 11 84 6 46
1
ZxuE vfhR 612 7
2022 11 84 7 52
1
QrsS yszr 947 3
2022 11 84 8 20
1
dxNE null 235 5
2022 11 84 9 27
1
KFvm OPaw 617 3
2022 11 84 10 47
1
XXeu iUVX 906 2
2022 11 84 11 14
1
dyad null 658 7
2022 11 84 12 28
1
ElnK null 798 2
2022 11 84 13 14
1
null UGmw 664 5
2022 11 84 14 19
1
PfQO diCF 299 5
2022 11 84 15 17
1
JhRI null 569 0
2022 11 84 16 11
1
pJnE aLlW 693 1
2022 11 84 17 34
1
null SbFQ 499 2
2022 11 84 17 50
1
null qEPw 737 4
2022 11 84 18 46
1
LyBv qBwT 378 0
2022 11 84 19 35
1
NjzO zMwz 198 3
2022 11 84 20 0
1
JnLs OMJg 79 2
2022 11 84 20 55
1
null rxmp 736 8
2022 11 84 21 47
1
DuLH MeYO 85 0
2022 11 84 22 58
1
mFbX null 479 0
2022 11 84 23 47
1
tQSV null 214 4
2022 11 85 0 16
1
nsAi zeYb 521 7
2022 11 85 1 35
1
null IVHd 559 4
2022 11 85 2 31
1
rAiD xFBp 662 2
2022 11 85 3 46
1
VwCU null 41 4
2022 11 85 4 54
1
kwwT null 438 2
2022 11 85 5 43
1
qBwT fRFS 72 2
2022 11 85 6 50
1
cRFp tfbH 877 3
2022 11 85 7 41
1
miKH fLSK 218 3
2022 11 85 8 49
1
nfZf EBTY 85 6
2022 11 85 9 10
1
VwgV xfTd 347 1
2022 11 85 10 42
1
ICcQ null 388 5
2022 11 85 11 39
1
jFba null 427 3
2022 11 85 12 20
1
soJb null 416 2
2022 11 85 13 57
1
null huOd 68 7
2022 11 85 14 14
1
BGFW DbSc 88 6
2022 11 85 15 7
1
null NrHU 602 0
2022 11 85 16 32
1
Wxjj null 228 4
2022 11 85 17 33
1
itIA RwCi 91 6
2022 11 85 18 27
1
tqON null 222 5
2022 11 85 19 13
1
LyBv vzzR 132 0
2022 11 85 20 18
1
null hEBw 689 2
2022 11 85 21 7
1
OFGR null 304 2
2022 11 85 22 3
1
null bfaB 283 5
2022 11 85 23 38
1
null uZIO 712 0
2022 11 86 0 53
1
ywWs null 127 8
2022 11 86 1 37
1
hOUZ upQt 145 4
2022 11 86 2 35
1
null svee 181 7
2022 11 86 3 0
1
null tZlB 734 2
2022 11 86 4 8
1
aQln null 249 0
2022 11 86 5 33
1
NEuw null 14 6
2022 11 86 6 26
1
LyBv DvNX 124 4
2022 11 86 7 52
1
YZhi null 893 4
2022 11 86 8 56
1
KJNf null 601 8
2022 11 86 9 28
1
YLDv null 701 7
2022 11 86 10 40
1
null UEeY 431 4
2022 11 86 11 12
1
STcO null 723 0
2022 11 86 12 2
1
gTEO Obih 816 3
2022 11 86 12 49
1
DbSc null 119 6
2022 11 86 13 0
1
null vehZ 487 8
2022 11 86 14 9
1
cNGV null 739 7
2022 11 86 14 47
1
null Zbrk 676 4
2022 11 86 15 59
1
zqMB FCNn 818 3
2022 11 86 16 28
1
null XXeu 327 1
2022 11 86 17 16
1
null IuhD 776 3
2022 11 86 18 6
1
behI Zwjy 700 5
2022 11 86 18 54
1
ZCnd null 819 6
2022 11 86 19 18
1
null NdcE 409 1
2022 11 86 20 16
1
FzUQ ISqK 754 0
2022 11 86 21 29
1
AdHJ qkEn 216 5
2022 11 86 22 2
1
null nkWI 268 3
2022 11 86 23 14
1
pdhL null 919 1
2022 11 87 0 24
1
qCgn kOTC 978 3
2022 11 87 1 34
1
Qzyb null 883 2
2022 11 87 2 54
1
hmVN pehn 891 3
2022 11 87 3 29
1
null dDZQ 458 1
2022 11 87 4 39
1
uGvf msQy 643 4
2022 11 87 5 11
1
null UsBT 984 0
2022 11 87 6 39
1
jPgU null 338 8
2022 11 87 7 6
1
null MYke 563 7
2022 11 87 8 1
1
ZkFQ UOnS 318 5
2022 11 87 9 59
1
ZJua null 779 2
2022 11 87 10 20
1
tAAN xVvW 41 8
2022 11 87 10 51
1
tVeP null 582 6
2022 11 87 11 13
1
arMi null 273 4
2022 11 87 12 22
1
QhTp null 930 7
2022 11 87 13 43
1
Yvxi AwlT 803 7
2022 11 87 14 56
1
kvRR null 674 5
2022 11 87 15 52
1
null Qidm 81 1
2022 11 87 16 18
1
LTVK XXeu 445 0
2022 11 87 17 19
1
pzrJ null 195 6
2022 11 87 18 36
1
FGYy null 277 3
2022 11 87 19 42
1
AxFu bial 438 2
2022 11 87 19 58
1
PfQO null 108 7
2022 11 87 20 32
1
LLmv null 617 7
2022 11 87 21 9
1
UGmw null 689 3
2022 11 87 22 28
1
dPQF null 928 8
2022 11 87 23 44
1
JIIR null 372 3
2022 11 88 0 4
1
tYhX aQqQ 640 4
2022 11 88 1 38
1
null vThS 617 4
2022 11 88 2 38
1
BRis null 64 7
2022 11 88 3 43
1
null cXBd 562 3
2022 11 88 4 37
1
FFea eeSQ 284 0
2022 11 88 5 10
1
nfZf null 429 3
2022 11 88 6 44
1
null PfQO 548 7
2022 11 88 7 46
1
icjv null 506 2
2022 11 88 8 29
1
pJnE null 471 7
2022 11 88 9 36
1
BGSz null 588 2
2022 11 88 10 15
1
ZfVn null 564 1
2022 11 88 11 28
1
RYxf null 306 0
2022 11 88 12 30
1
oeYL OCiI 29 4
2022 11 88 12 56
1
Hylc Muts 435 1
2022 11 88 13 32
1
null eVlL 225 1
2022 11 88 14 12
1
KAmO null 379 0
2022 11 88 15 54
1
kIUv tfbH 52 0
2022 11 88 16 31
1
null uqkf 36 0
2022 11 88 17 33
1
null VgTa 578 3
2022 11 88 18 27
1
mDpJ JnLs 560 2
2022 11 88 19 35
1
null KFvm 36 7
2022 11 88 20 53
1
null JGyk 906 0
2022 11 88 21 52
1
HchA AMzp 124 7
2022 11 88 22 39
1
mziw yeQo 347 1
2022 11 88 23 8
1
Xyhq wAdk 499 0
2022 11 88 23 30
1
iebW YxlA 664 0
2022 11 89 0 10
1
vaZu iUVX 273 6
2022 11 89 0 48
1
BRis ywWs 221 5
2022 11 89 1 29
1
bQGb hJCO 990 6
2022 11 89 2 25
1
null vVzX 28 3
2022 11 89 2 39
1
null fTdb 672 4
2022 11 89 3 34
1
YdIE ykFr 179 3
2022 11 89 4 32
1
null lyBd 549 8
2022 11 89 5 5
1
oVbr VMdB 530 8
2022 11 89 6 52
1
jzET rDjd 607 3
2022 11 89 7 40
1
JGyk null 351 0
2022 11 89 8 36
1
zYIO null 973 8
2022 11 89 9 15
1
itIA null 34 4
2022 11 89 10 27
1
null uKaZ 135 3
2022 11 89 11 8
1
htAT fijm 489 6
2022 11 89 12 50
1
null XihT 591 3
2022 11 89 13 50
1
null aTQG 445 2
2022 11 89 14 8
1
yrEN null 336 0
2022 11 89 15 3
1
null fMHU 659 3
2022 11 89 15 58
1
null kIzw 745 6
2022 11 89 16 55
1
null Hylc 532 5
2022 11 89 17 15
1
null SPLd 215 5
2022 11 89 18 5
1
null XDuf 876 4
2022 11 89 18 35
1
null ZsDB 194 3
2022 11 89 19 7
1
Yhvu null 201 1
2022 11 89 20 27
1
null eUmn 155 0
2022 11 89 21 24
1
xnkt null 892 3
2022 11 89 22 40
1
cRFp null 762 0
2022 11 89 23 45
1
jWGZ null 581 3
2022 11 90 0 20
1
null UJaw 572 0
2022 11 90 1 30
1
null yVrH 571 3
2022 11 90 2 48
1
WjqC NEuw 858 5
2022 11 90 3 51
1
null zjuO 513 7
2022 11 90 4 25
1
AdZN null 310 6
2022 11 90 5 0
1
QMCB null 557 1
2022 11 90 6 21
1
nIfO null 478 7
2022 11 90 7 24
1
null AMzp 422 7
2022 11 90 8 10
1
aNAU null 944 4
2022 11 90 9 8
1
null Ltpq 675 5
2022 11 90 10 0
1
behI ZxuE 923 6
2022 11 90 11 2
1
IKdx null 285 7
2022 11 90 12 50
1
null eVlL 432 6
2022 11 90 13 22
1
null NgZa 169 2
2022 11 90 14 22
1
EULR OtIO 394 8
2022 11 90 15 41
1
lhrJ null 104 4
2022 11 90 16 26
1
Kgki fMHU 573 1
2022 11 90 17 58
1
BHEj null 910 0
2022 11 90 18 38
1
aLlW XOMG 401 3
2022 11 90 19 41
1
aBrX null 104 2
2022 11 90 20 33
1
BvNF null 862 2
2022 11 90 21 12
1
null fTdb 634 1
2022 11 90 22 8
1
Blqm null 268 4
2022 11 90 23 5
1
uGvf pNAF 234 4
2022 11 91 0 16
1
null fYOt 778 1
2022 11 91 1 31
1
OoXD ipWZ 965 5
2022 11 91 2 44
1
null xjPJ 895 6
2022 11 91 3 54
1
tAAN gTEO 356 5
2022 11 91 4 25
1
null PwGy 856 5
2022 11 91 5 29
1
mPVy TxHV 480 7
2022 11 91 5 49
1
Anbn YYoa 263 4
2022 11 91 6 34
1
null UCkH 359 3
2022 11 91 7 26
1
OFGR wdxF 569 8
2022 11 91 7 46
1
Rkem aYSJ 391 1
2022 11 91 8 34
1
null HsUY 51 7
2022 11 91 9 50
1
amDq null 64 6
2022 11 91 10 12
1
null jPgU 75 3
2022 11 91 10 32
1
qAqW null 192 4
2022 11 91 11 26
1
bMMu YsHs 85 3
2022 11 91 12 25
1
null qxJV 234 6
2022 11 91 13 1
1
hOUZ AOMR 134 3
2022 11 91 14 17
1
null eTMZ 55 7
2022 11 91 15 10
1
CQLV null 145 2
2022 11 91 16 14
1
mwWI DKPD 808 3
2022 11 91 17 16
1
UyFZ null 611 3
2022 11 91 18 26
1
null OPaw 649 3
2022 11 91 19 14
1
null Blqm 612 4
2022 11 91 20 13
1
null BpnO 841 6
2022 11 91 20 29
1
iSie alAb 863 6
2022 11 91 21 46
1
JjAl null 550 4
2022 11 91 22 45
1
null fJjG 44 7
2022 11 91 23 29
1
null rYEy 650 7
2022 11 92 0 44
1
null KrfZ 669 2
2022 11 92 1 6
1
null uqkf 468 5
2022 11 92 2 1
1
null kpNg 722 5
2022 11 92 3 16
1
tIeC Yhvu 999 8
2022 11 92 4 42
1
Obih Lavy 566 4
2022 11 92 4 57
1
vOhD null 763 0
2022 11 92 5 25
1
xrRi null 254 2
2022 11 92 6 45
1
rend Wxjj 348 4
2022 11 92 7 49
1
null alAb 77 3
2022 11 92 8 16
1
MbWP null 329 3
2022 11 92 9 5
1
null PdYI 545 3
2022 11 92 9 26
1
null BuZB 749 3
2022 11 92 9 41
1
OwYI YveM 51 3
2022 11 92 9 51
1
Afjj null 618 0
2022 11 92 10 11
1
pNAF null 103 2
2022 11 92 11 54
1
ngNr Kgki 916 6
2022 11 92 12 47
1
null Yvxi 827 2
2022 11 92 13 50
1
FJAc zYIO 419 3
2022 11 92 14 20
1
KHfP KTej 623 6
2022 11 92 15 32
1
rvjB ykFr 14 1
2022 11 92 16 52
1
qHWq null 173 3
2022 11 92 17 28
1
OieJ ihwr 371 3
2022 11 92 17 56
1
JGyk NvdP 95 4
2022 11 92 18 30
1
null Kgki 504 4
2022 11 92 19 59
1
BUEx null 719 4
2022 11 92 20 35
1
bOfv DAxp 613 1
2022 11 92 21 9
1
null nIfO 745 2
2022 11 92 22 52
1
arMi bIlu 95 5
2022 11 92 23 44
1
BNik PCSQ 603 7
2022 11 93 0 47
1
null notZ 387 3
2022 11 93 1 23
1
pehn VrFg 929 7
2022 11 93 2 9
1
Fxqk OJms 721 4
2022 11 93 3 33
1
mkzV hUGc 65 5
2022 11 93 4 7
1
GjRo IKdx 54 2
2022 11 93 5 24
1
vOhD JedP 778 8
2022 11 93 6 42
1
Hylc BpQe 457 7
2022 11 93 6 53
1
jeBX ZySo 294 3
2022 11 93 7 20
1
Fhps vehZ 86 2
2022 11 93 8 10
1
ETOh null 866 0
2022 11 93 9 50
1
YIXz null 955 6
2022 11 93 10 15
1
null efMC 203 7
2022 11 93 11 55
1
mxKg null 279 2
2022 11 93 12 30
1
YIXz WqvO 38 4
2022 11 93 13 1
1
null OeAT 266 0
2022 11 93 14 32
1
Coui null 356 1
2022 11 93 15 13
1
fJjG XuBq 491 8
2022 11 93 16 53
1
null ntpb 209 1
2022 11 93 17 31
1
null OrKc 227 2
2022 11 93 18 22
1
null UIiK 533 7
2022 11 93 19 54
1
tVeP aFpk 571 5
2022 11 93 20 11
1
nXxk null 339 4
2022 11 93 21 43
1
zjuO null 340 7
2022 11 93 22 29
1
JovB null 765 6
2022 11 93 22 46
1
IQVH null 305 0
2022 11 93 23 32
1
OlZY flOh 100 8
2022 11 93 23 48
1
PufB svtp 499 7
2022 11 94 0 49
1
NEuw oBnZ 720 8
2022 11 94 1 39
1
null xrRi 648 1
2022 11 94 2 0
1
bial null 89 5
2022 11 94 3 9
1
sxSy null 157 5
2022 11 94 4 43
1
tQSV null 507 6
2022 11 94 4 54
1
ozLt null 37 5
2022 11 94 5 19
1
behI null 391 7
2022 11 94 6 22
1
sSJA null 784 2
2022 11 94 7 25
1
gQUK YtNQ 988 3
2022 11 94 8 10
1
WuGU null 576 7
2022 11 94 9 12
1
null tsvV 178 4
2022 11 94 10 18
1
iyFB ozLt 559 7
2022 11 94 10 59
1
null Qcer 352 1
2022 11 94 11 16
1
OlZY FeAv 167 4
2022 11 94 12 55
1
KHfP null 983 3
2022 11 94 13 21
1
null ShpV 420 1
2022 11 94 14 2
1
FyyU lTIY 696 8
2022 11 94 15 6
1
null cXBd 912 0
2022 11 94 16 31
1
laYG null 234 3
2022 11 94 17 0
1
XkEi EZRr 125 1
2022 11 94 18 7
1
UyFZ BVzf 232 4
2022 11 94 19 9
1
null AOMR 580 3
2022 11 94 20 20
1
CztU null 495 4
2022 11 94 21 54
1
cxZn null 806 7
2022 11 94 22 40
1
klgp wxBM 295 4
2022 11 94 23 15
1
bVFR null 398 3
2022 11 94 23 45
1
null GcNw 637 8
2022 11 95 0 9
1
ipQg null 792 8
2022 11 95 0 34
1
dsYG null 670 5
2022 11 95 1 23
1
hOUZ null 389 4
2022 11 95 2 46
1
GcNw null 429 5
2022 11 95 3 4
1
klgp null 259 4
2022 11 95 4 21
1
aNAU fkzn 367 2
2022 11 95 5 47
1
efMC null 760 6
2022 11 95 6 9
1
null tYhX 523 3
2022 11 95 7 27
1
GcNw null 957 2
2022 11 95 8 50
1
null ZufS 426 7
2022 11 95 9 42
1
qtHd FAOJ 394 6
2022 11 95 10 34
1
PPcE nvzZ 639 6
2022 11 95 11 56
1
null BIeS 248 5
2022 11 95 12 22
1
LMBP null 75 8
2022 11 95 13 20
1
null RYxf 444 0
2022 11 95 13 51
1
begg null 645 8
2022 11 95 14 35
1
FXBG SbFQ 112 6
2022 11 95 15 9
1
Zaeg null 147 8
2022 11 95 15 45
1
null zxAn 277 4
2022 11 95 16 9
1
PufB null 951 7
2022 11 95 17 12
1
null DbiK 234 8
2022 11 95 18 54
1
null pzrJ 207 4
2022 11 95 19 16
1
syHx null 429 1
2022 11 95 19 47
1
XOMG null 658 6
2022 11 95 20 47
1
null LACx 95 1
2022 11 95 21 15
1
vHYI null 522 4
2022 11 95 21 27
1
STcO null 868 7
2022 11 95 21 50
1
ISqK null 969 4
2022 11 95 22 34
1
null PwGy 81 8
2022 11 95 23 50
1
rHQn null 895 8
2022 11 96 0 56
1
Uyli null 48 6
2022 11 96 1 13
1
null hKWY 790 3
2022 11 96 2 16
1
null Wcxd 448 0
2022 11 96 2 54
1
iJAI null 45 1
2022 11 96 3 26
1
null pwgI 357 3
2022 11 96 4 45
1
TCfp null 939 6
2022 11 96 5 39
1
null EZRr 813 5
2022 11 96 6 8
1
BVzf DCFo 403 1
2022 11 96 6 44
1
TOKE ipQg 546 1
2022 11 96 7 56
1
EDAG JLeb 658 1
2022 11 96 8 8
1
EBTY dVuY 63 0
2022 11 96 9 14
1
Xiav null 257 2
2022 11 96 10 18
1
HSxc tqON 453 1
2022 11 96 11 27
1
WqvO null 95 3
2022 11 96 11 59
1
pJnE AIkG 506 0
2022 11 96 12 8
1
null JSwO 317 2
2022 11 96 13 18
1
VQGw null 262 5
2022 11 96 14 16
1
hzfI ZkFQ 514 0
2022 11 96 15 31
1
RVXS null 303 2
2022 11 96 16 12
1
jeBX null 873 1
2022 11 96 16 47
1
XvoY null 686 7
2022 11 96 17 24
1
xYln svtp 332 4
2022 11 96 17 36
1
rxmp XOMG 55 3
2022 11 96 18 6
1
yRZd null 686 6
2022 11 96 19 15
1
msQy kIUv 364 4
2022 11 96 20 9
1
QHCx null 434 1
2022 11 96 21 40
1
AdfW null 262 7
2022 11 96 22 9
1
fRMd iwcc 114 0
2022 11 96 23 17
1
eeIT null 957 1
2022 11 96 23 27
1
null tqON 808 5
2022 11 97 0 13
1
DKPD QiJh 449 4
2022 11 97 1 22
1
MYwM null 273 5
2022 11 97 2 27
1
rxVd null 318 0
2022 11 97 3 37
1
AJJu null 119 6
2022 11 97 4 52
1
Ujqr null 572 2
2022 11 97 5 26
1
null PCSQ 455 4
2022 11 97 5 43
1
FqVq AxPb 167 7
2022 11 97 6 49
1
RRiB null 149 2
2022 11 97 7 26
1
WNNo qLNS 785 2
2022 11 97 8 0
1
null YNKa 75 1
2022 11 97 9 47
1
null MixR 676 7
2022 11 97 10 35
1
yqUi null 122 2
2022 11 97 11 6
1
AilL null 585 5
2022 11 97 11 45
1
null WbuX 500 0
2022 11 97 12 34
1
null WsRk 867 1
2022 11 97 13 48
1
YNKa KFvm 219 7
2022 11 97 14 58
1
null udTn 374 1
2022 11 97 15 57
1
null zurk 280 8
2022 11 97 16 14
1
QhTp null 452 1
2022 11 97 17 3
1
NORy null 673 8
2022 11 97 18 36
1
QYrZ Jspn 245 0
2022 11 97 19 56
1
AeCy null 631 5
2022 11 97 20 18
1
QPbk AIkG 21 0
2022 11 97 20 57
1
null WHQh 992 5
2022 11 97 21 9
1
zYIO null 448 1
2022 11 97 22 16
1
PVAl null 439 2
2022 11 97 23 7
1
VJXW null 777 8
2022 11 98 0 30
1
eGBG null 940 1
2022 11 98 1 28
1
rAiD TADb 664 5
2022 11 98 2 42
1
DTDc null 594 0
2022 11 98 3 58
1
kZLF mQXx 460 7
2022 11 98 4 25
1
FAOJ null 266 0
2022 11 98 4 52
1
hEBw gOQm 124 4
2022 11 98 5 53
1
ZsDB null 55 8
2022 11 98 6 3
1
AJtN null 278 7
2022 11 98 7 40
1
fTdb null 681 1
2022 11 98 8 31
1
null uRgL 424 4
2022 11 98 9 46
1
ghtj ipQg 349 7
2022 11 98 10 37
1
null nTwX 57 1
2022 11 98 11 0
1
VQGw LiUk 298 4
2022 11 98 11 27
1
GarQ oayk 700 7
2022 11 98 12 37
1
kIUv IaPl 831 5
2022 11 98 13 34
1
udTn null 564 7
2022 11 98 14 42
1
null MwVZ 938 7
2022 11 98 15 21
1
null dPjr 241 2
2022 11 98 15 53
1
YUtR null 989 1
2022 11 98 16 12
1
null RaKR 953 6
2022 11 98 17 25
1
cqKl NORy 278 8
2022 11 98 18 14
1
null ilOv 255 5
2022 11 98 19 2
1
hKWY HpSc 109 5
2022 11 98 20 41
1
null lTIY 307 7
2022 11 98 21 46
1
null zWkX 708 6
2022 11 98 21 57
1
VlQz null 429 2
2022 11 98 22 49
1
eGBG BVzf 153 1
2022 11 98 23 54
1
Xwio null 701 7
2022 11 99 0 1
1
jvwS VJXW 335 4
2022 11 99 1 7
1
null DTLl 11 0
2022 11 99 2 4
1
null KwoT 859 0
2022 11 99 2 34
1
fPPa eeSQ 75 2
2022 11 99 3 36
1
WGRe null 855 5
2022 11 99 4 30
1
MvLH null 561 5
2022 11 99 4 54
1
qCgn OrKc 844 4
2022 11 99 5 4
1
pzrJ null 127 0
2022 11 99 6 4
1
null reay 585 2
2022 11 99 7 25
1
yqUi qzFS 996 8
2022 11 99 8 52
1
xrCL mEpV 787 4
2022 11 99 9 12
1
WISu null 982 3
2022 11 99 10 29
1
IvZG null 338 7
2022 11 99 11 7
1
cBOT null 919 2
2022 11 99 12 16
1
null kOgG 181 7
2022 11 99 13 56
1
null RwCi 261 3
2022 11 99 14 44
1
null jxAV 163 3
2022 11 99 15 31
1
ESdR LACx 771 1
2022 11 99 16 30
1
jxAV null 283 8
2022 11 99 17 10
1
ftha jeBL 656 8
2022 11 99 18 19
1
JIIR qtHd 481 6
2022 11 99 19 9
1
KAmO null 382 8
2022 11 99 20 53
1
null mziw 222 8
2022 11 99 21 41
1
tzQR oJOV 860 2
2022 11 99 22 21
1
CEgF WAVu 533 6
2022 11 99 23 14
1
null wKLQ 81 1
2022 11 100 0 50
1
njjX YUtR 285 1
2022 11 100 1 0
1
nfZf etWF 857 4
2022 11 100 2 20
1
null eTMZ 363 4
2022 11 100 3 6
1
null Fpkj 241 3
2022 11 100 4 3
1
MZYb JKOE 173 0
2022 11 100 5 54
1
qLNS null 448 8
2022 11 100 6 25
1
NvdP RaKR 980 1
2022 11 100 7 15
1
null vJVR 372 4
2022 11 100 8 31
1
null EdRo 471 5
2022 11 100 9 24
1
flOh kZLF 871 1
2022 11 100 10 7
1
SbFQ null 107 8
2022 11 100 11 11
1
null ZsDB 468 8
2022 11 100 11 48
1
kwwT NORy 912 8
2022 11 100 12 34
1
QIHh luWg 664 1
2022 11 100 12 51
1
null ZySo 688 7
2022 11 100 13 39
1
null NvdP 613 7
2022 11 100 14 4
1
null Xiav 256 8
2022 11 100 15 27
1
etWF null 682 2
2022 11 100 16 24
1
UEeY null 928 6
2022 11 100 17 1
1
null zGLK 125 0
2022 11 100 18 35
1
null TKqK 993 7
2022 11 100 19 30
1
null UyFZ 445 8
2022 11 100 20 23
1
null xjck 511 3
2022 11 100 20 38
1
Qaat null 287 0
2022 11 100 20 59
1
null SXYO 810 0
2022 11 100 21 1
1
null PVAl 160 6
2022 11 100 21 14
1
null PufB 224 0
2022 11 100 21 57
1
JqaP KwoT 910 7
2022 11 100 22 23
1
OJSq null 554 5
2022 11 100 23 3
1
null dLRG 17 3
2022 11 101 0 57
1
null JUan 494 8
2022 11 101 1 17
1
lbXc tuyR 204 4
2022 11 101 2 12
1
null HVyb 651 4
2022 11 101 2 53
1
cRFp jzET 405 5
2022 11 101 3 6
1
mQXx null 260 4
2022 11 101 4 39
1
null dDZQ 854 2
2022 11 101 5 36
1
ttoa KBpf 260 5
2022 11 101 6 13
1
EPwi oBnZ 159 0
2022 11 101 7 35
1
null Blah 704 0
2022 11 101 8 11
1
KVkr tUCc 873 1
2022 11 101 9 26
1
null xrRi 363 5
2022 11 101 10 25
1
LiUk XXeu 149 7
2022 11 101 11 49
1
null uTcN 547 0
2022 11 101 12 17
1
AuKp LdDT 524 2
2022 11 101 13 19
1
null SgGd 95 8
2022 11 101 14 37
1
ALQM wyAD 395 1
2022 11 101 15 17
1
null nfZf 112 2
2022 11 101 16 16
1
bheX bMMu 907 8
2022 11 101 17 16
1
null MLSL 882 8
2022 11 101 18 16
1
NrHU xnkt 971 3
2022 11 101 19 25
1
tgHf DAYY 120 4
2022 11 101 19 39
1
qnAO null 544 0
2022 11 101 20 15
1
null fRMd 910 7
2022 11 101 20 29
1
null XClk 70 2
2022 11 101 20 53
1
null pwgI 788 6
2022 11 101 21 20
1
null CuPU 12 1
2022 11 101 22 2
1
null YdIE 496 0
2022 11 101 23 27
1
null lLpl 661 2
2022 11 102 0 37
1
null FNua 427 1
2022 11 102 1 22
1
UBMB null 137 2
2022 11 102 2 12
1
SPLd WWBM 747 0
2022 11 102 2 52
1
rDjd null 610 6
2022 11 102 3 34
1
diCF null 230 2
2022 11 102 4 46
1
null aMXW 143 3
2022 11 102 5 58
1
lBnG qSDZ 262 2
2022 11 102 6 14
1
sxSy MCiq 747 6
2022 11 102 7 51
1
uKaZ uXVd 528 2
2022 11 102 8 15
1
kcXt RXBo 657 7
2022 11 102 9 0
1
jQQZ null 160 0
2022 11 102 10 41
1
null ehcE 738 0
2022 11 102 11 38
1
vrBi null 220 7
2022 11 102 12 47
1
null ZkFQ 911 4
2022 11 102 13 56
1
null ORWJ 807 5
2022 11 102 14 20
1
null XMdH 195 8
2022 11 102 14 34
1
null nLye 327 3
2022 11 102 15 55
1
null FCNn 796 0
2022 11 102 16 42
1
DTLl aFpk 205 5
2022 11 102 17 29
1
JSSy edcp 363 7
2022 11 102 18 37
1
zWkX null 684 5
2022 11 102 19 49
1
MeYO null 212 4
2022 11 102 20 18
1
null AxPb 561 0
2022 11 102 21 27
1
klgp null 547 2
2022 11 102 22 54
1
EDAG null 383 5
2022 11 102 23 10
1
Afjj null 761 6
2022 11 103 0 26
1
null fkzn 503 2
2022 11 103 1 46
1
iXlX null 322 7
2022 11 103 2 38
1
null AVqF 513 8
2022 11 103 3 0
1
TxcM null 790 7
2022 11 103 4 7
1
wfGy lhrJ 328 1
2022 11 103 4 43
1
null cAoL 121 3
2022 11 103 5 53
1
UJaw GYVy 395 3
2022 11 103 6 21
1
AVqF null 340 3
2022 11 103 7 8
1
thij null 585 0
2022 11 103 7 27
1
JXWL fRFS 229 5
2022 11 103 8 36
1
KFvm null 187 5
2022 11 103 9 46
1
null cNGV 134 6
2022 11 103 10 14
1
zAyC mxKg 742 3
2022 11 103 11 37
1
kRkc aVNt 218 3
2022 11 103 12 25
1
yHdE null 169 5
2022 11 103 13 26
1
null notZ 269 7
2022 11 103 13 45
1
RYxf null 753 6
2022 11 103 14 4
1
null dTND 333 7
2022 11 103 14 25
1
AuKp null 452 0
2022 11 103 15 17
1
null rQYn 247 1
2022 11 103 15 52
1
null kOTC 806 7
2022 11 103 16 46
1
MixR IVHd 940 0
2022 11 103 17 40
1
VwCU null 134 5
2022 11 103 18 23
1
gTEO juEU 641 2
2022 11 103 19 12
1
null HuPI 440 2
2022 11 103 20 25
1
null FBFN 548 7
2022 11 103 21 24
1
null QYrZ 363 3
2022 11 103 21 43
1
null Muts 562 6
2022 11 103 22 38
1
null Sxhw 948 5
2022 11 103 23 51
1
aimD null 427 0
2022 11 104 0 44
1
JXWL null 851 2
2022 11 104 1 22
1
PTju null 981 1
2022 11 104 2 40
1
mGai htAT 548 8
2022 11 104 3 31
1
cMqc null 840 0
2022 11 104 4 49
1
null VgTa 790 5
2022 11 104 5 41
1
mPVy Ugep 228 1
2022 11 104 6 42
1
WgVR null 575 0
2022 11 104 7 11
1
JjAl Yvxi 436 4
2022 11 104 8 56
1
jwBp rxmp 36 3
2022 11 104 9 4
1
eUmn Qaat 105 0
2022 11 104 10 21
1
null KTej 899 4
2022 11 104 11 38
1
null dLRG 210 6
2022 11 104 12 36
1
kOTC HpSc 396 5
2022 11 104 13 46
1
dsYG null 528 2
2022 11 104 14 25
1
Ltpq cxZn 744 4
2022 11 104 15 44
1
jFDH null 606 6
2022 11 104 16 45
1
null Wkbr 657 1
2022 11 104 17 23
1
null iJAI 189 4
2022 11 104 18 34
1
CFlX null 106 2
2022 11 104 19 7
1
kCYq null 896 8
2022 11 104 20 3
1
Hylc qLNS 690 3
2022 11 104 21 7
1
IuhD null 37 2
2022 11 104 22 14
1
null SFxF 868 6
2022 11 104 23 43
1
ICcQ KrfZ 373 3
2022 11 105 0 33
1
null OrKc 731 1
2022 11 105 0 47
1
RYxf ElnK 744 8
2022 11 105 1 23
1
null krxw 758 2
2022 11 105 2 14
1
CFlX LHRE 210 7
2022 11 105 3 58
1
VJXW hKWY 204 5
2022 11 105 4 43
1
adxQ null 990 3
2022 11 105 5 33
1
nMLD null 210 8
2022 11 105 6 52
1
YbWB pqXz 501 4
2022 11 105 7 37
1
SXYO PPcE 250 4
2022 11 105 8 23
1
MixR null 218 1
2022 11 105 9 8
1
YUtR null 673 7
2022 11 105 10 57
1
null qLNS 204 8
2022 11 105 11 57
1
OJSq null 988 6
2022 11 105 12 27
1
null kCST 743 4
2022 11 105 13 51
1
wrLo Gmfx 977 4
2022 11 105 14 4
1
mEpV null 583 1
2022 11 105 15 32
1
Yvxi null 320 2
2022 11 105 15 43
1
FFea efMC 625 8
2022 11 105 16 0
1
null AdHJ 348 6
2022 11 105 17 1
1
uuHo AORH 310 1
2022 11 105 18 3
1
arMi null 815 8
2022 11 105 19 32
1
JLeb null 893 6
2022 11 105 19 59
1
BmhC null 724 0
2022 11 105 20 5
1
null KAmO 76 8
2022 11 105 21 11
1
null WhWh 353 3
2022 11 105 22 4
1
TqDl null 179 7
2022 11 105 23 26
1
AkMk null 865 4
2022 11 106 0 7
1
RIKq LBit 560 3
2022 11 106 1 26
1
ZJua VsjB 276 7
2022 11 106 2 32
1
null Qzyb 460 1
2022 11 106 3 48
1
nxVB null 358 4
2022 11 106 4 54
1
null Blhh 526 3
2022 11 106 5 12
1
ivtS uNks 90 4
2022 11 106 5 54
1
hPel null 559 7
2022 11 106 6 0
1
null Alen 169 6
2022 11 106 7 12
1
null ndLS 298 0
2022 11 106 8 54
1
ylZr pFAh 244 3
2022 11 106 9 4
1
null vcCb 636 5
2022 11 106 9 31
1
DiJp null 841 8
2022 11 106 10 44
1
JxHM kCYq 776 4
2022 11 106 11 47
1
vaxs HSDL 344 1
2022 11 106 12 22
1
vaZu null 534 3
2022 11 106 13 32
1
dsYG lEBk 852 1
2022 11 106 14 59
1
Muts null 220 0
2022 11 106 15 16
1
JIIR omhb 98 3
2022 11 106 15 49
1
nvzZ YsHs 419 7
2022 11 106 16 25
1
fTdb xfTd 807 3
2022 11 106 17 45
1
KGbY DAYY 420 3
2022 11 106 18 7
1
null YtNQ 16 1
2022 11 106 19 31
1
null snSq 428 3
2022 11 106 20 48
1
mziw null 745 2
2022 11 106 21 3
1
NSSB null 155 6
2022 11 106 22 6
1
OJSq Sxhw 50 0
2022 11 106 23 12
1
CuPU YbcD 476 1
2022 11 107 0 21
1
tmTe null 281 2
2022 11 107 0 35
1
null ZkFQ 977 6
2022 11 107 1 24
1
null JsSV 611 3
2022 11 107 2 7
1
SXYO null 905 5
2022 11 107 2 33
1
YxlA aNAU 295 0
2022 11 107 3 15
1
Fpkj LyBv 497 0
2022 11 107 4 37
1
SRdd null 633 0
2022 11 107 5 38
1
YxlA UOnS 766 2
2022 11 107 6 33
1
null bIlu 569 1
2022 11 107 7 38
1
null ZkFQ 630 3
2022 11 107 8 32
1
aEgp null 248 3
2022 11 107 9 53
1
null rxmp 444 0
2022 11 107 10 14
1
KMHp ghtj 432 4
2022 11 107 11 59
1
null jezo 409 5
2022 11 107 12 41
1
Zfuv null 553 7
2022 11 107 13 53
1
qxJV null 392 1
2022 11 107 14 5
1
Sxhw dDZQ 598 0
2022 11 107 15 49
1
cMqc DDVy 57 7
2022 11 107 16 6
1
lLpl mPVy 785 4
2022 11 107 16 29
1
AJtN nTwX 250 1
2022 11 107 17 14
1
null Yzes 555 0
2022 11 107 18 36
1
null SRdd 706 1
2022 11 107 19 20
1
null OCiI 351 6
2022 11 107 20 2
1
YLDv txGQ 588 1
2022 11 107 20 20
1
LvBP BHEj 139 3
2022 11 107 20 34
1
PwGy null 780 1
2022 11 107 21 17
1
WNNo null 96 6
2022 11 107 22 51
1
NORy uTcN 38 6
2022 11 107 23 26
1
WWBM null 899 1
2022 11 108 0 27
1
KAmO NExJ 799 7
2022 11 108 1 0
1
YsHs null 801 8
2022 11 108 2 40
1
MQPU PwGy 31 8
2022 11 108 3 41
1
uGaG null 696 6
2022 11 108 4 25
1
null AbFv 598 6
2022 11 108 5 55
1
null rQYn 29 6
2022 11 108 6 48
1
qwHK null 292 4
2022 11 108 7 48
1
null LACx 170 2
2022 11 108 8 51
1
ALtR null 357 7
2022 11 108 9 59
1
VlDU null 778 6
2022 11 108 10 34
1
null Gtbv 719 3
2022 11 108 11 33
1
TJrb null 795 7
2022 11 108 12 48
1
AORH null 86 8
2022 11 108 13 43
1
mGai null 952 4
2022 11 108 14 47
1
KHfP null 432 7
2022 11 108 15 23
1
Cqou laYG 658 1
2022 11 108 15 57
1
ipWZ UaUV 67 4
2022 11 108 16 10
1
LqZY null 666 3
2022 11 108 17 26
1
Nvti fMHU 465 0
2022 11 108 18 5
1
jmKp yPew 682 6
2022 11 108 19 3
1
uqkf null 519 6
2022 11 108 20 44
1
fYOt null 828 8
2022 11 108 21 20
1
null nfZf 691 8
2022 11 108 21 56
1
null LACx 75 0
2022 11 108 22 18
1
AeCy JDgc 322 7
2022 11 108 23 23
1
FGYy EULR 462 3
2022 11 109 0 42
1
dhKD OPaw 697 6
2022 11 109 1 30
1
null udTn 156 5
2022 11 109 2 55
1
begg null 416 7
2022 11 109 3 36
1
null FmUe 485 0
2022 11 109 4 11
1
BVzf DvNX 924 5
2022 11 109 5 32
1
LTVK ofbW 577 7
2022 11 109 6 27
1
IuhD null 177 8
2022 11 109 7 24
1
klgp CUxL 947 1
2022 11 109 8 15
1
TOKE null 261 0
2022 11 109 9 41
1
null DRey 763 5
2022 11 109 10 14
1
null vOhD 122 6
2022 11 109 10 34
1
ZfVn xVvW 279 6
2022 11 109 11 35
1
dxNE pzpe 93 3
2022 11 109 12 16
1
null MAOG 44 5
2022 11 109 13 57
1
null fLSK 564 1
2022 11 109 14 32
1
null YdIE 369 5
2022 11 109 14 59
1
QQZP RVXS 442 1
2022 11 109 15 31
1
null kIzw 656 6
2022 11 109 16 14
1
null DsYY 25 4
2022 11 109 17 25
1
bheX null 424 5
2022 11 109 18 16
1
PWvo vHYI 110 0
2022 11 109 19 2
1
VboH fijm 736 3
2022 11 109 20 41
1
null LORc 860 3
2022 11 109 21 55
1
LdDT null 486 5
2022 11 109 22 37
1
xrCL null 93 1
2022 11 109 23 12
1
iebW dZau 699 0
2022 11 110 0 31
1
JGyk null 622 7
2022 11 110 1 58
1
YbcD bAdX 756 5
2022 11 110 2 54
1
null FzUQ 443 7
2022 11 110 3 55
1
PjdC oayk 361 7
2022 11 110 4 50
1
null qNEq 839 0
2022 11 110 5 50
1
null nsAi 259 2
2022 11 110 6 11
1
null QWBY 70 0
2022 11 110 7 6
1
JPcR tmTe 548 3
2022 11 110 7 17
1
zAyC UGmw 856 7
2022 11 110 7 41
1
zAyC lhWf 29 7
2022 11 110 8 32
1
FBFN jaml 47 7
2022 11 110 9 50
1
LRYH aVNt 856 1
2022 11 110 10 48
1
bMMu null 895 5
2022 11 110 10 59
1
ihwr lEBk 529 0
2022 11 110 11 1
1
ZnSt JPcR 990 5
2022 11 110 12 20
1
null YoUi 263 6
2022 11 110 13 56
1
null gmQQ 553 1
2022 11 110 14 16
1
YdIE PjdC 678 4
2022 11 110 15 51
1
null QYrZ 297 1
2022 11 110 16 16
1
null Anbn 819 4
2022 11 110 17 6
1
HsUY ClMG 878 1
2022 11 110 18 28
1
mfcz null 177 4
2022 11 110 19 52
1
iMGd OieJ 903 0
2022 11 110 20 3
1
qznT null 103 8
2022 11 110 21 27
1
cMqc HSxc 426 1
2022 11 110 22 12
1
null oJOV 607 2
2022 11 110 23 20
1
SPLd null 524 6
2022 11 111 0 13
1
null gTEO 842 8
2022 11 111 0 39
1
pzrJ null 756 1
2022 11 111 1 58
1
null mGAW 464 3
2022 11 111 2 13
1
zGLK OwYI 968 6
2022 11 111 3 20
1
SoPI null 546 5
2022 11 111 4 19
1
null zKXb 709 6
2022 11 111 4 45
1
null sxSy 583 1
2022 11 111 5 53
1
null nIfO 787 4
2022 11 111 6 6
1
vohr haZR 410 6
2022 11 111 7 14
1
null WUkj 658 7
2022 11 111 8 30
1
JSwO nLye 853 2
2022 11 111 9 47
1
qCgn null 347 7
2022 11 111 10 16
1
null ihwr 831 7
2022 11 111 11 19
1
null kCYq 465 3
2022 11 111 11 43
1
null Coui 765 7
2022 11 111 12 5
1
JovB xjPJ 133 5
2022 11 111 13 1
1
null iUVX 723 7
2022 11 111 14 47
1
mawP null 816 0
2022 11 111 15 12
1
null MZYb 202 8
2022 11 111 16 5
1
null dLRG 835 8
2022 11 111 17 47
1
WGRe hPel 505 5
2022 11 111 18 55
1
aNAU ZGJa 486 3
2022 11 111 19 46
1
YdIE aMXW 15 6
2022 11 111 20 41
1
tfwt null 946 1
2022 11 111 21 1
1
rQYn null 23 7
2022 11 111 21 49
1
null GarQ 972 5
2022 11 111 22 47
1
IVHd dPQF 477 2
2022 11 111 23 10
1
null XuBq 429 1
2022 11 111 23 58
1
null icjv 12 8
2022 11 112 0 18
1
null ZxuE 80 4
2022 11 112 1 36
1
ZkFQ LAwg 940 6
2022 11 112 2 30
1
SSGi null 538 1
2022 11 112 3 39
1
VwgV keze 398 1
2022 11 112 4 48
1
Sxhw null 153 6
2022 11 112 5 51
1
null NEuw 429 5
2022 11 112 6 0
1
null gOKc 748 8
2022 11 112 7 37
1
null qCgn 67 2
2022 11 112 8 4
1
FXBG NEuw 631 8
2022 11 112 9 15
1
yHdE null 307 7
2022 11 112 10 25
1
aLYE qSDZ 262 3
2022 11 112 11 2
1
RkXz null 437 0
2022 11 112 12 4
1
null Blqm 194 5
2022 11 112 13 13
1
null ZxuE 189 2
2022 11 112 14 7
1
qqJa null 906 4
2022 11 112 14 38
1
jFDH null 974 8
2022 11 112 15 47
1
null SbFQ 42 7
2022 11 112 16 49
1
jFba null 973 6
2022 11 112 17 16
1
null DvNX 604 4
2022 11 112 18 46
1
null DAKO 85 6
2022 11 112 19 29
1
ZGJa iXdr 608 0
2022 11 112 20 32
1
XwrK null 456 3
2022 11 112 21 34
1
bheX FURR 323 6
2022 11 112 22 41
1
null TJrb 63 7
2022 11 112 23 51
1
scXa WZLG 441 6
2022 11 113 0 12
1
null NvdP 520 3
2022 11 113 0 41
1
Kzfp null 968 8
2022 11 113 1 21
1
YsHs null 964 1
2022 11 113 2 34
1
AIkG DDVy 305 4
2022 11 113 2 47
1
XXeu SPLd 926 7
2022 11 113 3 3
1
ofbW null 723 8
2022 11 113 3 41
1
LAwg Qcer 71 1
2022 11 113 4 15
1
yszr HchA 480 2
2022 11 113 5 27
1
null laYG 907 8
2022 11 113 6 17
1
VPQR null 379 0
2022 11 113 6 45
1
oVbr null 126 2
2022 11 113 7 53
1
mGAW null 676 7
2022 11 113 8 37
1
RsDL null 46 6
2022 11 113 9 1
1
null LORc 673 5
2022 11 113 10 20
1
AeCy null 43 3
2022 11 113 11 28
1
cXBd null 212 5
2022 11 113 12 34
1
ghtj Zbrk 109 2
2022 11 113 13 41
1
VyAI null 898 8
2022 11 113 14 59
1
null xrCL 291 4
2022 11 113 15 14
1
lFdm Gmfx 665 6
2022 11 113 16 6
1
eVlL null 750 0
2022 11 113 17 21
1
null cDbJ 624 1
2022 11 113 18 28
1
null mxKg 326 0
2022 11 113 19 1
1
null dTND 611 0
2022 11 113 20 40
1
null YftL 753 2
2022 11 113 20 54
1
AilL TcNB 326 1
2022 11 113 21 6
1
voBJ null 591 7
2022 11 113 22 6
1
dxNE gOKM 224 5
2022 11 113 22 57
1
hPel null 448 6
2022 11 113 23 34
1
Uyli null 986 6
2022 11 114 0 2
1
null FAOJ 267 2
2022 11 114 0 25
1
null OCiI 191 1
2022 11 114 1 4
1
lLpl cOes 494 8
2022 11 114 2 14
1
null TxHV 453 4
2022 11 114 3 2
1
null OFGR 277 2
2022 11 114 4 50
1
eKRp null 348 6
2022 11 114 5 39
1
null qCgn 189 8
2022 11 114 6 3
1
CKfU null 487 5
2022 11 114 7 25
1
kfal null 645 3
2022 11 114 8 30
1
null UBMB 649 8
2022 11 114 9 24
1
null ZidY 830 6
2022 11 114 10 17
1
dVQn null 892 1
2022 11 114 11 53
1
YNKa null 788 7
2022 11 114 12 41
1
BpnO bfaB 650 8
2022 11 114 12 58
1
qqJa Yhvu 102 7
2022 11 114 13 33
1
diCF mQnA 671 5
2022 11 114 14 40
1
null Ndri 970 5
2022 11 114 15 55
1
cjrb CSQG 130 2
2022 11 114 16 33
1
null DBzn 531 7
2022 11 114 17 24
1
iikR xnkt 152 6
2022 11 114 18 52
1
iCDo JqaP 878 7
2022 11 114 19 29
1
ndLS VrFg 122 0
2022 11 114 20 14
1
null bial 214 3
2022 11 114 21 17
1
null bheX 178 8
2022 11 114 22 33
1
null xrRi 925 2
2022 11 114 23 11
1
NrHU null 548 2
2022 11 114 23 46
1
dPQF qLNS 477 1
2022 11 115 0 17
1
tQSV adxQ 776 0
2022 11 115 1 23
1
OPBe null 913 7
2022 11 115 2 56
1
eeSQ null 636 0
2022 11 115 3 7
1
xYln null 379 5
2022 11 115 4 29
1
kCST null 168 3
2022 11 115 5 7
1
JGyk nvzZ 186 0
2022 11 115 5 42
1
null MYwM 673 2
2022 11 115 6 40
1
jeBX null 146 1
2022 11 115 6 54
1
YoUi kRkc 813 5
2022 11 115 7 36
1
null tKTC 679 7
2022 11 115 8 22
1
mPVy null 77 7
2022 11 115 9 12
1
fMHU null 792 4
2022 11 115 10 38
1
null VyAI 731 7
2022 11 115 11 31
1
RCAL dPQF 189 7
2022 11 115 12 30
1
null iXdr 870 5
2022 11 115 13 36
1
null ipWZ 905 5
2022 11 115 14 55
1
arDg dLRG 884 3
2022 11 115 15 48
1
SRdd omhb 857 5
2022 11 115 16 7
1
null yqUi 425 2
2022 11 115 17 40
1
HSpq null 432 5
2022 11 115 18 19
1
JqKd null 25 1
2022 11 115 19 46
1
vzzR null 662 8
2022 11 115 20 57
1
null oUtJ 263 6
2022 11 115 21 13
1
UyFZ coLr 885 8
2022 11 115 22 46
1
AJtN WhWh 396 6
2022 11 115 23 3
1
null XjVB 294 5
2022 11 116 0 29
1
RaKR null 118 3
2022 11 116 1 35
1
JPcR TJrb 627 0
2022 11 116 2 4
1
YdIE null 466 1
2022 11 116 2 28
1
fCFJ null 864 0
2022 11 116 3 18
1
YIXz MxuT 426 6
2022 11 116 4 35
1
null DbiK 64 8
2022 11 116 5 20
1
XDuf null 198 8
2022 11 116 6 34
1
hOUZ aYSJ 422 6
2022 11 116 7 42
1
CQLV sjJs 655 0
2022 11 116 8 38
1
OsPc null 165 4
2022 11 116 9 50
1
null mGai 91 0
2022 11 116 10 58
1
null fQrA 861 1
2022 11 116 11 59
1
wfGy null 977 7
2022 11 116 12 26
1
null AbHD 184 2
2022 11 116 13 28
1
AJtN null 711 7
2022 11 116 14 8
1
qznT null 523 6
2022 11 116 15 17
1
null uuHo 754 8
2022 11 116 16 28
1
null uFKv 503 5
2022 11 116 17 54
1
YbWB lTFU 644 1
2022 11 116 18 48
1
edcp nfZf 836 2
2022 11 116 18 59
1
dPjr null 364 2
2022 11 116 19 49
1
cOes null 949 5
2022 11 116 20 1
1
hVvA null 904 2
2022 11 116 21 8
1
VijL null 54 3
2022 11 116 21 23
1
arMi EMXE 621 4
2022 11 116 21 56
1
Yhvu ampT 363 1
2022 11 116 22 10
1
null yeQo 588 3
2022 11 116 23 0
1
qkEn HchA 843 8
2022 11 116 23 45
1
null AbFv 458 0
2022 11 117 0 42
1
null fevo 584 2
2022 11 117 1 33
1
qBwT null 887 5
2022 11 117 2 32
1
VwgV haZR 453 1
2022 11 117 3 27
1
OeAT null 71 1
2022 11 117 4 32
1
null UUzF 269 8
2022 11 117 5 32
1
null eTMZ 955 7
2022 11 117 6 59
1
null jWGZ 990 7
2022 11 117 7 38
1
null DrkO 245 1
2022 11 117 8 9
1
vdOY NvCy 142 7
2022 11 117 9 24
1
Gmfx pzpe 115 0
2022 11 117 10 45
1
bAdX null 165 4
2022 11 117 11 26
1
null dVQn 555 2
2022 11 117 12 30
1
null ykFr 902 1
2022 11 117 13 6
1
UBMB null 768 0
2022 11 117 14 36
1
kUHS null 40 6
2022 11 117 15 48
1
anYB ZVmv 525 2
2022 11 117 16 19
1
null IVlh 630 4
2022 11 117 17 21
1
ajFl null 711 6
2022 11 117 18 6
1
null yiWf 388 1
2022 11 117 19 58
1
Qcer null 267 2
2022 11 117 20 2
1
DAxp null 678 2
2022 11 117 21 25
1
Xyhq null 429 0
2022 11 117 21 59
1
RrVK null 152 0
2022 11 117 22 53
1
null rQQk 780 2
2022 11 117 23 58
1
ywWs null 537 1
2022 11 118 0 25
1
null vaZu 612 4
2022 11 118 1 14
1
IQVH rHQn 430 8
2022 11 118 1 24
1
nxVB ofbW 473 8
2022 11 118 2 15
1
Kgki VJMx 716 0
2022 11 118 3 32
1
UcaI iOzO 711 8
2022 11 118 4 24
1
null tfbH 576 5
2022 11 118 5 26
1
null YLDv 655 4
2022 11 118 6 47
1
NxSN null 39 1
2022 11 118 7 5
1
nlfm null 841 2
2022 11 118 8 48
1
PfQO icjv 887 0
2022 11 118 9 14
1
null nsAi 119 4
2022 11 118 10 56
1
QiJh null 767 1
2022 11 118 11 2
1
null oBnZ 834 4
2022 11 118 12 23
1
AdZN juEU 105 7
2022 11 118 13 6
1
Bbok null 371 3
2022 11 118 13 27
1
AbHD YYoa 834 4
2022 11 118 14 36
1
null Jspn 546 8
2022 11 118 15 23
1
eEOL null 518 8
2022 11 118 16 13
1
eNDP BpQe 709 8
2022 11 118 17 3
1
wdxF null 305 2
2022 11 118 18 51
1
gRtV null 908 1
2022 11 118 19 45
1
null dGZT 876 7
2022 11 118 20 37
1
null DTsM 651 4
2022 11 118 21 55
1
ondi null 40 7
2022 11 118 22 41
1
qDIA null 48 7
2022 11 118 23 50
1
null YGdw 180 3
2022 11 119 0 53
1
null IQVH 859 0
2022 11 119 1 48
1
scXa iCDo 285 2
2022 11 119 2 52
1
ldBK null 483 5
2022 11 119 3 43
1
iTOm JkcP 55 7
2022 11 119 4 23
1
brzr voBJ 177 8
2022 11 119 5 7
1
EMXE pNAF 49 3
2022 11 119 5 39
1
cAoL Kgki 743 2
2022 11 119 6 27
1
null CylE 432 4
2022 11 119 7 35
1
null nvzZ 792 8
2022 11 119 8 14
1
lBnG ysqK 227 7
2022 11 119 9 55
1
YOtF DCFo 137 3
2022 11 119 10 10
1
null KGIE 672 8
2022 11 119 11 17
1
null JSwO 541 5
2022 11 119 11 42
1
aIVv GjOo 86 7
2022 11 119 12 20
1
eeSQ null 280 0
2022 11 119 13 21
1
null oVbr 12 5
2022 11 119 14 23
1
Zmpz Qcer 315 3
2022 11 119 15 53
1
NjzO AJJu 268 0
2022 11 119 16 49
1
tgHf MeYO 291 3
2022 11 119 17 52
1
ivtS thij 783 1
2022 11 119 18 38
1
qLHO eTMZ 384 3
2022 11 119 19 54
1
OFGR null 235 3
2022 11 119 20 41
1
null uRgL 992 3
2022 11 119 21 47
1
oJOV null 930 2
2022 11 119 22 48
1
null VkSg 712 7
2022 11 119 23 45
1
null iWTE 477 6
2022 11 120 0 5
1
null tfbH 385 4
2022 11 120 0 59
1
null Hylc 421 8
2022 11 120 1 51
1
WabQ XMdH 43 0
2022 11 120 2 15
1
null AeCy 941 1
2022 11 120 3 34
1
KHfP null 898 7
2022 11 120 4 34
1
null QMCB 214 7
2022 11 120 5 6
1
fkzn DwJR 548 3
2022 11 120 6 12
1
null FeAv 728 6
2022 11 120 7 44
1
ZCLK null 898 3
2022 11 120 8 27
1
ojaF null 449 1
2022 11 120 9 2
1
null TADb 195 4
2022 11 120 10 45
1
null NrHU 975 0
2022 11 120 11 26
1
VgTa KFvm 820 7
2022 11 120 12 36
1
null Wcxd 442 4
2022 11 120 13 49
1
VrFg FltA 942 8
2022 11 120 14 8
1
QWeQ fRFS 940 6
2022 11 120 15 33
1
null xVvW 998 4
2022 11 120 16 25
1
null NEuw 486 4
2022 11 120 17 59
1
WabQ HjJQ 136 8
2022 11 120 18 51
1
null JSSy 245 4
2022 11 120 19 59
1
zIHu null 457 5
2022 11 120 20 2
1
RVXS lFdm 307 5
2022 11 120 21 15
1
null CylE 275 5
2022 11 120 22 14
1
WsRk tqCi 387 8
2022 11 120 23 33
1
DCFo Qkqq 562 3
2022 11 121 0 40
1
UCkH ZxuE 503 0
2022 11 121 1 40
1
UFhm null 471 0
2022 11 121 1 55
1
null PAeG 841 8
2022 11 121 2 52
1
null BNEs 259 2
2022 11 121 3 21
1
sjJs null 153 8
2022 11 121 4 38
1
ETOh null 346 8
2022 11 121 5 32
1
QiJh hVvA 763 4
2022 11 121 6 24
1
bMMu TCfp 144 6
2022 11 121 7 57
1
sKrF null 784 1
2022 11 121 8 29
1
edcp null 82 0
2022 11 121 9 24
1
null eQPK 452 3
2022 11 121 10 6
1
qdmf ZVmv 791 1
2022 11 121 11 26
1
AeCy Blqm 50 8
2022 11 121 12 2
1
aLYE null 681 8
2022 11 121 13 13
1
MwPZ null 945 2
2022 11 121 14 13
1
null ElnK 584 6
2022 11 121 15 15
1
AJtN YUtR 904 1
2022 11 121 16 37
1
Kzfp null 968 6
2022 11 121 17 12
1
null KgjY 769 2
2022 11 121 18 11
1
null DTsM 761 1
2022 11 121 19 33
1
GtIQ null 48 6
2022 11 121 20 24
1
gdSB LoVE 969 8
2022 11 121 21 13
1
JqKd null 152 1
2022 11 121 22 39
1
YqJZ null 223 3
2022 11 121 23 27
1
GAnC WqvO 509 7
2022 11 122 0 6
1
Ploq null 374 6
2022 11 122 1 59
1
upQt null 140 4
2022 11 122 2 19
1
NnyD Ujqa 369 7
2022 11 122 3 11
1
rYvv VPQR 968 0
2022 11 122 4 45
1
ALtR uKaZ 679 3
2022 11 122 5 30
1
null vcCb 547 0
2022 11 122 6 0
1
MYke null 586 4
2022 11 122 6 29
1
ISqK UFhm 407 2
2022 11 122 7 53
1
null QdVq 627 7
2022 11 122 8 29
1
iikR KGIE 248 1
2022 11 122 9 54
1
XDuf UsBT 101 8
2022 11 122 10 30
1
lEBk null 637 6
2022 11 122 11 4
1
null ZfVn 420 6
2022 11 122 11 56
1
EDAG null 727 0
2022 11 122 12 10
1
lxPP vohr 885 2
2022 11 122 13 3
1
reay VgTa 610 8
2022 11 122 14 58
1
ClMG null 448 5
2022 11 122 15 14
1
nxVB null 155 4
2022 11 122 16 28
1
kfal pzpe 51 5
2022 11 122 17 31
1
cqKl null 339 2
2022 11 122 18 26
1
null nXxk 720 4
2022 11 122 19 0
1
aEgp mziw 663 1
2022 11 122 20 47
1
sjJs null 159 3
2022 11 122 21 32
1
gdSB TJrb 357 5
2022 11 122 22 47
1
null xaGO 874 4
2022 11 122 23 53
1
UDJX DDVy 822 5
2022 11 123 0 10
1
notZ gmQQ 274 3
2022 11 123 1 0
1
cOve null 11 8
2022 11 123 2 13
1
kCYq AxPb 450 5
2022 11 123 3 18
1
null UsBT 223 3
2022 11 123 4 25
1
rmra aQqQ 194 5
2022 11 123 5 8
1
dTbP efMC 577 8
2022 11 123 5 24
1
null iyFB 888 8
2022 11 123 6 31
1
VIXA null 393 6
2022 11 123 7 20
1
VrFg WsRk 874 8
2022 11 123 8 30
1
FERh HuPI 450 4
2022 11 123 9 22
1
ofbW null 455 1
2022 11 123 10 30
1
null iikR 329 1
2022 11 123 11 13
1
null VijL 554 3
2022 11 123 12 13
1
JLeb OlZY 43 8
2022 11 123 13 30
1
null PufB 276 5
2022 11 123 14 32
1
null WPbl 782 2
2022 11 123 15 31
1
soJb edcp 124 1
2022 11 123 16 13
1
null bYFW 138 8
2022 11 123 17 36
1
DwJR null 589 3
2022 11 123 18 31
1
WZLG HjJQ 995 1
2022 11 123 19 59
1
Xwio AdHJ 583 8
2022 11 123 20 10
1
null Muts 659 8
2022 11 123 21 20
1
qtHd qNEq 761 3
2022 11 123 22 13
1
BCdf null 523 2
2022 11 123 22 44
1
mKku null 738 0
2022 11 123 23 28
1
null Obih 670 6
2022 11 124 0 22
1
null uRgL 367 6
2022 11 124 1 10
1
fPPa null 773 0
2022 11 124 2 10
1
hJCO null 679 1
2022 11 124 3 0
1
null jTKR 373 6
2022 11 124 4 45
1
null thYl 758 8
2022 11 124 5 9
1
null Chbk 654 3
2022 11 124 6 37
1
WUkj null 639 0
2022 11 124 7 41
1
null QhTp 765 0
2022 11 124 8 48
1
null LXFZ 116 3
2022 11 124 9 16
1
Qkqq null 968 4
2022 11 124 9 48
1
UaUV rDjd 135 6
2022 11 124 10 4
1
null XXeu 855 4
2022 11 124 10 56
1
null fpTA 826 1
2022 11 124 11 52
1
null DTLl 170 8
2022 11 124 12 28
1
ozLt aRay 319 2
2022 11 124 12 58
1
null UBMB 869 8
2022 11 124 13 20
1
null wUQn 605 6
2022 11 124 14 15
1
Blqm null 863 7
2022 11 124 15 32
1
PufB null 285 8
2022 11 124 16 3
1
cOve null 723 3
2022 11 124 17 9
1
icjv null 720 8
2022 11 124 18 34
1
Kgki null 970 2
2022 11 124 19 22
1
null nKyo 835 6
2022 11 124 20 14
1
null XkEi 778 5
2022 11 124 21 13
1
null RsDL 260 4
2022 11 124 22 1
1
null wGaG 514 4
2022 11 124 23 3
1
OJSq null 863 5
2022 11 125 0 48
1
null Fxqk 564 6
2022 11 125 1 47
1
kUHS Xiav 783 1
2022 11 125 2 53
1
GjRo null 241 3
2022 11 125 3 53
1
YftL QhTp 977 4
2022 11 125 4 16
1
fLSK dsYG 646 3
2022 11 125 5 12
1
mxKg null 299 8
2022 11 125 6 15
1
null uGvf 758 8
2022 11 125 7 53
1
null PjdC 346 3
2022 11 125 8 41
1
BuZB nxVB 580 8
2022 11 125 9 47
1
Qkqq VPQR 575 6
2022 11 125 10 12
1
null ZGJa 23 6
2022 11 125 11 37
1
rDjd null 101 7
2022 11 125 12 18
1
iiDW null 17 1
2022 11 125 13 10
1
BGFW null 794 4
2022 11 125 14 9
1
null BNEs 741 3
2022 11 125 15 27
1
LXFZ null 361 4
2022 11 125 16 40
1
null HSpq 283 1
2022 11 125 17 30
1
dVuY OLyw 804 7
2022 11 125 18 44
1
tsvV WsRk 834 8
2022 11 125 19 38
1
Fhps JSwO 399 3
2022 11 125 20 53
1
null YbcD 907 7
2022 11 125 21 7
1
null DiJp 488 4
2022 11 125 22 0
1
null ZidY 32 5
2022 11 125 23 52
1
null oPzT 393 2
2022 11 126 0 59
1
ZkFQ PTju 702 2
2022 11 126 1 53
1
gBdY null 721 4
2022 11 126 2 8
1
qDIA cRFp 171 8
2022 11 126 3 33
1
rQYn hEBw 933 1
2022 11 126 4 35
1
mxKg iHGN 220 4
2022 11 126 5 0
1
aimD null 378 7
2022 11 126 6 2
1
JqKd null 530 6
2022 11 126 7 24
1
HgOp mxKg 923 8
2022 11 126 8 57
1
null gQUK 173 0
2022 11 126 9 5
1
ondi null 131 4
2022 11 126 10 53
1
null RRiB 66 5
2022 11 126 11 48
1
IuhD null 390 4
2022 11 126 11 58
1
null udTn 879 4
2022 11 126 12 46
1
null kvRR 314 8
2022 11 126 13 38
1
OPaw omhb 485 0
2022 11 126 14 28
1
null SoPI 719 7
2022 11 126 14 43
1
null tfwt 810 3
2022 11 126 15 53
1
Sico null 561 0
2022 11 126 16 10
1
null rYEy 647 5
2022 11 126 17 3
1
Rkem vohr 176 0
2022 11 126 18 3
1
tqCi null 174 6
2022 11 126 19 4
1
null diCF 10 2
2022 11 126 19 31
1
QAfD null 557 1
2022 11 126 20 55
1
vThS LKvq 662 4
2022 11 126 21 47
1
eUmn null 792 1
2022 11 126 22 41
1
YUtR null 867 7
2022 11 126 23 52
1
RrVK null 22 6
2022 11 127 0 8
1
tAAN null 443 4
2022 11 127 1 59
1
null Zfuv 12 0
2022 11 127 2 5
1
YIXz null 697 6
2022 11 127 3 39
1
KsDe swQk 558 4
2022 11 127 4 3
1
KwoT null 521 2
2022 11 127 5 50
1
klgp vETM 561 7
2022 11 127 6 15
1
Blhh PLcb 115 2
2022 11 127 7 22
1
MixR YZhi 198 3
2022 11 127 8 7
1
RYqL ZnSt 400 4
2022 11 127 9 40
1
null qkEn 983 1
2022 11 127 10 12
1
bAdX null 475 6
2022 11 127 11 9
1
AYIl CQLV 268 7
2022 11 127 12 37
1
null IuhD 126 7
2022 11 127 13 34
1
null pwgI 999 6
2022 11 127 13 56
1
null rQyQ 182 4
2022 11 127 14 16
1
rHQn null 335 1
2022 11 127 15 57
1
hUGc null 846 5
2022 11 127 16 56
1
ojaF VyAI 636 7
2022 11 127 17 56
1
Ndri NiCd 849 7
2022 11 127 18 41
1
null upQt 131 3
2022 11 127 19 47
1
JDgc null 876 6
2022 11 127 20 43
1
CFlX null 56 6
2022 11 127 21 9
1
IKdx null 64 0
2022 11 127 21 50
1
TZiK YftL 454 4
2022 11 127 22 26
1
null YYoa 80 2
2022 11 127 23 14
1
uLYx null 268 5
2022 11 128 0 30
1
hJCO null 817 1
2022 11 128 1 34
1
MAOG hOUZ 279 1
2022 11 128 1 46
1
null PxGq 33 7
2022 11 128 2 32
1
UeXx null 321 2
2022 11 128 3 39
1
iTOm pdhL 394 6
2022 11 128 4 41
1
lTFU null 601 3
2022 11 128 4 51
1
null GcNw 108 1
2022 11 128 5 3
1
null WgVR 861 3
2022 11 128 6 3
1
YftL hOUZ 313 5
2022 11 128 7 46
1
oJOV null 539 8
2022 11 128 8 3
1
DRey null 196 1
2022 11 128 8 44
1
dPQF null 142 5
2022 11 128 9 35
1
MroS null 376 3
2022 11 128 10 38
1
PTtY null 243 7
2022 11 128 11 27
1
null fRMd 274 5
2022 11 128 11 50
1
keze xrRi 818 3
2022 11 128 12 7
1
sDnd null 101 1
2022 11 128 13 0
1
null yiWf 566 8
2022 11 128 13 32
1
null ZySo 875 7
2022 11 128 14 36
1
JqKd eVlL 829 5
2022 11 128 15 39
1
YYoa RaKR 702 0
2022 11 128 16 25
1
null NORy 690 3
2022 11 128 17 17
1
umMm null 399 3
2022 11 128 18 42
1
sizx null 492 4
2022 11 128 19 51
1
TDAE Ndso 620 6
2022 11 128 20 50
1
kZLF aIVv 568 6
2022 11 128 21 49
1
arMi HpSc 318 4
2022 11 128 22 18
1
null CQLV 960 7
2022 11 128 23 49
1
Anbn null 262 2
2022 11 129 0 33
1
AdfW FAOJ 302 8
2022 11 129 1 16
1
null uuHo 834 1
2022 11 129 2 22
1
Anbn YxlA 17 0
2022 11 129 3 27
1
null RXBo 128 5
2022 11 129 4 42
1
GarQ KMHp 874 2
2022 11 129 5 27
1
null Ujqa 93 7
2022 11 129 6 10
1
AdHJ null 542 5
2022 11 129 7 0
1
null nlfm 224 0
2022 11 129 8 36
1
null oayk 447 3
2022 11 129 8 54
1
nXxk NORy 881 2
2022 11 129 9 37
1
null uNks 841 7
2022 11 129 10 39
1
null alAb 318 7
2022 11 129 11 57
1
NrHU null 827 1
2022 11 129 12 33
1
lBnG pGSF 404 5
2022 11 129 13 38
1
null wUQn 557 3
2022 11 129 14 8
1
abfg null 295 2
2022 11 129 15 28
1
Qzyb null 160 6
2022 11 129 16 14
1
null svDW 12 7
2022 11 129 16 47
1
UIiK null 128 4
2022 11 129 17 30
1
dVYi null 148 1
2022 11 129 18 3
1
NmpA OoXD 866 0
2022 11 129 19 31
1
UOnS null 505 0
2022 11 129 20 8
1
oMmF null 964 8
2022 11 129 21 13
1
null wdxF 753 8
2022 11 129 22 37
1
null vcCb 549 3
2022 11 129 23 47
1
null AxFu 446 8
2022 11 130 0 14
1
WAVu vETM 120 6
2022 11 130 1 53
1
null fYOt 717 5
2022 11 130 2 24
1
HSxc null 637 6
2022 11 130 3 53
1
tqKi udTn 658 4
2022 11 130 4 55
1
ALtR null 27 0
2022 11 130 5 21
1
mfcz null 66 1
2022 11 130 6 24
1
cNGV Ltpq 452 7
2022 11 130 7 6
1
FNua null 322 8
2022 11 130 7 24
1
RYxf RkXz 42 5
2022 11 130 8 22
1
nYMb null 248 2
2022 11 130 9 53
1
LcRf krxw 202 5
2022 11 130 10 53
1
FzUQ null 638 1
2022 11 130 11 48
1
thYl null 450 2
2022 11 130 12 46
1
OPaw null 402 0
2022 11 130 13 53
1
null JDgc 119 0
2022 11 130 14 18
1
null UEeY 854 0
2022 11 130 15 54
1
uGaG null 348 7
2022 11 130 16 43
1
kwwT xUBg 223 8
2022 11 130 17 59
1
xDqI null 824 2
2022 11 130 18 51
1
DbiK DuLH 412 3
2022 11 130 19 29
1
JAUH null 376 2
2022 11 130 20 34
1
dPjr pzrJ 395 3
2022 11 130 21 10
1
yHdE null 22 2
2022 11 130 22 47
1
null sizx 711 8
2022 11 130 23 17
1
null fYOt 433 2
2022 11 131 0 46
1
null DTsM 165 6
2022 11 131 1 40
1
tZlB null 155 7
2022 11 131 2 38
1
null DekS 751 7
2022 11 131 3 51
1
dPQF null 204 6
2022 11 131 4 57
1
Bbok null 742 3
2022 11 131 5 45
1
jTKR null 739 5
2022 11 131 6 41
1
xTFS Eezu 924 0
2022 11 131 7 57
1
null nYMb 501 6
2022 11 131 8 41
1
rQYn BavR 827 6
2022 11 131 9 26
1
QrsS Wkbr 332 6
2022 11 131 10 4
1
null WNNo 257 2
2022 11 131 11 21
1
null RYqL 485 0
2022 11 131 12 10
1
null iMGd 663 6
2022 11 131 12 33
1
null ErdP 970 0
2022 11 131 13 29
1
upQt null 122 4
2022 11 131 14 16
1
null VIXA 736 2
2022 11 131 14 51
1
adxQ hmVN 89 3
2022 11 131 15 44
1
null FeAv 904 1
2022 11 131 16 49
1
FFXk Fpkj 702 4
2022 11 131 17 38
1
WsRk rmra 550 4
2022 11 131 18 50
1
thij null 811 8
2022 11 131 19 54
1
null WsRk 343 8
2022 11 131 20 42
1
xnkt null 943 1
2022 11 131 21 26
1
dnpR rAiD 662 8
2022 11 131 22 25
1
wrLo null 452 0
2022 11 131 22 55
1
hJCO null 507 1
2022 11 131 23 5
1
null VMdB 366 4
2022 11 131 23 54
1
VRMm null 432 3
2022 11 132 0 44
1
hcvo null 156 2
2022 11 132 1 26
1
null WhWh 978 2
2022 11 132 2 38
1
null lTFU 264 0
2022 11 132 3 52
1
dsYG null 413 7
2022 11 132 4 45
1
ZCLK null 970 3
2022 11 132 5 47
1
aIVv ZkFQ 456 0
2022 11 132 5 58
1
null RwCi 218 6
2022 11 132 6 2
1
Sxhw rQyQ 411 4
2022 11 132 7 16
1
abfg Hylc 559 2
2022 11 132 7 47
1
PVvn sizx 174 2
2022 11 132 8 47
1
kdKk null 356 0
2022 11 132 9 6
1
tgHf YsHs 942 3
2022 11 132 10 47
1
null bAdX 206 2
2022 11 132 11 27
1
tfbH xjck 20 7
2022 11 132 11 46
1
AnpZ dxNE 773 2
2022 11 132 12 26
1
CLZX null 786 8
2022 11 132 12 52
1
miNT Wcxd 628 0
2022 11 132 13 36
1
SbFQ null 659 4
2022 11 132 14 15
1
null PfNs 734 0
2022 11 132 14 54
1
null jWGZ 529 8
2022 11 132 15 47
1
rQyQ FCNn 65 6
2022 11 132 16 48
1
null wNfA 299 3
2022 11 132 17 6
1
xTLU null 356 2
2022 11 132 18 22
1
null FURR 43 5
2022 11 132 19 11
1
eQPK null 325 5
2022 11 132 20 24
1
AORH xjck 521 0
2022 11 132 21 53
1
null uGaG 138 4
2022 11 132 22 35
1
lFdm null 331 6
2022 11 132 23 3
1
yqUi null 167 3
2022 11 133 0 26
1
null mziw 154 3
2022 11 133 1 0
1
pwgI null 589 2
2022 11 133 2 16
1
hUGc null 925 0
2022 11 133 3 47
1
PfQO hcvo 42 6
2022 11 133 4 5
1
OlZY jFba 943 6
2022 11 133 5 23
1
VPQR null 956 1
2022 11 133 6 40
1
WISu txDQ 707 6
2022 11 133 7 8
1
YtNQ dPjr 15 3
2022 11 133 8 58
1
null HSxc 500 1
2022 11 133 9 19
1
null RGrn 391 4
2022 11 133 9 43
1
null lBnG 857 0
2022 11 133 10 10
1
null hiQg 402 8
2022 11 133 11 8
1
KBpf null 574 1
2022 11 133 11 40
1
wxBM rend 115 6
2022 11 133 12 31
1
SoPI null 128 3
2022 11 133 13 30
1
Qwtv arMi 806 8
2022 11 133 14 35
1
pGSF Joxf 177 5
2022 11 133 15 38
1
ZJua vrBi 317 8
2022 11 133 15 52
1
null oUtJ 808 6
2022 11 133 16 22
1
QTUS oVbr 154 6
2022 11 133 16 43
1
null ViSH 300 3
2022 11 133 17 57
1
null QTUS 942 1
2022 11 133 18 27
1
VCxV null 458 1
2022 11 133 19 10
1
null WAVu 847 1
2022 11 133 20 35
1
LTVK vVzX 699 7
2022 11 133 21 40
1
null NSlg 264 3
2022 11 133 22 22
1
scXa null 730 4
2022 11 133 23 25
1
Ndso null 310 2
2022 11 134 0 9
1
ROkg iTOm 98 2
2022 11 134 1 30
1
null RYxf 316 4
2022 11 134 2 14
1
rQyQ null 931 5
2022 11 134 3 10
1
wdxF null 164 8
2022 11 134 4 34
1
null dsYG 302 6
2022 11 134 5 10
1
null vrBi 644 6
2022 11 134 6 48
1
RRiB cXBd 707 1
2022 11 134 7 26
1
AYIl domT 915 8
2022 11 134 8 33
1
Blqm null 263 3
2022 11 134 9 15
1
Fxqk iOzO 696 4
2022 11 134 10 40
1
rQQk OPBe 720 7
2022 11 134 10 59
1
null AnpZ 920 5
2022 11 134 11 31
1
arMi null 118 5
2022 11 134 12 50
1
null FNua 309 8
2022 11 134 13 56
1
LYda VgTa 709 4
2022 11 134 14 40
1
null HSxc 252 1
2022 11 134 15 7
1
YqJZ aLlW 911 7
2022 11 134 16 34
1
mwKS null 813 3
2022 11 134 17 16
1
null upQt 129 6
2022 11 134 18 0
1
vETM null 841 2
2022 11 134 19 37
1
lTFU null 115 7
2022 11 134 20 22
1
UsBT mDpJ 331 0
2022 11 134 21 15
1
QNyb AYIl 201 2
2022 11 134 21 56
1
eXag null 690 4
2022 11 134 22 45
1
arDg TJrb 937 5
2022 11 134 23 53
1
null NrHU 27 5
2022 11 135 0 28
1
null MroS 935 4
2022 11 135 1 33
1
null ZJua 855 3
2022 11 135 2 45
1
null LiUk 303 1
2022 11 135 3 47
1
fCFJ ysqK 567 6
2022 11 135 4 48
1
null QQZP 114 1
2022 11 135 5 20
1
rYvv null 153 7
2022 11 135 6 23
1
DtJO null 995 8
2022 11 135 6 41
1
null nkWI 660 7
2022 11 135 7 37
1
uZIO VyAI 929 4
2022 11 135 8 1
1
lhWf null 992 0
2022 11 135 9 52
1
null PfNs 947 7
2022 11 135 10 27
1
null JhRI 700 8
2022 11 135 11 36
1
BNik null 53 5
2022 11 135 11 48
1
dnpR Jspn 468 7
2022 11 135 12 59
1
null Ndso 938 2
2022 11 135 13 16
1
hJCO kIzw 108 1
2022 11 135 13 30
1
AdZN null 548 4
2022 11 135 14 25
1
tuyR null 606 5
2022 11 135 15 16
1
PxGq null 272 2
2022 11 135 16 41
1
null KmmX 344 6
2022 11 135 17 24
1
GYVy null 927 7
2022 11 135 18 54
1
uAHC null 469 6
2022 11 135 19 6
1
null FERh 360 1
2022 11 135 20 8
1
QWBY TDAE 418 4
2022 11 135 20 27
1
soJb Kzfp 641 7
2022 11 135 20 47
1
AilL gBdY 106 5
2022 11 135 21 17
1
null jeBX 942 7
2022 11 135 22 34
1
null cNGV 145 4
2022 11 135 23 56
1
null Bbok 527 6
2022 11 136 0 0
1
CEgF BpQe 596 5
2022 11 136 0 18
1
ZufS ClMG 749 4
2022 11 136 1 4
1
FWEE null 935 6
2022 11 136 2 28
1
gvWP null 476 7
2022 11 136 3 0
1
null DtJO 307 0
2022 11 136 4 23
1
lFdm null 258 1
2022 11 136 5 0
1
null xFBp 981 3
2022 11 136 5 16
1
aLdB hzfI 562 3
2022 11 136 6 39
1
VMdB Zbrk 625 3
2022 11 136 7 56
1
DDVy null 871 2
2022 11 136 8 9
1
eeIT null 596 6
2022 11 136 9 22
1
zGLK null 334 7
2022 11 136 10 9
1
VPQR null 824 7
2022 11 136 10 24
1
null thij 764 8
2022 11 136 10 34
1
Xiav oVbr 425 7
2022 11 136 11 43
1
xaGO MYwM 454 5
2022 11 136 12 3
1
KGbY null 120 3
2022 11 136 13 37
1
tqKi null 662 7
2022 11 136 14 25
1
dDZQ cXBd 562 3
2022 11 136 15 46
1
null cXBd 968 5
2022 11 136 16 11
1
xUBg null 779 6
2022 11 136 17 22
1
null CCex 359 3
2022 11 136 18 33
1
KmmX KFvm 900 5
2022 11 136 19 10
1
WuGU mBJB 721 7
2022 11 136 19 56
1
HSDL WbuX 18 3
2022 11 136 20 42
1
null zqMB 286 8
2022 11 136 21 13
1
vIlE null 548 0
2022 11 136 22 59
1
null uXVd 779 2
2022 11 136 23 10
1
cxZn iMGd 652 4
2022 11 136 23 38
1
bozC null 46 3
2022 11 137 0 31
1
null udTn 486 1
2022 11 137 1 59
1
null OlZY 911 3
2022 11 137 2 18
1
mQnA null 479 2
2022 11 137 3 1
1
null Xwio 822 4
2022 11 137 4 21
1
ojaF null 892 0
2022 11 137 4 55
1
null TZiK 533 3
2022 11 137 5 4
1
null LyBv 999 1
2022 11 137 6 27
1
naJX null 560 3
2022 11 137 7 45
1
PPcE null 879 4
2022 11 137 8 32
1
null QTUS 390 4
2022 11 137 9 34
1
CCex null 993 8
2022 11 137 10 45
1
QAfD YJkg 514 5
2022 11 137 11 55
1
IYcH hUGc 592 1
2022 11 137 12 22
1
null XEdE 46 1
2022 11 137 13 23
1
haZR null 655 4
2022 11 137 14 44
1
wxBM null 209 7
2022 11 137 15 26
1
null JEUg 835 3
2022 11 137 16 40
1
GjOo null 96 5
2022 11 137 17 10
1
WhWh AYIl 411 0
2022 11 137 18 19
1
null PufB 325 1
2022 11 137 19 59
1
null EZRr 40 1
2022 11 137 20 17
1
pzrJ null 644 7
2022 11 137 20 52
1
kpNg null 137 5
2022 11 137 21 7
1
bfaB null 794 7
2022 11 137 21 25
1
iyFB LiUk 366 3
2022 11 137 22 30
1
QAfD zWkX 758 2
2022 11 137 23 27
1
SFxF null 826 6
2022 11 138 0 8
1
PQlo null 527 5
2022 11 138 1 49
1
null Qidm 795 2
2022 11 138 2 57
1
YNKa gKOl 428 7
2022 11 138 3 39
1
null Lavy 365 4
2022 11 138 3 56
1
JyJH null 597 8
2022 11 138 4 38
1
LvBP ErdP 166 7
2022 11 138 5 3
1
XDuf null 499 1
2022 11 138 6 25
1
oUtJ null 254 8
2022 11 138 7 15
1
null fpAu 561 5
2022 11 138 8 20
1
null GRcU 67 6
2022 11 138 9 8
1
fRFS null 447 7
2022 11 138 10 40
1
xjck NRsQ 169 5
2022 11 138 11 17
1
uLoC null 728 3
2022 11 138 12 15
1
null TZiK 530 7
2022 11 138 13 50
1
IVHd FFea 806 3
2022 11 138 14 46
1
DDVy RrVK 352 0
2022 11 138 14 58
1
YdIE null 571 6
2022 11 138 15 18
1
eUmn Zfuv 733 7
2022 11 138 16 18
1
tmTe NDtd 711 0
2022 11 138 17 34
1
PwGy null 225 0
2022 11 138 17 54
1
LRYH QMCB 539 8
2022 11 138 18 5
1
dsYG null 770 5
2022 11 138 18 22
1
LKvq null 775 3
2022 11 138 19 35
1
HiOu iCDo 560 6
2022 11 138 20 38
1
snSq null 715 3
2022 11 138 21 4
1
NSSB null 551 5
2022 11 138 22 15
1
iJAI bMMu 885 4
2022 11 138 23 21
1
hcvo null 926 6
2022 11 139 0 2
1
ttoa NvCy 872 5
2022 11 139 1 1
1
Alen yPew 600 0
2022 11 139 1 43
1
oUtJ null 374 5
2022 11 139 2 54
1
ytoB SYaY 27 5
2022 11 139 3 57
1
YZhi null 723 3
2022 11 139 4 22
1
qSDZ null 926 3
2022 11 139 5 50
1
PAeG Ujqr 344 1
2022 11 139 6 12
1
JIIR null 24 7
2022 11 139 7 10
1
Fpkj null 924 6
2022 11 139 8 52
1
null SoPI 456 4
2022 11 139 9 7
1
dPjr null 953 3
2022 11 139 10 42
1
HchA null 734 0
2022 11 139 11 55
1
null cRFp 808 1
2022 11 139 12 11
1
null CEgF 561 0
2022 11 139 13 26
1
eUmn Anbn 713 3
2022 11 139 14 38
1
null jmKp 878 2
2022 11 139 15 53
1
null fLSK 498 3
2022 11 139 16 37
1
SYaY null 759 1
2022 11 139 16 54
1
BuZB null 694 5
2022 11 139 17 1
1
null XvoY 331 7
2022 11 139 18 3
1
null RrVK 603 6
2022 11 139 19 37
1
null upQt 578 0
2022 11 139 20 11
1
BIeS STcO 306 4
2022 11 139 21 15
1
null ZkFQ 601 2
2022 11 139 21 59
1
null wAdk 864 1
2022 11 139 22 19
1
aLlW null 539 8
2022 11 139 23 3
1
Zmpz null 859 2
2022 11 140 0 10
1
yHdE JSwO 804 7
2022 11 140 0 26
1
null uAHC 123 6
2022 11 140 1 21
1
hcvo snSq 755 2
2022 11 140 2 39
1
null mBJB 703 2
2022 11 140 3 0
1
YJkg ISqK 672 2
2022 11 140 4 51
1
aNAU NvdP 64 1
2022 11 140 5 13
1
null nsAi 563 1
2022 11 140 5 32
1
JjAl UDJX 810 7
2022 11 140 6 22
1
oJOV null 726 5
2022 11 140 7 37
1
BvNF null 475 4
2022 11 140 8 20
1
ZufS null 739 2
2022 11 140 9 0
1
kRkc null 192 6
2022 11 140 10 19
1
XuBq fPPa 814 4
2022 11 140 10 50
1
null FERh 357 4
2022 11 140 11 49
1
null YxlA 624 5
2022 11 140 12 42
1
NORy VsjB 11 2
2022 11 140 13 23
1
ZidY null 424 2
2022 11 140 14 26
1
swQk null 426 6
2022 11 140 15 49
1
BCdf JxHM 420 6
2022 11 140 16 17
1
RnjN ahWT 632 1
2022 11 140 17 48
1
gWmi IKdx 535 2
2022 11 140 18 13
1
null KHfP 541 3
2022 11 140 19 5
1
Gtbv DKPD 352 0
2022 11 140 20 17
1
null tuyR 487 2
2022 11 140 20 37
1
null LTfr 896 7
2022 11 140 21 52
1
Ugep null 212 2
2022 11 140 22 25
1
kfal null 961 7
2022 11 140 23 37
1
WPbl DTsM 902 2
2022 11 141 0 54
1
null bfaB 39 3
2022 11 141 1 43
1
null AYIl 392 7
2022 11 141 2 18
1
null kCST 152 5
2022 11 141 3 36
1
null xBeB 320 6
2022 11 141 4 50
1
ZsDB oBnZ 876 0
2022 11 141 5 39
1
yszr null 172 5
2022 11 141 6 24
1
null uKaZ 53 5
2022 11 141 7 12
1
DrkO null 748 4
2022 11 141 8 14
1
aBrX qdmf 368 1
2022 11 141 9 23
1
LNTC null 149 8
2022 11 141 10 7
1
domT null 248 5
2022 11 141 11 18
1
uLYx null 107 5
2022 11 141 12 39
1
bYFW Uyli 871 1
2022 11 141 13 58
1
qSDZ DAKO 958 7
2022 11 141 14 10
1
Coui null 934 2
2022 11 141 15 25
1
uqkf null 152 1
2022 11 141 16 21
1
JnLs GDGO 468 3
2022 11 141 17 51
1
FJAc tZNG 309 3
2022 11 141 18 42
1
cOIg null 963 3
2022 11 141 19 55
1
null gOKM 144 6
2022 11 141 20 0
1
PPcE UUzF 544 6
2022 11 141 20 22
1
ntpb null 843 1
2022 11 141 21 11
1
null hLfS 76 0
2022 11 141 22 5
1
LHBM YUtR 222 4
2022 11 141 23 36
1
Ndri qzFS 965 4
2022 11 141 23 53
1
OCiI QGew 849 8
2022 11 142 0 47
1
NRsQ FJAc 908 4
2022 11 142 1 26
1
IVlh null 197 8
2022 11 142 2 17
1
MroS null 736 7
2022 11 142 3 25
1
FeAv null 925 2
2022 11 142 4 46
1
null pqXz 322 1
2022 11 142 5 4
1
null jQQZ 846 6
2022 11 142 6 10
1
iXdr null 845 3
2022 11 142 7 47
1
kCYq null 492 2
2022 11 142 8 20
1
VwCU bIlu 981 4
2022 11 142 9 33
1
null JhRI 904 0
2022 11 142 10 2
1
null IuhD 664 3
2022 11 142 11 11
1
bheX null 760 8
2022 11 142 12 46
1
xTFS KGIE 535 4
2022 11 142 13 54
1
null LAwg 732 1
2022 11 142 14 56
1
DAKO null 763 7
2022 11 142 15 57
1
PVAl null 839 2
2022 11 142 16 54
1
TxAm null 741 1
2022 11 142 17 24
1
FyyU upQt 360 6
2022 11 142 18 0
1
DcKE GarQ 57 3
2022 11 142 18 10
1
null XgcM 375 5
2022 11 142 19 46
1
ClMG null 703 2
2022 11 142 20 9
1
adxQ qLNS 377 2
2022 11 142 21 39
1
FJAc null 740 7
2022 11 142 22 45
1
qLNS fYOt 336 8
2022 11 142 23 56
1
null Ploq 199 1
2022 11 143 0 45
1
null ynAb 450 5
2022 11 143 1 40
1
null RnjN 912 7
2022 11 143 2 6
1
null gTEO 576 4
2022 11 143 3 25
1
kdKk gvWP 497 3
2022 11 143 4 19
1
null kOTC 911 6
2022 11 143 4 54
1
null qAqW 247 0
2022 11 143 5 43
1
mCzS VgTa 791 7
2022 11 143 6 23
1
null vXQa 704 1
2022 11 143 7 17
1
Ltpq aLdB 454 1
2022 11 143 7 56
1
uKaZ null 20 1
2022 11 143 8 4
1
null RwCi 455 1
2022 11 143 8 25
1
HVyb Uyli 28 6
2022 11 143 9 16
1
nfZf Kzxw 84 4
2022 11 143 9 31
1
rQQk thij 635 7
2022 11 143 10 54
1
HSxc WhWh 435 3
2022 11 143 11 32
1
RVXS null 893 7
2022 11 143 12 14
1
nfZf null 328 7
2022 11 143 12 47
1
sDnd null 813 5
2022 11 143 13 48
1
wyAD null 520 0
2022 11 143 14 13
1
null vgLC 290 7
2022 11 143 14 59
1
DaYL null 205 2
2022 11 143 15 33
1
EPwi LTfr 284 3
2022 11 143 16 24
1
uKaZ HSxc 157 2
2022 11 143 17 12
1
tqKi iwcc 844 6
2022 11 143 17 29
1
cOve wjpI 56 4
2022 11 143 18 22
1
null wfGy 471 6
2022 11 143 18 38
1
null hUGc 925 5
2022 11 143 19 19
1
SYaY null 576 5
2022 11 143 20 33
1
LAwg null 557 2
2022 11 143 21 49
1
zxAn OtIO 20 5
2022 11 143 22 56
1
null iebW 498 4
2022 11 143 23 33
1
null UIiK 51 8
2022 11 144 0 14
1
TKqK null 437 1
2022 11 144 1 3
1
null fRFS 178 0
2022 11 144 2 6
1
bQGb ALQM 673 1
2022 11 144 3 29
1
null Ugep 265 5
2022 11 144 4 48
1
null huOd 703 6
2022 11 144 5 36
1
lhrJ null 191 5
2022 11 144 6 45
1
SXYO ntpb 670 8
2022 11 144 7 5
1
xjck RaKR 623 5
2022 11 144 8 11
1
soJb null 819 2
2022 11 144 9 5
1
null JPcR 718 0
2022 11 144 10 34
1
WPbl null 669 0
2022 11 144 11 20
1
pqXz lTFU 912 7
2022 11 144 12 4
1
vgLC wyAD 394 7
2022 11 144 13 40
1
UGmw null 707 8
2022 11 144 14 13
1
swQk null 162 2
2022 11 144 15 3
1
eVlL null 139 4
2022 11 144 16 2
1
DRey null 552 0
2022 11 144 16 52
1
bYFW AkMk 912 4
2022 11 144 17 9
1
ALQM null 271 5
2022 11 144 18 48
1
null LMBP 841 2
2022 11 144 19 33
1
null fLSK 489 1
2022 11 144 20 6
1
KrfZ IVlh 352 0
2022 11 144 21 23
1
iWTE OPaw 207 7
2022 11 144 22 2
1
LORc EDAG 615 8
2022 11 144 23 40
1
AxPb APBb 480 6
2022 11 145 0 24
1
Fpkj NRsQ 106 4
2022 11 145 1 7
1
jmKp qdmf 63 4
2022 11 145 1 31
1
null eunc 85 4
2022 11 145 2 33
1
mPVy null 640 3
2022 11 145 3 47
1
UGuj null 893 5
2022 11 145 4 38
1
null hLfS 712 5
2022 11 145 5 24
1
qnAO null 967 1
2022 11 145 6 55
1
null vVzX 568 6
2022 11 145 7 15
1
aCJC null 226 1
2022 11 145 8 9
1
DbiK adxQ 441 4
2022 11 145 8 21
1
flOh null 528 4
2022 11 145 8 45
1
JPcR qDIA 168 2
2022 11 145 9 22
1
MxuT null 451 6
2022 11 145 10 39
1
GfXH ZnSt 580 8
2022 11 145 11 32
1
BvNF null 933 2
2022 11 145 12 21
1
FkBR null 991 1
2022 11 145 12 52
1
gvWP ZCnd 558 3
2022 11 145 13 31
1
HjJQ null 589 5
2022 11 145 14 21
1
UyFZ Bbok 731 7
2022 11 145 15 3
1
null nLye 806 2
2022 11 145 15 45
1
aVNt null 768 8
2022 11 145 16 58
1
OieJ null 810 7
2022 11 145 17 30
1
null WuGU 54 1
2022 11 145 18 28
1
null PdYI 897 2
2022 11 145 19 28
1
xTLU FGYy 825 4
2022 11 145 19 54
1
ondi PUdc 98 3
2022 11 145 20 38
1
oVBP upQt 862 1
2022 11 145 21 11
1
MZYb null 881 8
2022 11 145 22 50
1
null mxKg 982 4
2022 11 145 23 56
1
IVlh null 674 3
2022 11 146 0 14
1
null NQDd 474 2
2022 11 146 1 59
1
YGdw tYhX 100 1
2022 11 146 2 27
1
nKyo null 256 8
2022 11 146 3 45
1
FqVq null 36 3
2022 11 146 4 2
1
null tqKi 359 5
2022 11 146 5 20
1
null LACx 407 2
2022 11 146 6 15
1
null AYIl 887 1
2022 11 146 7 51
1
rxVd LqZY 436 3
2022 11 146 8 46
1
snSq upQt 761 8
2022 11 146 9 28
1
jvwS eeIT 615 3
2022 11 146 9 56
1
null PxGq 583 3
2022 11 146 10 8
1
wKLQ null 312 5
2022 11 146 11 46
1
null OoXD 514 7
2022 11 146 12 29
1
sKrF rQYn 45 3
2022 11 146 13 47
1
TDAE null 129 0
2022 11 146 14 33
1
rQQk tZlB 865 5
2022 11 146 15 25
1
SRdd null 362 1
2022 11 146 16 45
1
WuGU null 141 0
2022 11 146 17 38
1
Rkem null 469 8
2022 11 146 18 13
1
OJms null 119 6
2022 11 146 19 29
1
null wjpI 891 0
2022 11 146 20 33
1
eGBG hKWY 679 3
2022 11 146 20 54
1
lTFU null 967 1
2022 11 146 21 20
1
Qzyb NmpA 744 2
2022 11 146 22 53
1
LNTC tqKi 936 3
2022 11 146 23 40
1
snSq Ujqa 723 0
2022 11 147 0 24
1
ofbW oiye 375 2
2022 11 147 1 39
1
ngNr WGRe 745 3
2022 11 147 2 17
1
GfXH null 703 4
2022 11 147 3 7
1
uuHo null 157 4
2022 11 147 3 46
1
brzr LoVE 279 5
2022 11 147 4 39
1
null gOKc 699 0
2022 11 147 5 8
1
AJJu uNks 441 3
2022 11 147 5 50
1
null qqJa 784 4
2022 11 147 6 15
1
OCiI QKco 231 6
2022 11 147 7 14
1
iHGN null 495 8
2022 11 147 8 31
1
aTQG KMHp 575 6
2022 11 147 8 47
1
null xrCL 221 0
2022 11 147 9 16
1
pwgI null 335 7
2022 11 147 10 37
1
nlfm null 954 8
2022 11 147 11 44
1
null QGew 452 1
2022 11 147 12 52
1
null qqJa 414 7
2022 11 147 13 6
1
null nxVB 44 3
2022 11 147 13 22
1
null tZNG 188 8
2022 11 147 14 37
1
bVFR ROkg 263 1
2022 11 147 15 41
1
PTju MCiq 683 2
2022 11 147 16 14
1
null BHEj 857 4
2022 11 147 17 20
1
ehcE yNcG 551 5
2022 11 147 17 41
1
RsDL WuGU 182 5
2022 11 147 18 54
1
wdxF null 380 5
2022 11 147 19 56
1
null HVyb 189 1
2022 11 147 20 58
1
QWBY FJAc 900 7
2022 11 147 21 8
1
eeSQ DKPD 332 5
2022 11 147 22 48
1
begg ftha 34 4
2022 11 147 23 19
1
hOUZ null 924 3
2022 11 148 0 39
1
null XvoY 961 1
2022 11 148 1 12
1
gQUK DuLH 600 0
2022 11 148 2 19
1
null WgVR 441 4
2022 11 148 3 34
1
Yvxi null 618 2
2022 11 148 4 1
1
null kCYq 159 4
2022 11 148 5 55
1
null gvWP 950 6
2022 11 148 6 27
1
null HgOp 257 6
2022 11 148 6 38
1
null FqVq 944 5
2022 11 148 6 49
1
yTmu zeYb 170 0
2022 11 148 7 34
1
null AYIl 74 0
2022 11 148 8 15
1
TZiK null 732 1
2022 11 148 9 32
1
nIfO null 743 4
2022 11 148 9 51
1
null wdxF 222 0
2022 11 148 10 15
1
WWBM jezo 152 8
2022 11 148 10 28
1
YftL iTOm 594 1
2022 11 148 11 35
1
LMBP rxmp 885 3
2022 11 148 12 6
1
null WabQ 10 0
2022 11 148 13 13
1
uAHC SRdd 952 1
2022 11 148 14 1
1
null miKH 509 4
2022 11 148 15 19
1
mGai CKfU 372 2
2022 11 148 16 0
1
fYOt null 746 3
2022 11 148 16 36
1
svee null 734 2
2022 11 148 17 5
1
gTEO null 113 7
2022 11 148 18 15
1
null AxPb 408 8
2022 11 148 19 20
1
null xjck 963 8
2022 11 148 20 57
1
null QHCx 570 5
2022 11 148 21 19
1
NDtd null 666 6
2022 11 148 22 15
1
TADb cMqc 970 1
2022 11 148 23 14
1
hkbl null 862 7
2022 11 149 0 56
1
JedP uXVd 290 5
2022 11 149 1 48
1
lBnG YSEu 107 5
2022 11 149 2 13
1
pNAF null 260 5
2022 11 149 3 48
1
QrsS null 669 5
2022 11 149 4 58
1
Yhvu NnyD 745 2
2022 11 149 5 18
1
null JnLs 224 4
2022 11 149 6 6
1
null nkWI 31 0
2022 11 149 7 59
1
msQy null 526 5
2022 11 149 8 32
1
AVqF null 505 3
2022 11 149 9 37
1
VijL null 358 6
2022 11 149 10 22
1
rmra zIHu 422 6
2022 11 149 11 11
1
null Yhvu 472 0
2022 11 149 12 37
1
null EZRr 361 8
2022 11 149 13 9
1
mqAj lEBk 851 0
2022 11 149 14 42
1
null YOtF 451 6
2022 11 149 15 17
1
dVQn pdhL 159 5
2022 11 149 16 45
1
FAOJ HuPI 552 3
2022 11 149 17 29
1
null kOoN 122 7
2022 11 149 18 54
1
iCDo null 147 2
2022 11 149 19 50
1
null lbXc 925 4
2022 11 149 20 40
1
JLeb qBwT 805 8
2022 11 149 21 10
1
null lhWf 148 4
2022 11 149 21 49
1
pdhL null 182 4
2022 11 149 22 40
1
Wcxd UEeY 306 6
2022 11 149 22 59
1
VJXW YOtF 535 0
2022 11 149 23 9
1
ghtj null 267 6
2022 11 150 0 3
1
null vaZu 119 2
2022 11 150 1 40
1
TJrb null 569 0
2022 11 150 2 20
1
null Coui 989 0
2022 11 150 3 30
1
null MicG 641 8
2022 11 150 4 17
1
gOKM null 996 8
2022 11 150 5 59
1
Ujqa fQrA 454 6
2022 11 150 6 40
1
null JjAl 861 7
2022 11 150 7 31
1
null Muts 507 0
2022 11 150 8 25
1
swQk bMMu 392 2
2022 11 150 9 22
1
pehn uLYx 921 3
2022 11 150 10 13
1
YbWB null 462 7
2022 11 150 11 0
1
zeYb uGaG 959 2
2022 11 150 11 26
1
null YbcD 359 0
2022 11 150 12 22
1
hEBw ZGJa 840 1
2022 11 150 13 33
1
HSDL null 900 7
2022 11 150 14 14
1
vXQa RGrn 642 0
2022 11 150 15 28
1
null amDq 673 0
2022 11 150 16 27
1
null BuZB 543 3
2022 11 150 17 27
1
nfZf null 973 1
2022 11 150 18 37
1
UGuj null 144 6
2022 11 150 19 22
1
null tgHf 885 6
2022 11 150 20 23
1
null DCFo 479 7
2022 11 150 21 50
1
notZ null 170 0
2022 11 150 22 28
1
pzrJ null 396 7
2022 11 150 23 50
1
null LdDT 337 8
2022 11 151 0 37
1
null FERh 393 6
2022 11 151 1 55
1
Zmpz null 106 8
2022 11 151 2 20
1
null mGAW 959 6
2022 11 151 2 52
1
ampT qtHd 107 1
2022 11 151 3 21
1
null Blqm 173 2
2022 11 151 4 12
1
null VkSg 87 0
2022 11 151 5 12
1
null ipQg 270 7
2022 11 151 6 18
1
SoPI null 893 0
2022 11 151 6 43
1
null AdfW 152 4
2022 11 151 7 20
1
pGSF BIeS 741 1
2022 11 151 8 16
1
null xVvW 471 2
2022 11 151 9 10
1
XMdH Ndso 303 1
2022 11 151 10 31
1
VyAI null 244 7
2022 11 151 11 8
1
lhWf mziw 403 3
2022 11 151 12 52
1
null LvBP 39 4
2022 11 151 13 52
1
WjqC uGaG 681 7
2022 11 151 14 43
1
nxVB FCNn 174 4
2022 11 151 15 23
1
null vOhD 931 0
2022 11 151 16 40
1
iHGN Ktak 34 3
2022 11 151 17 36
1
null flOh 284 4
2022 11 151 17 52
1
null itIA 722 8
2022 11 151 18 44
1
laYG null 557 5
2022 11 151 19 10
1
Ujqa EZRr 988 7
2022 11 151 20 28
1
VRMm OFGR 154 5
2022 11 151 21 54
1
AYIl null 15 0
2022 11 151 22 19
1
null NgZa 822 5
2022 11 151 23 9
1
DaYL XIXh 720 6
2022 11 152 0 19
1
null mkzV 804 6
2022 11 152 1 32
1
null ZJua 401 6
2022 11 152 2 9
1
null oUtJ 198 0
2022 11 152 2 22
1
jTKR null 308 4
2022 11 152 3 53
1
syHx ZfVn 107 7
2022 11 152 4 5
1
bVFR null 161 0
2022 11 152 5 53
1
pJnE Zfuv 411 7
2022 11 152 6 20
1
RCAL Cqou 515 1
2022 11 152 7 35
1
dVYi vXQa 14 2
2022 11 152 8 49
1
Qcer null 925 5
2022 11 152 9 3
1
bVFR iWTE 826 7
2022 11 152 10 42
1
ytoB null 569 4
2022 11 152 11 39
1
UUzF kfal 955 7
2022 11 152 11 55
1
VJMx null 316 8
2022 11 152 12 1
1
eTMZ null 751 8
2022 11 152 12 54
1
mwKS zKXb 317 4
2022 11 152 13 3
1
bMMu null 882 8
2022 11 152 13 17
1
null iebW 988 8
2022 11 152 13 46
1
QiJh Ndso 78 6
2022 11 152 14 38
1
DuLH ytoB 868 8
2022 11 152 15 39
1
null ICcQ 134 3
2022 11 152 16 28
1
jTKR lhWf 241 2
2022 11 152 17 13
1
null aMXW 678 7
2022 11 152 18 6
1
arMi null 889 2
2022 11 152 19 55
1
thij null 831 6
2022 11 152 20 27
1
dxNE FqVq 434 2
2022 11 152 21 53
1
null fkzn 693 0
2022 11 152 22 24
1
UDJX SSGi 246 2
2022 11 152 23 12
1
HSDL VijL 88 1
2022 11 153 0 28
1
eeSQ null 606 4
2022 11 153 1 46
1
pGSF Fhps 214 0
2022 11 153 2 56
1
JyJH udTn 635 8
2022 11 153 3 46
1
null TxcM 728 2
2022 11 153 4 14
1
ALtR vcCb 106 2
2022 11 153 5 58
1
null JxHM 625 0
2022 11 153 6 51
1
null kIUv 563 0
2022 11 153 7 0
1
null eQPK 867 7
2022 11 153 8 27
1
ZfVn null 232 3
2022 11 153 9 53
1
EdRo null 752 1
2022 11 153 10 57
1
AYIl cRFp 736 2
2022 11 153 11 36
1
null NgZa 613 8
2022 11 153 12 39
1
SbFQ FAOJ 461 1
2022 11 153 13 49
1
null DbSc 848 8
2022 11 153 14 2
1
qkEn null 907 0
2022 11 153 15 48
1
rdJO sjJs 581 4
2022 11 153 16 33
1
null tIeC 448 0
2022 11 153 17 30
1
ROkg null 129 3
2022 11 153 18 0
1
NdcE null 137 5
2022 11 153 19 7
1
OeAT QIHh 942 2
2022 11 153 20 21
1
qLHO YSEu 853 0
2022 11 153 20 37
1
null JyJH 88 2
2022 11 153 20 57
1
null jFba 463 3
2022 11 153 21 7
1
FNua null 126 2
2022 11 153 21 39
1
GTHs null 202 2
2022 11 153 22 45
1
ojaF null 102 0
2022 11 153 23 36
1
QAfD lyBd 227 4
2022 11 154 0 57
1
oiye qAqW 185 3
2022 11 154 1 10
1
iiDW tIeC 955 5
2022 11 154 2 28
1
null Ltpq 862 6
2022 11 154 3 8
1
yNcG rYvv 361 0
2022 11 154 4 17
1
Wcxd PVvn 114 2
2022 11 154 5 20
1
zqMB null 852 5
2022 11 154 6 11
1
null klgp 575 6
2022 11 154 7 36
1
null qqJa 878 6
2022 11 154 8 11
1
null NEuw 578 3
2022 11 154 9 10
1
kyKO aOBS 632 8
2022 11 154 10 42
1
FeAv null 682 5
2022 11 154 10 57
1
oayk null 625 0
2022 11 154 11 46
1
null MLSL 247 5
2022 11 154 12 26
1
null oPzT 614 3
2022 11 154 13 4
1
PUdc NDtd 403 2
2022 11 154 14 37
1
null NrHU 813 7
2022 11 154 15 31
1
kRkc rend 153 7
2022 11 154 16 59
1
XuBq AJJu 691 7
2022 11 154 17 14
1
null nIfO 580 2
2022 11 154 17 34
1
NvdP aEgp 939 7
2022 11 154 18 11
1
null lhrJ 960 0
2022 11 154 19 26
1
AIkG null 535 0
2022 11 154 20 15
1
JqaP null 869 7
2022 11 154 20 31
1
null VMdB 683 6
2022 11 154 21 53
1
null GAnC 226 4
2022 11 154 22 32
1
pzpe null 115 8
2022 11 154 23 23
1
zeYb HsUY 912 4
2022 11 155 0 50
1
anYB null 559 6
2022 11 155 1 54
1
scXa null 999 5
2022 11 155 2 43
1
RVXS null 746 7
2022 11 155 3 49
1
RVXS Zfuv 436 5
2022 11 155 4 3
1
null gvWP 626 2
2022 11 155 5 5
1
pwgI mEpV 340 5
2022 11 155 6 17
1
null rend 199 5
2022 11 155 7 31
1
BNEs iSie 700 1
2022 11 155 7 46
1
QTUS null 655 3
2022 11 155 8 26
1
null hUGc 531 3
2022 11 155 9 3
1
LBit sDnd 503 5
2022 11 155 10 18
1
LKvq qkEn 453 7
2022 11 155 11 37
1
jTKR YZhi 901 4
2022 11 155 12 57
1
KJNf null 145 3
2022 11 155 13 19
1
LHBM null 531 4
2022 11 155 14 6
1
null TADb 20 7
2022 11 155 15 25
1
null dsYG 383 5
2022 11 155 16 13
1
MAOG xrCL 709 5
2022 11 155 17 32
1
mwWI aYSJ 877 4
2022 11 155 18 43
1
WsRk null 29 4
2022 11 155 19 49
1
lEBk WabQ 997 4
2022 11 155 20 56
1
hcvo null 864 4
2022 11 155 21 45
1
fJjG tUCc 16 0
2022 11 155 22 22
1
null VgTa 248 4
2022 11 155 23 52
1
null FzUQ 806 3
2022 11 156 0 49
1
OMJg ZkFQ 223 6
2022 11 156 1 27
1
qnAO null 84 6
2022 11 156 2 42
1
null oMmF 357 2
2022 11 156 3 46
1
null fevo 543 2
2022 11 156 4 11
1
DrkO null 876 7
2022 11 156 4 53
1
VsjB mKku 574 1
2022 11 156 5 12
1
uGvf null 628 3
2022 11 156 6 35
1
KrfZ FERh 508 5
2022 11 156 7 0
1
jwBp null 408 7
2022 11 156 8 20
1
uuHo null 615 6
2022 11 156 9 20
1
jaml abfg 665 1
2022 11 156 10 16
1
null WavL 207 8
2022 11 156 11 25
1
jvwS GtIQ 731 4
2022 11 156 12 37
1
null Qcer 499 8
2022 11 156 13 37
1
hVvA null 598 3
2022 11 156 14 14
1
uGvf cBOT 129 6
2022 11 156 14 56
1
null gOKc 525 1
2022 11 156 15 44
1
null amDq 387 7
2022 11 156 16 39
1
null iWHV 846 8
2022 11 156 17 47
1
null cJAu 134 4
2022 11 156 18 19
1
Qkqq DcKE 669 4
2022 11 156 19 56
1
null XMdH 961 2
2022 11 156 20 44
1
zxAn SNSz 596 5
2022 11 156 21 24
1
BGSz gvTv 783 8
2022 11 156 22 24
1
DuLH CztU 992 4
2022 11 156 22 55
1
FCNn jwBp 818 3
2022 11 156 23 51
1
eNDP null 98 6
2022 11 157 0 13
1
cNGV null 372 6
2022 11 157 1 11
1
qEPw null 379 2
2022 11 157 2 24
1
TqDl uZIO 536 1
2022 11 157 2 38
1
Eezu STcO 908 0
2022 11 157 3 19
1
behI null 574 5
2022 11 157 4 30
1
CKfU zqMB 118 1
2022 11 157 5 2
1
null PWvo 489 0
2022 11 157 5 42
1
sizx kdKk 843 7
2022 11 157 6 45
1
null TDAE 622 6
2022 11 157 7 20
1
abfg fpAu 918 4
2022 11 157 8 19
1
oUtJ LqZY 557 6
2022 11 157 9 15
1
zAyC null 222 6
2022 11 157 9 30
1
XDuf null 507 7
2022 11 157 10 14
1
null nXxk 756 3
2022 11 157 10 39
1
null tKTC 533 8
2022 11 157 11 41
1
null GYVy 318 5
2022 11 157 12 48
1
FWEE VwgV 604 6
2022 11 157 13 52
1
OwYI null 73 7
2022 11 157 14 9
1
null FqVq 941 3
2022 11 157 15 58
1
NSSB AdfW 715 7
2022 11 157 16 18
1
GufN IuhD 228 7
2022 11 157 17 8
1
zjuO null 109 3
2022 11 157 17 37
1
LTfr Lavy 462 7
2022 11 157 18 13
1
null BGSz 34 4
2022 11 157 19 8
1
null rYvv 775 1
2022 11 157 20 15
1
null MooO 439 6
2022 11 157 21 29
1
STcO ghtj 174 4
2022 11 157 22 3
1
null tfbH 295 1
2022 11 157 23 3
1
HSpq null 97 8
2022 11 158 0 49
1
AJtN null 638 7
2022 11 158 1 46
1
dLRG null 838 6
2022 11 158 2 44
1
DAKO UEeY 183 2
2022 11 158 3 35
1
AxPb null 227 5
2022 11 158 4 6
1
kIUv yHdE 547 3
2022 11 158 4 17
1
zvIf PTtY 78 4
2022 11 158 5 15
1
ojaF ALtR 69 4
2022 11 158 5 43
1
mziw UCkH 1000 8
2022 11 158 6 40
1
htAT RYqL 261 7
2022 11 158 7 33
1
YOtF null 317 6
2022 11 158 8 57
1
mCzS null 676 0
2022 11 158 9 56
1
null tqCi 667 1
2022 11 158 10 42
1
SPLd AnpZ 43 3
2022 11 158 11 23
1
null tqKi 763 0
2022 11 158 12 25
1
EULR KGbY 621 7
2022 11 158 13 20
1
GufN null 629 4
2022 11 158 14 53
1
zAyC null 585 0
2022 11 158 15 49
1
WgVR null 594 8
2022 11 158 16 42
1
Yzes null 870 5
2022 11 158 17 59
1
OCiI null 803 7
2022 11 158 18 23
1
null Anbn 844 7
2022 11 158 19 19
1
UJaw NDtd 792 5
2022 11 158 20 31
1
YbcD null 639 0
2022 11 158 21 52
1
null yHdE 856 7
2022 11 158 22 13
1
null iebW 940 7
2022 11 158 23 26
1
gdSB null 749 2
2022 11 159 0 3
1
null hLfS 481 0
2022 11 159 1 57
1
uXVd null 118 0
2022 11 159 2 13
1
dTbP Wxjj 581 0
2022 11 159 3 28
1
vgLC null 87 2
2022 11 159 4 44
1
null RIKq 703 7
2022 11 159 5 6
1
null qLHO 516 6
2022 11 159 6 52
1
aYSJ Hylc 940 3
2022 11 159 7 0
1
thYl null 42 8
2022 11 159 8 18
1
null MixR 189 5
2022 11 159 9 20
1
SgGd null 339 0
2022 11 159 10 57
1
ysqK cOes 937 2
2022 11 159 11 56
1
snSq oJOV 50 6
2022 11 159 12 30
1
fpAu null 758 5
2022 11 159 13 23
1
TxAm null 949 6
2022 11 159 14 7
1
null jQQZ 774 6
2022 11 159 15 56
1
Fpkj null 454 0
2022 11 159 16 14
1
null GmDf 862 0
2022 11 159 17 30
1
fRFS null 413 0
2022 11 159 18 17
1
null YSEu 30 8
2022 11 159 19 14
1
KFvm eXag 560 0
2022 11 159 19 24
1
null KmmX 368 0
2022 11 159 20 41
1
AeCy null 896 1
2022 11 159 21 14
1
null OlZY 681 5
2022 11 159 21 39
1
null Gmfx 744 2
2022 11 159 22 20
1
kIzw null 506 0
2022 11 159 23 38
1
ZsDB null 958 7
2022 11 160 0 32
1
null iUVX 996 0
2022 11 160 1 39
1
NrHU JovB 672 7
2022 11 160 2 32
1
HjJQ fRFS 466 2
2022 11 160 2 56
1
null eKRp 371 0
2022 11 160 3 11
1
qHWq WhWh 697 3
2022 11 160 4 14
1
null EDAG 621 5
2022 11 160 4 57
1
null iwcc 322 3
2022 11 160 5 17
1
null ilOv 867 7
2022 11 160 6 59
1
null VwCU 553 2
2022 11 160 7 47
1
null ClMG 197 0
2022 11 160 8 7
1
coLr null 62 8
2022 11 160 9 42
1
Qcer null 136 4
2022 11 160 10 33
1
null vrBi 656 3
2022 11 160 11 30
1
null BNik 430 3
2022 11 160 12 46
1
hkbl null 694 4
2022 11 160 13 26
1
JSSy HchA 279 6
2022 11 160 14 28
1
nLye OoXD 45 0
2022 11 160 15 11
1
VQGw AJtN 976 7
2022 11 160 15 58
1
OieJ rQyQ 325 3
2022 11 160 16 37
1
null gWmi 964 3
2022 11 160 17 28
1
LOek JqKd 112 4
2022 11 160 18 47
1
GjRo null 266 0
2022 11 160 19 47
1
dDZQ null 775 3
2022 11 160 20 57
1
ampT null 286 4
2022 11 160 21 6
1
null JKOE 156 6
2022 11 160 22 37
1
null mfcz 87 1
2022 11 160 23 26
1
CFlX kOTC 331 6
2022 11 161 0 28
1
aLdB null 532 4
2022 11 161 1 9
1
ClMG rmra 922 3
2022 11 161 2 22
1
bVFR wUQn 718 8
2022 11 161 3 54
1
CSQG null 629 3
2022 11 161 4 59
1
dPjr eeIT 372 5
2022 11 161 5 22
1
null zqMB 984 8
2022 11 161 6 39
1
FPqM Ploq 517 4
2022 11 161 6 57
1
nxVB YGdw 288 8
2022 11 161 7 52
1
null Cqou 355 6
2022 11 161 8 37
1
MYke pIXl 876 7
2022 11 161 9 19
1
iJAI sizx 771 4
2022 11 161 10 44
1
NxSN fTdb 613 4
2022 11 161 11 30
1
CCex null 993 7
2022 11 161 12 23
1
QXqL null 184 8
2022 11 161 13 33
1
null AVqF 416 5
2022 11 161 13 51
1
null gOQm 682 4
2022 11 161 14 49
1
DrkO null 758 8
2022 11 161 15 25
1
Yzes Jspn 924 2
2022 11 161 16 43
1
null Blqm 533 7
2022 11 161 17 28
1
UaUV null 577 8
2022 11 161 18 29
1
nsAi hJCO 715 0
2022 11 161 19 38
1
lxPP ykFr 79 6
2022 11 161 20 30
1
uXVd null 525 8
2022 11 161 21 14
1
NjzO xYln 896 6
2022 11 161 22 13
1
null JsSV 44 8
2022 11 161 23 16
1
PLcb null 348 6
2022 11 162 0 23
1
HjJQ null 164 1
2022 11 162 1 24
1
null NvdP 26 7
2022 11 162 1 34
1
null CztU 437 1
2022 11 162 2 22
1
MwVZ ofbW 770 3
2022 11 162 3 17
1
YUtR XDuf 913 8
2022 11 162 4 9
1
DuLH null 657 7
2022 11 162 5 28
1
eeSQ null 639 5
2022 11 162 5 45
1
rYvv null 109 1
2022 11 162 6 40
1
MixR bQGb 619 4
2022 11 162 7 35
1
WjqC null 246 7
2022 11 162 8 48
1
XEdE xVvW 244 5
2022 11 162 9 12
1
jErQ null 552 1
2022 11 162 10 23
1
null YoUi 753 2
2022 11 162 11 19
1
null jezo 979 0
2022 11 162 12 33
1
ampT DscZ 312 3
2022 11 162 13 30
1
CAll null 506 4
2022 11 162 14 5
1
lFdm null 172 4
2022 11 162 15 6
1
null Xwio 27 2
2022 11 162 16 22
1
YYoa fYOt 802 2
2022 11 162 16 55
1
KAmO null 269 3
2022 11 162 17 24
1
ZxuE Cyts 252 6
2022 11 162 18 47
1
Ugep null 860 3
2022 11 162 19 30
1
MMJU null 987 0
2022 11 162 20 51
1
null SoPI 160 0
2022 11 162 21 26
1
JKOE FAOJ 238 6
2022 11 162 22 32
1
IKdx null 166 4
2022 11 162 23 8
1
yRZd VsjB 102 3
2022 11 163 0 39
1
rYEy QrsS 625 7
2022 11 163 1 20
1
null UDJX 883 1
2022 11 163 2 37
1
oBnZ KrfZ 749 8
2022 11 163 3 52
1
null omhb 844 6
2022 11 163 4 47
1
kUHS FURR 242 7
2022 11 163 5 52
1
null VgTa 287 1
2022 11 163 6 40
1
null RIKq 551 6
2022 11 163 6 55
1
ZCnd null 786 1
2022 11 163 7 55
1
rxmp FURR 101 1
2022 11 163 8 9
1
tqON NjzO 825 7
2022 11 163 8 45
1
null WPbl 944 2
2022 11 163 9 2
1
AnpZ null 412 8
2022 11 163 10 28
1
tZlB null 173 7
2022 11 163 11 37
1
DCFo uZIO 129 0
2022 11 163 12 4
1
cxZn null 565 7
2022 11 163 13 11
1
null FCNn 37 5
2022 11 163 14 45
1
BUEx mwKS 713 5
2022 11 163 15 28
1
CKfU Sico 623 3
2022 11 163 16 45
1
null fkzn 817 0
2022 11 163 17 43
1
null HJLE 410 8
2022 11 163 18 1
1
null anYB 108 2
2022 11 163 19 57
1
Qidm DuLH 120 6
2022 11 163 20 32
1
AELU WUkj 544 3
2022 11 163 21 9
1
vIlE null 144 1
2022 11 163 22 13
1
LRYH ajFl 186 7
2022 11 163 22 39
1
FyyU PAeG 519 3
2022 11 163 23 44
1
PQlo TqDl 22 6
2022 11 164 0 57
1
hLfS AxPb 260 6
2022 11 164 1 56
1
brzr HjJQ 762 1
2022 11 164 2 35
1
null WAVu 793 8
2022 11 164 3 41
1
BpnO null 679 1
2022 11 164 4 10
1
SPLd ZidY 604 3
2022 11 164 5 59
1
dhKD null 501 7
2022 11 164 6 40
1
cMqc cMqc 762 1
2022 11 164 7 10
1
MixR null 719 4
2022 11 164 8 27
1
JsSV null 443 5
2022 11 164 9 34
1
null YIXz 108 5
2022 11 164 10 56
1
null rAiD 770 4
2022 11 164 11 6
1
vHYI MicG 60 1
2022 11 164 12 7
1
null KJNf 750 6
2022 11 164 13 13
1
QNyb null 694 2
2022 11 164 14 16
1
null upQt 53 4
2022 11 164 14 33
1
QWeQ null 785 7
2022 11 164 15 43
1
HVyb UIiK 408 3
2022 11 164 16 14
1
FkBR tqON 99 8
2022 11 164 17 27
1
null gKOl 756 6
2022 11 164 18 9
1
vETM null 325 4
2022 11 164 19 15
1
bIlu null 534 1
2022 11 164 19 28
1
yRZd Qidm 93 0
2022 11 164 20 15
1
NQDd cMqc 838 0
2022 11 164 21 13
1
kdKk null 303 7
2022 11 164 22 56
1
null Bbok 566 7
2022 11 164 23 16
1
vETM null 489 1
2022 11 165 0 53
1
MCiq null 83 8
2022 11 165 1 55
1
bIlu zKXb 816 6
2022 11 165 2 15
1
amDq null 732 6
2022 11 165 2 30
1
huOd jrdO 587 5
2022 11 165 3 10
1
anYB JDgc 21 6
2022 11 165 4 26
1
domT null 31 4
2022 11 165 5 55
1
null LTVK 301 7
2022 11 165 6 39
1
Joxf null 668 1
2022 11 165 7 51
1
upQt null 50 6
2022 11 165 8 48
1
soJb null 333 0
2022 11 165 9 48
1
YqJZ null 989 8
2022 11 165 10 44
1
null clvG 339 7
2022 11 165 11 29
1
qNEq null 423 3
2022 11 165 12 49
1
null aFpk 460 0
2022 11 165 13 21
1
null oeYL 648 2
2022 11 165 14 10
1
null saJt 89 5
2022 11 165 14 27
1
AORH jzET 562 7
2022 11 165 15 19
1
nfZf itIA 382 2
2022 11 165 16 29
1
null CUxL 737 6
2022 11 165 17 17
1
null oJOV 202 6
2022 11 165 18 34
1
dyLx AdZN 868 7
2022 11 165 19 34
1
HVyb edcp 354 6
2022 11 165 20 40
1
Wkbr null 479 6
2022 11 165 21 15
1
null XgFo 755 0
2022 11 165 21 37
1
null FNua 392 4
2022 11 165 22 54
1
TxAm null 527 7
2022 11 165 23 44
1
WZLG null 416 6
2022 11 166 0 24
1
null OeAT 537 0
2022 11 166 1 19
1
null aBrX 510 3
2022 11 166 2 53
1
null krxw 846 4
2022 11 166 3 41
1
pwgI null 305 2
2022 11 166 4 26
1
null wKLQ 544 7
2022 11 166 5 21
1
WZLG VyAI 654 0
2022 11 166 6 57
1
PdYI DuLH 356 4
2022 11 166 7 4
1
SFxF vETM 47 0
2022 11 166 8 26
1
dyLx HchA 91 4
2022 11 166 9 26
1
bYFW pzrJ 714 2
2022 11 166 10 4
1
AkMk null 497 1
2022 11 166 11 31
1
bKUU null 438 1
2022 11 166 12 59
1
null mziw 907 3
2022 11 166 13 33
1
eeSQ null 534 4
2022 11 166 14 16
1
RkXz ngNr 186 6
2022 11 166 15 34
1
rxmp null 860 0
2022 11 166 16 37
1
null xTFS 242 5
2022 11 166 17 13
1
QhTp null 535 5
2022 11 166 17 34
1
null flOh 114 0
2022 11 166 18 45
1
WsRk null 867 4
2022 11 166 19 52
1
null xYln 337 0
2022 11 166 20 2
1
jxAV eeSq 890 1
2022 11 166 21 21
1
null hOUZ 920 3
2022 11 166 22 34
1
krxw null 68 3
2022 11 166 23 39
1
GufN null 79 2
2022 11 167 0 34
1
Coui ipWZ 61 2
2022 11 167 1 44
1
Nvti DtJO 630 7
2022 11 167 2 59
1
vcCb YdIE 275 7
2022 11 167 3 49
1
RnjN pzpe 373 5
2022 11 167 4 49
1
eGBG null 880 6
2022 11 167 5 7
1
aNAU null 829 1
2022 11 167 6 33
6
2022 11 101 11 53 0
6
2022 11 51 16 5 1
6
2022 11 20 18 57 2
6
2022 11 115 16 42 3
6
2022 11 124 12 20 4
6
2022 11 161 6 24 5
6
2022 11 154 11 6 6
6
2022 11 65 12 36 7
6
2022 11 86 7 44 8
6
2022 11 38 14 57 9
